Component: Arm Compiler for Embedded 6.21 Tool: armlink [5ec1fa00]

==============================================================================

Section Cross References

    startup_stm32f303xc.o(STACK) refers (Special) to heapauxi.o(.text) for __use_two_region_memory
    startup_stm32f303xc.o(HEAP) refers (Special) to heapauxi.o(.text) for __use_two_region_memory
    startup_stm32f303xc.o(RESET) refers (Special) to heapauxi.o(.text) for __use_two_region_memory
    startup_stm32f303xc.o(RESET) refers to startup_stm32f303xc.o(STACK) for __initial_sp
    startup_stm32f303xc.o(RESET) refers to startup_stm32f303xc.o(.text) for Reset_Handler
    startup_stm32f303xc.o(RESET) refers to stm32f3xx_it.o(.text.NMI_Handler) for NMI_Handler
    startup_stm32f303xc.o(RESET) refers to stm32f3xx_it.o(.text.HardFault_Handler) for HardFault_Handler
    startup_stm32f303xc.o(RESET) refers to stm32f3xx_it.o(.text.MemManage_Handler) for MemManage_Handler
    startup_stm32f303xc.o(RESET) refers to stm32f3xx_it.o(.text.BusFault_Handler) for BusFault_Handler
    startup_stm32f303xc.o(RESET) refers to stm32f3xx_it.o(.text.UsageFault_Handler) for UsageFault_Handler
    startup_stm32f303xc.o(RESET) refers to port.o(.text.SVC_Handler) for SVC_Handler
    startup_stm32f303xc.o(RESET) refers to stm32f3xx_it.o(.text.DebugMon_Handler) for DebugMon_Handler
    startup_stm32f303xc.o(RESET) refers to port.o(.text.PendSV_Handler) for PendSV_Handler
    startup_stm32f303xc.o(RESET) refers to port.o(.text.SysTick_Handler) for SysTick_Handler
    startup_stm32f303xc.o(RESET) refers to stm32f3xx_it.o(.text.DMA1_Channel3_IRQHandler) for DMA1_Channel3_IRQHandler
    startup_stm32f303xc.o(RESET) refers to stm32f3xx_it.o(.text.DMA1_Channel5_IRQHandler) for DMA1_Channel5_IRQHandler
    startup_stm32f303xc.o(RESET) refers to stm32f3xx_it.o(.text.TIM1_UP_TIM16_IRQHandler) for TIM1_UP_TIM16_IRQHandler
    startup_stm32f303xc.o(RESET) refers to stm32f3xx_it.o(.text.SPI1_IRQHandler) for SPI1_IRQHandler
    startup_stm32f303xc.o(RESET) refers to stm32f3xx_it.o(.text.USART1_IRQHandler) for USART1_IRQHandler
    startup_stm32f303xc.o(RESET) refers to stm32f3xx_it.o(.text.USART2_IRQHandler) for USART2_IRQHandler
    startup_stm32f303xc.o(RESET) refers to stm32f3xx_it.o(.text.USART3_IRQHandler) for USART3_IRQHandler
    startup_stm32f303xc.o(.text) refers (Special) to heapauxi.o(.text) for __use_two_region_memory
    startup_stm32f303xc.o(.text) refers to system_stm32f3xx.o(.text.SystemInit) for SystemInit
    startup_stm32f303xc.o(.text) refers to __main.o(!!!main) for __main
    startup_stm32f303xc.o(.text) refers to startup_stm32f303xc.o(HEAP) for Heap_Mem
    startup_stm32f303xc.o(.text) refers to startup_stm32f303xc.o(STACK) for Stack_Mem
    blynk_task.o(.text.CreateBlynkTask) refers to cmsis_os.o(.text.osThreadCreate) for osThreadCreate
    blynk_task.o(.text.CreateBlynkTask) refers to blynk_task.o(.rodata.str1.1) for [Anonymous Symbol]
    blynk_task.o(.text.CreateBlynkTask) refers to blynk_task.o(.text.Blynk_Task) for Blynk_Task
    blynk_task.o(.ARM.exidx.text.CreateBlynkTask) refers to blynk_task.o(.text.CreateBlynkTask) for [Anonymous Symbol]
    blynk_task.o(.text.Blynk_Task) refers to stm32f3xx_hal_gpio.o(.text.HAL_GPIO_TogglePin) for HAL_GPIO_TogglePin
    blynk_task.o(.text.Blynk_Task) refers to cmsis_os.o(.text.osDelay) for osDelay
    blynk_task.o(.ARM.exidx.text.Blynk_Task) refers to blynk_task.o(.text.Blynk_Task) for [Anonymous Symbol]
    uart_task.o(.text.CreateUARTTask) refers to cmsis_os.o(.text.osThreadCreate) for osThreadCreate
    uart_task.o(.text.CreateUARTTask) refers to main.o(.bss.huart1) for huart1
    uart_task.o(.text.CreateUARTTask) refers to stm32f3xx_hal_uart.o(.text.HAL_UART_Transmit) for HAL_UART_Transmit
    uart_task.o(.text.CreateUARTTask) refers to uart_task.o(.rodata.str1.1) for [Anonymous Symbol]
    uart_task.o(.text.CreateUARTTask) refers to uart_task.o(.text.UART_Task) for UART_Task
    uart_task.o(.ARM.exidx.text.CreateUARTTask) refers to uart_task.o(.text.CreateUARTTask) for [Anonymous Symbol]
    uart_task.o(.text.UART_Task) refers to main.o(.bss.huart1) for huart1
    uart_task.o(.text.UART_Task) refers to stm32f3xx_hal_uart.o(.text.HAL_UART_Receive_DMA) for HAL_UART_Receive_DMA
    uart_task.o(.text.UART_Task) refers to stm32f3xx_hal_uart.o(.text.HAL_UART_DMAStop) for HAL_UART_DMAStop
    uart_task.o(.text.UART_Task) refers to cmsis_os.o(.text.osDelay) for osDelay
    uart_task.o(.text.UART_Task) refers to cmsis_os.o(.text.osKernelSysTick) for osKernelSysTick
    uart_task.o(.text.UART_Task) refers to rt_memclr.o(.text) for __aeabi_memclr
    uart_task.o(.text.UART_Task) refers to stm32f3xx_hal_uart.o(.text.HAL_UART_Transmit) for HAL_UART_Transmit
    uart_task.o(.ARM.exidx.text.UART_Task) refers to uart_task.o(.text.UART_Task) for [Anonymous Symbol]
    uart_task.o(.text.Check_Have_Data) refers to cmsis_os.o(.text.osKernelSysTick) for osKernelSysTick
[...]
    [Anonymous Symbol]                       0x080035cc   Section        0  stm32f3xx_hal_uart.o(.text.HAL_UART_Transmit)
    [Anonymous Symbol]                       0x0800375c   Section        0  stm32f3xx_hal_uart.o(.text.HAL_UART_TxCpltCallback)
    [Anonymous Symbol]                       0x08003760   Section        0  stm32f3xx_it.o(.text.HardFault_Handler)
    [Anonymous Symbol]                       0x08003764   Section        0  stm32f3xx_it.o(.text.MemManage_Handler)
    [Anonymous Symbol]                       0x08003768   Section        0  moduleec600.o(.text.Module_EC600_Task)
    [Anonymous Symbol]                       0x080037bc   Section        0  stm32f3xx_it.o(.text.NMI_Handler)
    [Anonymous Symbol]                       0x080037c0   Section        0  port.o(.text.PendSV_Handler)
    [Anonymous Symbol]                       0x08003820   Section        0  flash_task.o(.text.Read_Data)
    [Anonymous Symbol]                       0x080038fc   Section        0  flash_task.o(.text.Read_JEDEC_ID)
    [Anonymous Symbol]                       0x080039d0   Section        0  stm32f3xx_it.o(.text.SPI1_IRQHandler)
    SPI_DMAAbortOnError                      0x080039dd   Thumb Code    14  stm32f3xx_hal_spi.o(.text.SPI_DMAAbortOnError)
    [Anonymous Symbol]                       0x080039dc   Section        0  stm32f3xx_hal_spi.o(.text.SPI_DMAAbortOnError)
    SPI_WaitFifoStateUntilTimeout            0x080039ed   Thumb Code   382  stm32f3xx_hal_spi.o(.text.SPI_WaitFifoStateUntilTimeout)
    [Anonymous Symbol]                       0x080039ec   Section        0  stm32f3xx_hal_spi.o(.text.SPI_WaitFifoStateUntilTimeout)
    SPI_WaitFlagStateUntilTimeout            0x08003b6d   Thumb Code   206  stm32f3xx_hal_spi.o(.text.SPI_WaitFlagStateUntilTimeout)
    [Anonymous Symbol]                       0x08003b6c   Section        0  stm32f3xx_hal_spi.o(.text.SPI_WaitFlagStateUntilTimeout)
    [Anonymous Symbol]                       0x08003c3c   Section        0  port.o(.text.SVC_Handler)
    [Anonymous Symbol]                       0x08003c5c   Section        0  moduleec600.o(.text.Send_AT)
    [Anonymous Symbol]                       0x08003ccc   Section        0  main.o(.text.StartDefaultTask)
    [Anonymous Symbol]                       0x08003d08   Section        0  port.o(.text.SysTick_Handler)
    [Anonymous Symbol]                       0x08003d38   Section        0  system_stm32f3xx.o(.text.SystemInit)
    [Anonymous Symbol]                       0x08003d4c   Section        0  stm32f3xx_it.o(.text.TIM1_UP_TIM16_IRQHandler)
    [Anonymous Symbol]                       0x08003d58   Section        0  stm32f3xx_hal_tim.o(.text.TIM_Base_SetConfig)
    [Anonymous Symbol]                       0x08003e7c   Section        0  stm32f3xx_hal_uart.o(.text.UART_AdvFeatureConfig)
    [Anonymous Symbol]                       0x08003f68   Section        0  stm32f3xx_hal_uart.o(.text.UART_CheckIdleState)
    UART_DMAAbortOnError                     0x080040d1   Thumb Code    16  stm32f3xx_hal_uart.o(.text.UART_DMAAbortOnError)
    [Anonymous Symbol]                       0x080040d0   Section        0  stm32f3xx_hal_uart.o(.text.UART_DMAAbortOnError)
    UART_DMAError                            0x080040e1   Thumb Code   386  stm32f3xx_hal_uart.o(.text.UART_DMAError)
    [Anonymous Symbol]                       0x080040e0   Section        0  stm32f3xx_hal_uart.o(.text.UART_DMAError)
    UART_DMAReceiveCplt                      0x08004265   Thumb Code   352  stm32f3xx_hal_uart.o(.text.UART_DMAReceiveCplt)
    [Anonymous Symbol]                       0x08004264   Section        0  stm32f3xx_hal_uart.o(.text.UART_DMAReceiveCplt)
    UART_DMARxHalfCplt                       0x080043c5   Thumb Code    26  stm32f3xx_hal_uart.o(.text.UART_DMARxHalfCplt)
    [Anonymous Symbol]                       0x080043c4   Section        0  stm32f3xx_hal_uart.o(.text.UART_DMARxHalfCplt)
    UART_RxISR_16BIT                         0x080043e1   Thumb Code   414  stm32f3xx_hal_uart.o(.text.UART_RxISR_16BIT)
    [Anonymous Symbol]                       0x080043e0   Section        0  stm32f3xx_hal_uart.o(.text.UART_RxISR_16BIT)
    UART_RxISR_8BIT                          0x08004581   Thumb Code   418  stm32f3xx_hal_uart.o(.text.UART_RxISR_8BIT)
    [Anonymous Symbol]                       0x08004580   Section        0  stm32f3xx_hal_uart.o(.text.UART_RxISR_8BIT)
    [Anonymous Symbol]                       0x08004724   Section        0  stm32f3xx_hal_uart.o(.text.UART_SetConfig)
    [Anonymous Symbol]                       0x080048e8   Section        0  uart_task.o(.text.UART_Task)
    [Anonymous Symbol]                       0x08004cc8   Section        0  stm32f3xx_hal_uart.o(.text.UART_WaitOnFlagUntilTimeout)
    [Anonymous Symbol]                       0x08005008   Section        0  stm32f3xx_it.o(.text.USART1_IRQHandler)
    [Anonymous Symbol]                       0x08005014   Section        0  stm32f3xx_it.o(.text.USART2_IRQHandler)
    [Anonymous Symbol]                       0x08005020   Section        0  stm32f3xx_it.o(.text.USART3_IRQHandler)
    [Anonymous Symbol]                       0x0800502c   Section        0  stm32f3xx_it.o(.text.UsageFault_Handler)
    [Anonymous Symbol]                       0x08005030   Section        0  w25q128.o(.text.W25_Busy)
    [Anonymous Symbol]                       0x080050b0   Section        0  w25q128.o(.text.W25_PageProgram)
    [Anonymous Symbol]                       0x08005214   Section        0  w25q128.o(.text.W25_ReadData)
    [Anonymous Symbol]                       0x0800528c   Section        0  w25q128.o(.text.W25_ReadJedecID)
    [Anonymous Symbol]                       0x080052f4   Section        0  w25q128.o(.text.W25_SectorErase)
    [Anonymous Symbol]                       0x08005394   Section        0  main.o(.text.main)
    [Anonymous Symbol]                       0x08005634   Section        0  cmsis_os.o(.text.osDelay)
    [Anonymous Symbol]                       0x08005648   Section        0  cmsis_os.o(.text.osKernelStart)
    [Anonymous Symbol]                       0x08005654   Section        0  cmsis_os.o(.text.osKernelSysTick)
    [Anonymous Symbol]                       0x0800566c   Section        0  cmsis_os.o(.text.osThreadCreate)
    prvAddNewTaskToReadyList                 0x080056c9   Thumb Code   252  tasks.o(.text.prvAddNewTaskToReadyList)
    [Anonymous Symbol]                       0x080056c8   Section        0  tasks.o(.text.prvAddNewTaskToReadyList)
    prvIdleTask                              0x080057c5   Thumb Code   134  tasks.o(.text.prvIdleTask)
    [Anonymous Symbol]                       0x080057c4   Section        0  tasks.o(.text.prvIdleTask)
    prvInitialiseNewTask                     0x0800584d   Thumb Code   266  tasks.o(.text.prvInitialiseNewTask)
    [Anonymous Symbol]                       0x0800584c   Section        0  tasks.o(.text.prvInitialiseNewTask)
    prvPortStartFirstTask                    0x08005959   Thumb Code    40  port.o(.text.prvPortStartFirstTask)
    [Anonymous Symbol]                       0x08005958   Section        0  port.o(.text.prvPortStartFirstTask)
    prvTaskExitError                         0x08005981   Thumb Code    62  port.o(.text.prvTaskExitError)
    [Anonymous Symbol]                       0x08005980   Section        0  port.o(.text.prvTaskExitError)
    [Anonymous Symbol]                       0x080059c0   Section        0  heap_4.o(.text.pvPortMalloc)
    [Anonymous Symbol]                       0x08005bb0   Section        0  port.o(.text.pxPortInitialiseStack)
    [Anonymous Symbol]                       0x08005bd4   Section        0  list.o(.text.uxListRemove)
    [Anonymous Symbol]                       0x08005bf8   Section        0  freertos.o(.text.vApplicationGetIdleTaskMemory)
    [Anonymous Symbol]                       0x08005c14   Section        0  list.o(.text.vListInitialise)
    [Anonymous Symbol]                       0x08005c2c   Section        0  list.o(.text.vListInitialiseItem)
    [Anonymous Symbol]                       0x08005c34   Section        0  list.o(.text.vListInsert)
    [Anonymous Symbol]                       0x08005c9c   Section        0  list.o(.text.vListInsertEnd)
    vPortEnableVFP                           0x08005cb9   Thumb Code    20  port.o(.text.vPortEnableVFP)
    [Anonymous Symbol]                       0x08005cb8   Section        0  port.o(.text.vPortEnableVFP)
    [Anonymous Symbol]                       0x08005ccc   Section        0  port.o(.text.vPortEnterCritical)
    [Anonymous Symbol]                       0x08005d14   Section        0  port.o(.text.vPortExitCritical)
    [Anonymous Symbol]                       0x08005d44   Section        0  heap_4.o(.text.vPortFree)
    [Anonymous Symbol]                       0x08005e14   Section        0  port.o(.text.vPortSetupTimerInterrupt)
    [Anonymous Symbol]                       0x08005e48   Section        0  tasks.o(.text.vTaskDelay)
    [Anonymous Symbol]                       0x08005ee0   Section        0  tasks.o(.text.vTaskStartScheduler)
    [Anonymous Symbol]                       0x08005fa8   Section        0  tasks.o(.text.vTaskSuspendAll)
    [Anonymous Symbol]                       0x08005fb8   Section        0  tasks.o(.text.vTaskSwitchContext)
    [Anonymous Symbol]                       0x08006028   Section        0  port.o(.text.xPortStartScheduler)
    [Anonymous Symbol]                       0x080061e4   Section        0  tasks.o(.text.xTaskCreate)
    [Anonymous Symbol]                       0x08006244   Section        0  tasks.o(.text.xTaskCreateStatic)
    [Anonymous Symbol]                       0x080062b8   Section        0  tasks.o(.text.xTaskGetTickCount)
    [Anonymous Symbol]                       0x080062d0   Section        0  tasks.o(.text.xTaskGetTickCountFromISR)
    [Anonymous Symbol]                       0x080062f4   Section        0  tasks.o(.text.xTaskIncrementTick)
    [Anonymous Symbol]                       0x08006400   Section        0  tasks.o(.text.xTaskResumeAll)
    i._is_digit                              0x080064ea   Section        0  __printf_wp.o(i._is_digit)
    $v0                                      0x080064f8   Number         0  fpinit.o(x$fpl$fpinit)
    x$fpl$fpinit                             0x080064f8   Section       26  fpinit.o(x$fpl$fpinit)
    uc_hextab                                0x08006512   Data          20  _printf_hex_int.o(.constdata)
    .constdata                               0x08006512   Section       40  _printf_hex_int.o(.constdata)
    lc_hextab                                0x08006526   Data          20  _printf_hex_int.o(.constdata)
    maptable                                 0x0800653a   Data          17  __printf_flags_wp.o(.constdata)
    .constdata                               0x0800653a   Section       17  __printf_flags_wp.o(.constdata)
    .L__unnamed_1                            0x0800654c   Data          20  flash_task.o(.rodata..L__unnamed_1)
    .L__unnamed_2                            0x08006560   Data          20  flash_task.o(.rodata..L__unnamed_2)
    aPLLMULFactorTable                       0x0800658c   Data          16  stm32f3xx_hal_rcc.o(.rodata.cst16)
    [Anonymous Symbol]                       0x0800658c   Section        0  stm32f3xx_hal_rcc.o(.rodata.cst16)
    aPredivFactorTable                       0x0800659c   Data          16  stm32f3xx_hal_rcc.o(.rodata.cst16)
    .Lswitch.table.UART_SetConfig.4          0x080065ac   Data          16  stm32f3xx_hal_uart.o(.rodata.cst16)
    [Anonymous Symbol]                       0x080065bc   Section        0  blynk_task.o(.rodata.str1.1)
    [Anonymous Symbol]                       0x080065c2   Section        0  uart_task.o(.rodata.str1.1)
    .L.str.3                                 0x080065c7   Data           6  flash_task.o(.rodata.str1.1)
    [Anonymous Symbol]                       0x080065c7   Section        0  flash_task.o(.rodata.str1.1)
    [Anonymous Symbol]                       0x080065d3   Section        0  gps_gnss.o(.rodata.str1.1)
    [Anonymous Symbol]                       0x080065d7   Section        0  moduleec600.o(.rodata.str1.1)
    .L.str.1                                 0x080065dd   Data           4  moduleec600.o(.rodata.str1.1)
    [Anonymous Symbol]                       0x080065e1   Section        0  main.o(.rodata.str1.1)
    .L_MergedGlobals                         0x20000000   Data           8  stm32f3xx_hal.o(.data..L_MergedGlobals)
    [Anonymous Symbol]                       0x20000000   Section        0  stm32f3xx_hal.o(.data..L_MergedGlobals)
    uxCriticalNesting                        0x2000000c   Data           4  port.o(.data.uxCriticalNesting)
    [Anonymous Symbol]                       0x2000000c   Section        0  port.o(.data.uxCriticalNesting)
    .bss                                     0x20000010   Section       96  libspace.o(.bss)
    .L_MergedGlobals                         0x20000070   Data          58  gps_gnss.o(.bss..L_MergedGlobals)
    gps_data_ptr                             0x20000070   Data           4  gps_gnss.o(.bss..L_MergedGlobals)
    [Anonymous Symbol]                       0x20000070   Section        0  gps_gnss.o(.bss..L_MergedGlobals)
    CreateGPSTask.gps_data                   0x20000074   Data          54  gps_gnss.o(.bss..L_MergedGlobals)
    .L_MergedGlobals                         0x200000ac   Data         104  main.o(.bss..L_MergedGlobals)
    [Anonymous Symbol]                       0x200000ac   Section        0  main.o(.bss..L_MergedGlobals)
    .L_MergedGlobals                         0x20000114   Data         116  tasks.o(.bss..L_MergedGlobals)
    xNextTaskUnblockTime                     0x20000114   Data           2  tasks.o(.bss..L_MergedGlobals)
    [Anonymous Symbol]                       0x20000114   Section        0  tasks.o(.bss..L_MergedGlobals)
    xTickCount                               0x20000116   Data           2  tasks.o(.bss..L_MergedGlobals)
    uxTopReadyPriority                       0x2000011c   Data           4  tasks.o(.bss..L_MergedGlobals)
    uxTaskNumber                             0x20000120   Data           4  tasks.o(.bss..L_MergedGlobals)
    uxDeletedTasksWaitingCleanUp             0x20000124   Data           4  tasks.o(.bss..L_MergedGlobals)
    uxCurrentNumberOfTasks                   0x20000128   Data           4  tasks.o(.bss..L_MergedGlobals)
    xSchedulerRunning                        0x2000012c   Data           4  tasks.o(.bss..L_MergedGlobals)
    uxSchedulerSuspended                     0x20000130   Data           4  tasks.o(.bss..L_MergedGlobals)
    xIdleTaskHandle                          0x20000134   Data           4  tasks.o(.bss..L_MergedGlobals)
    xYieldPending                            0x20000138   Data           4  tasks.o(.bss..L_MergedGlobals)
    uxPendedTicks                            0x2000013c   Data           4  tasks.o(.bss..L_MergedGlobals)
    pxDelayedTaskList                        0x20000140   Data           4  tasks.o(.bss..L_MergedGlobals)
    pxOverflowDelayedTaskList                0x20000144   Data           4  tasks.o(.bss..L_MergedGlobals)
    xNumOfOverflows                          0x20000148   Data           4  tasks.o(.bss..L_MergedGlobals)
    xTasksWaitingTermination                 0x2000014c   Data          20  tasks.o(.bss..L_MergedGlobals)
    xSuspendedTaskList                       0x20000160   Data          20  tasks.o(.bss..L_MergedGlobals)
    xPendingReadyList                        0x20000174   Data          20  tasks.o(.bss..L_MergedGlobals)
    .L_MergedGlobals                         0x20000188   Data          24  heap_4.o(.bss..L_MergedGlobals)
    xBlockAllocatedBit                       0x20000188   Data           1  heap_4.o(.bss..L_MergedGlobals)
    [Anonymous Symbol]                       0x20000188   Section        0  heap_4.o(.bss..L_MergedGlobals)
    pxEnd                                    0x2000018c   Data           4  heap_4.o(.bss..L_MergedGlobals)
    xFreeBytesRemaining                      0x20000190   Data           4  heap_4.o(.bss..L_MergedGlobals)
    xMinimumEverFreeBytesRemaining           0x20000194   Data           4  heap_4.o(.bss..L_MergedGlobals)
    xStart                                   0x20000198   Data           8  heap_4.o(.bss..L_MergedGlobals)
    .L_MergedGlobals                         0x200001a0   Data           8  port.o(.bss..L_MergedGlobals)
    ucMaxSysCallPriority                     0x200001a0   Data           1  port.o(.bss..L_MergedGlobals)
    [Anonymous Symbol]                       0x200001a0   Section        0  port.o(.bss..L_MergedGlobals)
    ulMaxPRIGROUPValue                       0x200001a4   Data           4  port.o(.bss..L_MergedGlobals)
    .L_MergedGlobals.2                       0x200001a8   Data          40  tasks.o(.bss..L_MergedGlobals.2)
    xDelayedTaskList1                        0x200001a8   Data          20  tasks.o(.bss..L_MergedGlobals.2)
    [Anonymous Symbol]                       0x200001a8   Section        0  tasks.o(.bss..L_MergedGlobals.2)
    xDelayedTaskList2                        0x200001bc   Data          20  tasks.o(.bss..L_MergedGlobals.2)
    pxReadyTasksLists                        0x2000043c   Data         140  tasks.o(.bss.pxReadyTasksLists)
    [Anonymous Symbol]                       0x2000043c   Section        0  tasks.o(.bss.pxReadyTasksLists)
    ucHeap                                   0x200004c8   Data       10240  heap_4.o(.bss.ucHeap)
    [Anonymous Symbol]                       0x200004c8   Section        0  heap_4.o(.bss.ucHeap)
    xIdleStack                               0x20002ccc   Data         512  freertos.o(.bss.xIdleStack)
    [Anonymous Symbol]                       0x20002ccc   Section        0  freertos.o(.bss.xIdleStack)
    xIdleTaskTCBBuffer                       0x20002ecc   Data          84  freertos.o(.bss.xIdleTaskTCBBuffer)
    [Anonymous Symbol]                       0x20002ecc   Section        0  freertos.o(.bss.xIdleTaskTCBBuffer)
    Heap_Mem                                 0x20002f20   Data         512  startup_stm32f303xc.o(HEAP)
    HEAP                                     0x20002f20   Section      512  startup_stm32f303xc.o(HEAP)
    Stack_Mem                                0x20003120   Data        1024  startup_stm32f303xc.o(STACK)
    STACK                                    0x20003120   Section     1024  startup_stm32f303xc.o(STACK)
    __initial_sp                             0x20003520   Data           0  startup_stm32f303xc.o(STACK)

    Global Symbols

    Symbol Name                              Value     Ov Type        Size  Object(Section)

    BuildAttributes$$THM_ISAv4$E$P$D$K$B$S$7EM$VFPi3$EXTD16$VFPS$VFMA$PE$A:L22UL41UL21$X:L11$S22US41US21$IEEE1$IW$~IW$USESV6$~STKCKD$USESV7$~SHL$OTIME$ROPI$EBA8$UX$STANDARDLIB$REQ8$PRES8$EABIv2 0x00000000   Number         0  anon$$obj.o ABSOLUTE
    _printf_flags                            0x00000000   Number         0  printf_stubs.o ABSOLUTE
    _printf_return_value                     0x00000000   Number         0  printf_stubs.o ABSOLUTE
    _printf_sizespec                         0x00000000   Number         0  printf_stubs.o ABSOLUTE
    _printf_widthprec                        0x00000000   Number         0  printf_stubs.o ABSOLUTE
    __ARM_exceptions_init                     - Undefined Weak Reference
    __alloca_initialize                       - Undefined Weak Reference
    __arm_preinit_                            - Undefined Weak Reference
    __arm_relocate_pie_                       - Undefined Weak Reference
    __cpp_initialize__aeabi_                  - Undefined Weak Reference
    __cxa_finalize                            - Undefined Weak Reference
    __rt_locale                               - Undefined Weak Reference
    __sigvec_lookup                           - Undefined Weak Reference
    _atexit_init                              - Undefined Weak Reference
    _call_atexit_fns                          - Undefined Weak Reference
    _clock_init                               - Undefined Weak Reference
    _fp_trap_init                             - Undefined Weak Reference
    _fp_trap_shutdown                         - Undefined Weak Reference
    _get_lc_collate                           - Undefined Weak Reference
    _get_lc_ctype                             - Undefined Weak Reference
    _get_lc_monetary                          - Undefined Weak Reference
    _get_lc_numeric                           - Undefined Weak Reference
    _get_lc_time                              - Undefined Weak Reference
    _getenv_init                              - Undefined Weak Reference
    _handle_redirection                       - Undefined Weak Reference
    _init_alloc                               - Undefined Weak Reference
    _init_user_alloc                          - Undefined Weak Reference
    _initio                                   - Undefined Weak Reference
    _printf_truncate_unsigned                 - Undefined Weak Reference
    _rand_init                                - Undefined Weak Reference
    _signal_finish                            - Undefined Weak Reference
    _signal_init                              - Undefined Weak Reference
    _terminate_alloc                          - Undefined Weak Reference
    _terminate_user_alloc                     - Undefined Weak Reference
    _terminateio                              - Undefined Weak Reference
    __Vectors_Size                           0x00000188   Number         0  startup_stm32f303xc.o ABSOLUTE
    __Vectors                                0x08000000   Data           4  startup_stm32f303xc.o(RESET)
    __Vectors_End                            0x08000188   Data           0  startup_stm32f303xc.o(RESET)
    __main                                   0x08000189   Thumb Code     8  __main.o(!!!main)
    __scatterload                            0x08000191   Thumb Code     0  __scatter.o(!!!scatter)
    __scatterload_rt2                        0x08000191   Thumb Code    84  __scatter.o(!!!scatter)
    __scatterload_rt2_thumb_only             0x08000191   Thumb Code     0  __scatter.o(!!!scatter)
    __scatterload_loop                       0x0800019b   Thumb Code     0  __scatter.o(!!!scatter)
    __scatterload_copy                       0x080001ed   Thumb Code    26  __scatter_copy.o(!!handler_copy)
    __scatterload_null                       0x08000209   Thumb Code     2  __scatter.o(!!handler_null)
    __scatterload_zeroinit                   0x0800020d   Thumb Code    28  __scatter_zi.o(!!handler_zi)
    _printf_percent                          0x08000229   Thumb Code     0  _printf_percent.o(.ARM.Collect$$_printf_percent$$00000000)
    _printf_x                                0x08000229   Thumb Code     0  _printf_x.o(.ARM.Collect$$_printf_percent$$0000000C)
    _printf_percent_end                      0x0800022f   Thumb Code     0  _printf_percent_end.o(.ARM.Collect$$_printf_percent$$00000017)
    __rt_lib_init                            0x08000233   Thumb Code     0  libinit.o(.ARM.Collect$$libinit$$00000000)
    __rt_lib_init_fp_1                       0x08000235   Thumb Code     0  libinit2.o(.ARM.Collect$$libinit$$00000001)
    __rt_lib_init_alloca_1                   0x08000239   Thumb Code     0  libinit2.o(.ARM.Collect$$libinit$$00000030)
    __rt_lib_init_argv_1                     0x08000239   Thumb Code     0  libinit2.o(.ARM.Collect$$libinit$$0000002E)
    __rt_lib_init_atexit_1                   0x08000239   Thumb Code     0  libinit2.o(.ARM.Collect$$libinit$$0000001D)
    __rt_lib_init_clock_1                    0x08000239   Thumb Code     0  libinit2.o(.ARM.Collect$$libinit$$00000023)
    __rt_lib_init_cpp_1                      0x08000239   Thumb Code     0  libinit2.o(.ARM.Collect$$libinit$$00000034)
    __rt_lib_init_exceptions_1               0x08000239   Thumb Code     0  libinit2.o(.ARM.Collect$$libinit$$00000032)
    __rt_lib_init_fp_trap_1                  0x08000239   Thumb Code     0  libinit2.o(.ARM.Collect$$libinit$$00000021)
    __rt_lib_init_getenv_1                   0x08000239   Thumb Code     0  libinit2.o(.ARM.Collect$$libinit$$00000025)
    __rt_lib_init_heap_1                     0x08000239   Thumb Code     0  libinit2.o(.ARM.Collect$$libinit$$0000000C)
    __rt_lib_init_lc_collate_1               0x08000239   Thumb Code     0  libinit2.o(.ARM.Collect$$libinit$$00000013)
    __rt_lib_init_lc_ctype_1                 0x08000239   Thumb Code     0  libinit2.o(.ARM.Collect$$libinit$$00000015)
    __rt_lib_init_lc_monetary_1              0x08000239   Thumb Code     0  libinit2.o(.ARM.Collect$$libinit$$00000017)
    __rt_lib_init_lc_numeric_1               0x08000239   Thumb Code     0  libinit2.o(.ARM.Collect$$libinit$$00000019)
    __rt_lib_init_lc_time_1                  0x08000239   Thumb Code     0  libinit2.o(.ARM.Collect$$libinit$$0000001B)
    __rt_lib_init_preinit_1                  0x08000239   Thumb Code     0  libinit2.o(.ARM.Collect$$libinit$$00000006)
    __rt_lib_init_rand_1                     0x08000239   Thumb Code     0  libinit2.o(.ARM.Collect$$libinit$$00000010)
    __rt_lib_init_relocate_pie_1             0x08000239   Thumb Code     0  libinit2.o(.ARM.Collect$$libinit$$00000004)
    __rt_lib_init_return                     0x08000239   Thumb Code     0  libinit2.o(.ARM.Collect$$libinit$$00000035)
    __rt_lib_init_signal_1                   0x08000239   Thumb Code     0  libinit2.o(.ARM.Collect$$libinit$$0000001F)
    __rt_lib_init_stdio_1                    0x08000239   Thumb Code     0  libinit2.o(.ARM.Collect$$libinit$$00000027)
    __rt_lib_init_user_alloc_1               0x08000239   Thumb Code     0  libinit2.o(.ARM.Collect$$libinit$$0000000E)
    __rt_lib_shutdown                        0x0800023b   Thumb Code     0  libshutdown.o(.ARM.Collect$$libshutdown$$00000000)
    __rt_lib_shutdown_cpp_1                  0x0800023d   Thumb Code     0  libshutdown2.o(.ARM.Collect$$libshutdown$$00000002)
    __rt_lib_shutdown_fp_trap_1              0x0800023d   Thumb Code     0  libshutdown2.o(.ARM.Collect$$libshutdown$$00000007)
    __rt_lib_shutdown_heap_1                 0x0800023d   Thumb Code     0  libshutdown2.o(.ARM.Collect$$libshutdown$$0000000F)
    __rt_lib_shutdown_return                 0x0800023d   Thumb Code     0  libshutdown2.o(.ARM.Collect$$libshutdown$$00000010)
    __rt_lib_shutdown_signal_1               0x0800023d   Thumb Code     0  libshutdown2.o(.ARM.Collect$$libshutdown$$0000000A)
    __rt_lib_shutdown_stdio_1                0x0800023d   Thumb Code     0  libshutdown2.o(.ARM.Collect$$libshutdown$$00000004)
    __rt_lib_shutdown_user_alloc_1           0x0800023d   Thumb Code     0  libshutdown2.o(.ARM.Collect$$libshutdown$$0000000C)
    __rt_entry                               0x0800023f   Thumb Code     0  __rtentry.o(.ARM.Collect$$rtentry$$00000000)
    __rt_entry_presh_1                       0x0800023f   Thumb Code     0  __rtentry2.o(.ARM.Collect$$rtentry$$00000002)
    __rt_entry_sh                            0x0800023f   Thumb Code     0  __rtentry4.o(.ARM.Collect$$rtentry$$00000004)
    __rt_entry_li                            0x08000245   Thumb Code     0  __rtentry2.o(.ARM.Collect$$rtentry$$0000000A)
    __rt_entry_postsh_1                      0x08000245   Thumb Code     0  __rtentry2.o(.ARM.Collect$$rtentry$$00000009)
    __rt_entry_main                          0x08000249   Thumb Code     0  __rtentry2.o(.ARM.Collect$$rtentry$$0000000D)
    __rt_entry_postli_1                      0x08000249   Thumb Code     0  __rtentry2.o(.ARM.Collect$$rtentry$$0000000C)
    __rt_exit                                0x08000251   Thumb Code     0  rtexit.o(.ARM.Collect$$rtexit$$00000000)
    __rt_exit_ls                             0x08000253   Thumb Code     0  rtexit2.o(.ARM.Collect$$rtexit$$00000003)
    __rt_exit_prels_1                        0x08000253   Thumb Code     0  rtexit2.o(.ARM.Collect$$rtexit$$00000002)
    __rt_exit_exit                           0x08000257   Thumb Code     0  rtexit2.o(.ARM.Collect$$rtexit$$00000004)
    Reset_Handler                            0x0800025d   Thumb Code     8  startup_stm32f303xc.o(.text)
    ADC1_2_IRQHandler                        0x08000277   Thumb Code     0  startup_stm32f303xc.o(.text)
    ADC3_IRQHandler                          0x08000277   Thumb Code     0  startup_stm32f303xc.o(.text)
    ADC4_IRQHandler                          0x08000277   Thumb Code     0  startup_stm32f303xc.o(.text)
    CAN_RX1_IRQHandler                       0x08000277   Thumb Code     0  startup_stm32f303xc.o(.text)
    CAN_SCE_IRQHandler                       0x08000277   Thumb Code     0  startup_stm32f303xc.o(.text)
    COMP1_2_3_IRQHandler                     0x08000277   Thumb Code     0  startup_stm32f303xc.o(.text)
    COMP4_5_6_IRQHandler                     0x08000277   Thumb Code     0  startup_stm32f303xc.o(.text)
    COMP7_IRQHandler                         0x08000277   Thumb Code     0  startup_stm32f303xc.o(.text)
    DMA1_Channel1_IRQHandler                 0x08000277   Thumb Code     0  startup_stm32f303xc.o(.text)
    DMA1_Channel2_IRQHandler                 0x08000277   Thumb Code     0  startup_stm32f303xc.o(.text)
    DMA1_Channel4_IRQHandler                 0x08000277   Thumb Code     0  startup_stm32f303xc.o(.text)
    DMA1_Channel6_IRQHandler                 0x08000277   Thumb Code     0  startup_stm32f303xc.o(.text)
    DMA1_Channel7_IRQHandler                 0x08000277   Thumb Code     0  startup_stm32f303xc.o(.text)
    DMA2_Channel1_IRQHandler                 0x08000277   Thumb Code     0  startup_stm32f303xc.o(.text)
    DMA2_Channel2_IRQHandler                 0x08000277   Thumb Code     0  startup_stm32f303xc.o(.text)
    DMA2_Channel3_IRQHandler                 0x08000277   Thumb Code     0  startup_stm32f303xc.o(.text)
    DMA2_Channel4_IRQHandler                 0x08000277   Thumb Code     0  startup_stm32f303xc.o(.text)
    DMA2_Channel5_IRQHandler                 0x08000277   Thumb Code     0  startup_stm32f303xc.o(.text)
    EXTI0_IRQHandler                         0x08000277   Thumb Code     0  startup_stm32f303xc.o(.text)
    EXTI15_10_IRQHandler                     0x08000277   Thumb Code     0  startup_stm32f303xc.o(.text)
    EXTI1_IRQHandler                         0x08000277   Thumb Code     0  startup_stm32f303xc.o(.text)
    EXTI2_TSC_IRQHandler                     0x08000277   Thumb Code     0  startup_stm32f303xc.o(.text)
    EXTI3_IRQHandler                         0x08000277   Thumb Code     0  startup_stm32f303xc.o(.text)
    EXTI4_IRQHandler                         0x08000277   Thumb Code     0  startup_stm32f303xc.o(.text)
    EXTI9_5_IRQHandler                       0x08000277   Thumb Code     0  startup_stm32f303xc.o(.text)
    FLASH_IRQHandler                         0x08000277   Thumb Code     0  startup_stm32f303xc.o(.text)
    FPU_IRQHandler                           0x08000277   Thumb Code     0  startup_stm32f303xc.o(.text)
    I2C1_ER_IRQHandler                       0x08000277   Thumb Code     0  startup_stm32f303xc.o(.text)
    I2C1_EV_IRQHandler                       0x08000277   Thumb Code     0  startup_stm32f303xc.o(.text)
    I2C2_ER_IRQHandler                       0x08000277   Thumb Code     0  startup_stm32f303xc.o(.text)
    I2C2_EV_IRQHandler                       0x08000277   Thumb Code     0  startup_stm32f303xc.o(.text)
    PVD_IRQHandler                           0x08000277   Thumb Code     0  startup_stm32f303xc.o(.text)
    RCC_IRQHandler                           0x08000277   Thumb Code     0  startup_stm32f303xc.o(.text)
    RTC_Alarm_IRQHandler                     0x08000277   Thumb Code     0  startup_stm32f303xc.o(.text)
    RTC_WKUP_IRQHandler                      0x08000277   Thumb Code     0  startup_stm32f303xc.o(.text)
    SPI2_IRQHandler                          0x08000277   Thumb Code     0  startup_stm32f303xc.o(.text)
    SPI3_IRQHandler                          0x08000277   Thumb Code     0  startup_stm32f303xc.o(.text)
    TAMP_STAMP_IRQHandler                    0x08000277   Thumb Code     0  startup_stm32f303xc.o(.text)
    TIM1_BRK_TIM15_IRQHandler                0x08000277   Thumb Code     0  startup_stm32f303xc.o(.text)
    TIM1_CC_IRQHandler                       0x08000277   Thumb Code     0  startup_stm32f303xc.o(.text)
    TIM1_TRG_COM_TIM17_IRQHandler            0x08000277   Thumb Code     0  startup_stm32f303xc.o(.text)
    TIM2_IRQHandler                          0x08000277   Thumb Code     0  startup_stm32f303xc.o(.text)
    TIM3_IRQHandler                          0x08000277   Thumb Code     0  startup_stm32f303xc.o(.text)
    TIM4_IRQHandler                          0x08000277   Thumb Code     0  startup_stm32f303xc.o(.text)
    TIM6_DAC_IRQHandler                      0x08000277   Thumb Code     0  startup_stm32f303xc.o(.text)
    TIM7_IRQHandler                          0x08000277   Thumb Code     0  startup_stm32f303xc.o(.text)
    TIM8_BRK_IRQHandler                      0x08000277   Thumb Code     0  startup_stm32f303xc.o(.text)
    TIM8_CC_IRQHandler                       0x08000277   Thumb Code     0  startup_stm32f303xc.o(.text)
    TIM8_TRG_COM_IRQHandler                  0x08000277   Thumb Code     0  startup_stm32f303xc.o(.text)
    TIM8_UP_IRQHandler                       0x08000277   Thumb Code     0  startup_stm32f303xc.o(.text)
    UART4_IRQHandler                         0x08000277   Thumb Code     0  startup_stm32f303xc.o(.text)
    UART5_IRQHandler                         0x08000277   Thumb Code     0  startup_stm32f303xc.o(.text)
    USBWakeUp_IRQHandler                     0x08000277   Thumb Code     0  startup_stm32f303xc.o(.text)
    USBWakeUp_RMP_IRQHandler                 0x08000277   Thumb Code     0  startup_stm32f303xc.o(.text)
    USB_HP_CAN_TX_IRQHandler                 0x08000277   Thumb Code     0  startup_stm32f303xc.o(.text)
    USB_HP_IRQHandler                        0x08000277   Thumb Code     0  startup_stm32f303xc.o(.text)
    USB_LP_CAN_RX0_IRQHandler                0x08000277   Thumb Code     0  startup_stm32f303xc.o(.text)
    USB_LP_IRQHandler                        0x08000277   Thumb Code     0  startup_stm32f303xc.o(.text)
    WWDG_IRQHandler                          0x08000277   Thumb Code     0  startup_stm32f303xc.o(.text)
    __user_initial_stackheap                 0x08000279   Thumb Code     0  startup_stm32f303xc.o(.text)
    __2sprintf                               0x0800029d   Thumb Code    38  __2sprintf.o(.text)
    _printf_pre_padding                      0x080002c9   Thumb Code    44  _printf_pad.o(.text)
    _printf_post_padding                     0x080002f5   Thumb Code    34  _printf_pad.o(.text)
    _printf_int_hex                          0x08000319   Thumb Code    84  _printf_hex_int.o(.text)
    _printf_longlong_hex                     0x08000319   Thumb Code     0  _printf_hex_int.o(.text)
    __printf                                 0x08000371   Thumb Code   308  __printf_flags_wp.o(.text)
    strstr                                   0x080004a9   Thumb Code    36  strstr.o(.text)
    __aeabi_memclr                           0x080004cd   Thumb Code     0  rt_memclr.o(.text)
    __rt_memclr                              0x080004cd   Thumb Code     0  rt_memclr.o(.text)
    _memset                                  0x080004d1   Thumb Code    64  rt_memclr.o(.text)
    __aeabi_memclr4                          0x08000511   Thumb Code     0  rt_memclr_w.o(.text)
    __aeabi_memclr8                          0x08000511   Thumb Code     0  rt_memclr_w.o(.text)
    __rt_memclr_w                            0x08000511   Thumb Code     0  rt_memclr_w.o(.text)
    _memset_w                                0x08000515   Thumb Code    74  rt_memclr_w.o(.text)
    __use_two_region_memory                  0x0800055f   Thumb Code     2  heapauxi.o(.text)
    __rt_heap_escrow$2region                 0x08000561   Thumb Code     2  heapauxi.o(.text)
    __rt_heap_expand$2region                 0x08000563   Thumb Code     2  heapauxi.o(.text)
    _printf_int_common                       0x08000565   Thumb Code   178  _printf_intcommon.o(.text)
    _printf_char_common                      0x08000623   Thumb Code    32  _printf_char_common.o(.text)
    _sputc                                   0x08000649   Thumb Code    10  _sputc.o(.text)
    __user_setup_stackheap                   0x08000653   Thumb Code    74  sys_stackheap_outer.o(.text)
    exit                                     0x0800069d   Thumb Code    18  exit.o(.text)
    __user_libspace                          0x080006b1   Thumb Code     8  libspace.o(.text)
    __user_perproc_libspace                  0x080006b1   Thumb Code     0  libspace.o(.text)
    __user_perthread_libspace                0x080006b1   Thumb Code     0  libspace.o(.text)
    _sys_exit                                0x080006b9   Thumb Code     8  sys_exit.o(.text)
    __I$use$semihosting                      0x080006c5   Thumb Code     0  use_no_semi.o(.text)
    __use_no_semihosting_swi                 0x080006c5   Thumb Code     2  use_no_semi.o(.text)
    __semihosting_library_function           0x080006c7   Thumb Code     0  indicate_semi.o(.text)
    Blynk_Task                               0x080006c9   Thumb Code    28  blynk_task.o(.text.Blynk_Task)
    BusFault_Handler                         0x080006e5   Thumb Code     2  stm32f3xx_it.o(.text.BusFault_Handler)
    CreateBlynkTask                          0x080006e9   Thumb Code    40  blynk_task.o(.text.CreateBlynkTask)
    CreateEC600Task                          0x0800072d   Thumb Code    92  moduleec600.o(.text.CreateEC600Task)
    CreateFlashTask                          0x080007c1   Thumb Code    96  flash_task.o(.text.CreateFlashTask)
    CreateGPSTask                            0x08000855   Thumb Code   108  gps_gnss.o(.text.CreateGPSTask)
    CreateUARTTask                           0x080008f1   Thumb Code    92  uart_task.o(.text.CreateUARTTask)
    DMA1_Channel3_IRQHandler                 0x0800097d   Thumb Code    12  stm32f3xx_it.o(.text.DMA1_Channel3_IRQHandler)
    DMA1_Channel5_IRQHandler                 0x08000989   Thumb Code    12  stm32f3xx_it.o(.text.DMA1_Channel5_IRQHandler)
    DebugMon_Handler                         0x08000995   Thumb Code     2  stm32f3xx_it.o(.text.DebugMon_Handler)
    Error_Handler                            0x08000999   Thumb Code    10  main.o(.text.Error_Handler)
    Flash_Task                               0x080009a5   Thumb Code   180  flash_task.o(.text.Flash_Task)
    GPS_GNSS_Task                            0x08000a59   Thumb Code    52  gps_gnss.o(.text.GPS_GNSS_Task)
    Get_IMEI                                 0x08000a8d   Thumb Code   344  moduleec600.o(.text.Get_IMEI)
    HAL_DMA_Abort                            0x08000be5   Thumb Code    80  stm32f3xx_hal_dma.o(.text.HAL_DMA_Abort)
    HAL_DMA_Abort_IT                         0x08000c35   Thumb Code    72  stm32f3xx_hal_dma.o(.text.HAL_DMA_Abort_IT)
    HAL_DMA_GetError                         0x08000c7d   Thumb Code     4  stm32f3xx_hal_dma.o(.text.HAL_DMA_GetError)
    HAL_DMA_IRQHandler                       0x08000c81   Thumb Code   162  stm32f3xx_hal_dma.o(.text.HAL_DMA_IRQHandler)
    HAL_DMA_Init                             0x08000d25   Thumb Code   154  stm32f3xx_hal_dma.o(.text.HAL_DMA_Init)
    HAL_DMA_Start_IT                         0x08000dc1   Thumb Code   160  stm32f3xx_hal_dma.o(.text.HAL_DMA_Start_IT)
    HAL_GPIO_Init                            0x08000e61   Thumb Code   414  stm32f3xx_hal_gpio.o(.text.HAL_GPIO_Init)
    HAL_GPIO_TogglePin                       0x08001001   Thumb Code    16  stm32f3xx_hal_gpio.o(.text.HAL_GPIO_TogglePin)
    HAL_GPIO_WritePin                        0x08001011   Thumb Code    12  stm32f3xx_hal_gpio.o(.text.HAL_GPIO_WritePin)
    HAL_GetTick                              0x0800101d   Thumb Code    12  stm32f3xx_hal.o(.text.HAL_GetTick)
    HAL_IncTick                              0x08001029   Thumb Code    26  stm32f3xx_hal.o(.text.HAL_IncTick)
    HAL_Init                                 0x08001045   Thumb Code    38  stm32f3xx_hal.o(.text.HAL_Init)
    HAL_InitTick                             0x0800106d   Thumb Code   176  stm32f3xx_hal_timebase_tim.o(.text.HAL_InitTick)
    HAL_MspInit                              0x0800111d   Thumb Code    60  stm32f3xx_hal_msp.o(.text.HAL_MspInit)
    HAL_NVIC_EnableIRQ                       0x08001159   Thumb Code    34  stm32f3xx_hal_cortex.o(.text.HAL_NVIC_EnableIRQ)
    HAL_NVIC_SetPriority                     0x0800117d   Thumb Code    86  stm32f3xx_hal_cortex.o(.text.HAL_NVIC_SetPriority)
    HAL_NVIC_SetPriorityGrouping             0x080011d5   Thumb Code    32  stm32f3xx_hal_cortex.o(.text.HAL_NVIC_SetPriorityGrouping)
    HAL_RCCEx_PeriphCLKConfig                0x080011f5   Thumb Code   522  stm32f3xx_hal_rcc_ex.o(.text.HAL_RCCEx_PeriphCLKConfig)
    HAL_RCC_ClockConfig                      0x08001401   Thumb Code   418  stm32f3xx_hal_rcc.o(.text.HAL_RCC_ClockConfig)
    HAL_RCC_GetClockConfig                   0x080015a5   Thumb Code    66  stm32f3xx_hal_rcc.o(.text.HAL_RCC_GetClockConfig)
    HAL_RCC_GetPCLK1Freq                     0x080015e9   Thumb Code    38  stm32f3xx_hal_rcc.o(.text.HAL_RCC_GetPCLK1Freq)
    HAL_RCC_GetPCLK2Freq                     0x08001611   Thumb Code    38  stm32f3xx_hal_rcc.o(.text.HAL_RCC_GetPCLK2Freq)
    HAL_RCC_GetSysClockFreq                  0x08001639   Thumb Code    86  stm32f3xx_hal_rcc.o(.text.HAL_RCC_GetSysClockFreq)
    HAL_RCC_OscConfig                        0x08001691   Thumb Code   936  stm32f3xx_hal_rcc.o(.text.HAL_RCC_OscConfig)
    HAL_SPI_ErrorCallback                    0x08001a39   Thumb Code     2  stm32f3xx_hal_spi.o(.text.HAL_SPI_ErrorCallback)
    HAL_SPI_IRQHandler                       0x08001a3d   Thumb Code   300  stm32f3xx_hal_spi.o(.text.HAL_SPI_IRQHandler)
    HAL_SPI_Init                             0x08001b69   Thumb Code   228  stm32f3xx_hal_spi.o(.text.HAL_SPI_Init)
    HAL_SPI_MspInit                          0x08001c4d   Thumb Code   172  stm32f3xx_hal_msp.o(.text.HAL_SPI_MspInit)
    HAL_SPI_Receive                          0x08001cf9   Thumb Code   578  stm32f3xx_hal_spi.o(.text.HAL_SPI_Receive)
    HAL_SPI_Transmit                         0x08001f3d   Thumb Code   616  stm32f3xx_hal_spi.o(.text.HAL_SPI_Transmit)
    HAL_SPI_TransmitReceive                  0x080021a5   Thumb Code   778  stm32f3xx_hal_spi.o(.text.HAL_SPI_TransmitReceive)
    HAL_TIMEx_Break2Callback                 0x080024b1   Thumb Code     2  stm32f3xx_hal_tim_ex.o(.text.HAL_TIMEx_Break2Callback)
    HAL_TIMEx_BreakCallback                  0x080024b5   Thumb Code     2  stm32f3xx_hal_tim_ex.o(.text.HAL_TIMEx_BreakCallback)
    HAL_TIMEx_CommutCallback                 0x080024b9   Thumb Code     2  stm32f3xx_hal_tim_ex.o(.text.HAL_TIMEx_CommutCallback)
    HAL_TIM_Base_Init                        0x080024bd   Thumb Code    98  stm32f3xx_hal_tim.o(.text.HAL_TIM_Base_Init)
    HAL_TIM_Base_MspInit                     0x08002521   Thumb Code     2  stm32f3xx_hal_tim.o(.text.HAL_TIM_Base_MspInit)
    HAL_TIM_Base_Start_IT                    0x08002525   Thumb Code   146  stm32f3xx_hal_tim.o(.text.HAL_TIM_Base_Start_IT)
    HAL_TIM_IC_CaptureCallback               0x080025b9   Thumb Code     2  stm32f3xx_hal_tim.o(.text.HAL_TIM_IC_CaptureCallback)
    HAL_TIM_IRQHandler                       0x080025bd   Thumb Code   364  stm32f3xx_hal_tim.o(.text.HAL_TIM_IRQHandler)
    HAL_TIM_OC_DelayElapsedCallback          0x08002729   Thumb Code     2  stm32f3xx_hal_tim.o(.text.HAL_TIM_OC_DelayElapsedCallback)
    HAL_TIM_PWM_PulseFinishedCallback        0x0800272d   Thumb Code     2  stm32f3xx_hal_tim.o(.text.HAL_TIM_PWM_PulseFinishedCallback)
    HAL_TIM_PeriodElapsedCallback            0x08002731   Thumb Code    20  main.o(.text.HAL_TIM_PeriodElapsedCallback)
    HAL_TIM_TriggerCallback                  0x08002745   Thumb Code     2  stm32f3xx_hal_tim.o(.text.HAL_TIM_TriggerCallback)
    HAL_UARTEx_RxEventCallback               0x08002749   Thumb Code     2  stm32f3xx_hal_uart.o(.text.HAL_UARTEx_RxEventCallback)
    HAL_UARTEx_WakeupCallback                0x0800274d   Thumb Code     2  stm32f3xx_hal_uart_ex.o(.text.HAL_UARTEx_WakeupCallback)
    HAL_UART_DMAStop                         0x08002751   Thumb Code   568  stm32f3xx_hal_uart.o(.text.HAL_UART_DMAStop)
    HAL_UART_ErrorCallback                   0x08002989   Thumb Code     2  stm32f3xx_hal_uart.o(.text.HAL_UART_ErrorCallback)
    HAL_UART_IRQHandler                      0x0800298d   Thumb Code  1498  stm32f3xx_hal_uart.o(.text.HAL_UART_IRQHandler)
    HAL_UART_Init                            0x08002f69   Thumb Code    96  stm32f3xx_hal_uart.o(.text.HAL_UART_Init)
    HAL_UART_MspInit                         0x08002fc9   Thumb Code   420  stm32f3xx_hal_msp.o(.text.HAL_UART_MspInit)
    HAL_UART_Receive_DMA                     0x0800316d   Thumb Code   458  stm32f3xx_hal_uart.o(.text.HAL_UART_Receive_DMA)
    HAL_UART_Receive_IT                      0x08003339   Thumb Code   514  stm32f3xx_hal_uart.o(.text.HAL_UART_Receive_IT)
    HAL_UART_RxCpltCallback                  0x0800353d   Thumb Code   138  gps_gnss.o(.text.HAL_UART_RxCpltCallback)
    HAL_UART_RxHalfCpltCallback              0x080035c9   Thumb Code     2  stm32f3xx_hal_uart.o(.text.HAL_UART_RxHalfCpltCallback)
    HAL_UART_Transmit                        0x080035cd   Thumb Code   398  stm32f3xx_hal_uart.o(.text.HAL_UART_Transmit)
    HAL_UART_TxCpltCallback                  0x0800375d   Thumb Code     2  stm32f3xx_hal_uart.o(.text.HAL_UART_TxCpltCallback)
    HardFault_Handler                        0x08003761   Thumb Code     2  stm32f3xx_it.o(.text.HardFault_Handler)
    MemManage_Handler                        0x08003765   Thumb Code     2  stm32f3xx_it.o(.text.MemManage_Handler)
    Module_EC600_Task                        0x08003769   Thumb Code    84  moduleec600.o(.text.Module_EC600_Task)
    NMI_Handler                              0x080037bd   Thumb Code     2  stm32f3xx_it.o(.text.NMI_Handler)
    PendSV_Handler                           0x080037c1   Thumb Code    96  port.o(.text.PendSV_Handler)
    Read_Data                                0x08003821   Thumb Code   196  flash_task.o(.text.Read_Data)
    Read_JEDEC_ID                            0x080038fd   Thumb Code   184  flash_task.o(.text.Read_JEDEC_ID)
    SPI1_IRQHandler                          0x080039d1   Thumb Code    12  stm32f3xx_it.o(.text.SPI1_IRQHandler)
    SVC_Handler                              0x08003c3d   Thumb Code    32  port.o(.text.SVC_Handler)
    Send_AT                                  0x08003c5d   Thumb Code   110  moduleec600.o(.text.Send_AT)
    StartDefaultTask                         0x08003ccd   Thumb Code    60  main.o(.text.StartDefaultTask)
    SysTick_Handler                          0x08003d09   Thumb Code    46  port.o(.text.SysTick_Handler)
    SystemInit                               0x08003d39   Thumb Code    18  system_stm32f3xx.o(.text.SystemInit)
    TIM1_UP_TIM16_IRQHandler                 0x08003d4d   Thumb Code    12  stm32f3xx_it.o(.text.TIM1_UP_TIM16_IRQHandler)
    TIM_Base_SetConfig                       0x08003d59   Thumb Code   290  stm32f3xx_hal_tim.o(.text.TIM_Base_SetConfig)
    UART_AdvFeatureConfig                    0x08003e7d   Thumb Code   234  stm32f3xx_hal_uart.o(.text.UART_AdvFeatureConfig)
    UART_CheckIdleState                      0x08003f69   Thumb Code   360  stm32f3xx_hal_uart.o(.text.UART_CheckIdleState)
    UART_SetConfig                           0x08004725   Thumb Code   436  stm32f3xx_hal_uart.o(.text.UART_SetConfig)
    UART_Task                                0x080048e9   Thumb Code   992  uart_task.o(.text.UART_Task)
    UART_WaitOnFlagUntilTimeout              0x08004cc9   Thumb Code   832  stm32f3xx_hal_uart.o(.text.UART_WaitOnFlagUntilTimeout)
    USART1_IRQHandler                        0x08005009   Thumb Code    12  stm32f3xx_it.o(.text.USART1_IRQHandler)
    USART2_IRQHandler                        0x08005015   Thumb Code    12  stm32f3xx_it.o(.text.USART2_IRQHandler)
    USART3_IRQHandler                        0x08005021   Thumb Code    12  stm32f3xx_it.o(.text.USART3_IRQHandler)
    UsageFault_Handler                       0x0800502d   Thumb Code     2  stm32f3xx_it.o(.text.UsageFault_Handler)
    W25_Busy                                 0x08005031   Thumb Code   126  w25q128.o(.text.W25_Busy)
    W25_PageProgram                          0x080050b1   Thumb Code   354  w25q128.o(.text.W25_PageProgram)
    W25_ReadData                             0x08005215   Thumb Code   118  w25q128.o(.text.W25_ReadData)
    W25_ReadJedecID                          0x0800528d   Thumb Code   102  w25q128.o(.text.W25_ReadJedecID)
    W25_SectorErase                          0x080052f5   Thumb Code   158  w25q128.o(.text.W25_SectorErase)
    main                                     0x08005395   Thumb Code   644  main.o(.text.main)
    osDelay                                  0x08005635   Thumb Code    18  cmsis_os.o(.text.osDelay)
    osKernelStart                            0x08005649   Thumb Code    10  cmsis_os.o(.text.osKernelStart)
    osKernelSysTick                          0x08005655   Thumb Code    22  cmsis_os.o(.text.osKernelSysTick)
    osThreadCreate                           0x0800566d   Thumb Code    92  cmsis_os.o(.text.osThreadCreate)
    pvPortMalloc                             0x080059c1   Thumb Code   494  heap_4.o(.text.pvPortMalloc)
    pxPortInitialiseStack                    0x08005bb1   Thumb Code    36  port.o(.text.pxPortInitialiseStack)
    uxListRemove                             0x08005bd5   Thumb Code    36  list.o(.text.uxListRemove)
    vApplicationGetIdleTaskMemory            0x08005bf9   Thumb Code    26  freertos.o(.text.vApplicationGetIdleTaskMemory)
    vListInitialise                          0x08005c15   Thumb Code    22  list.o(.text.vListInitialise)
    vListInitialiseItem                      0x08005c2d   Thumb Code     6  list.o(.text.vListInitialiseItem)
    vListInsert                              0x08005c35   Thumb Code   102  list.o(.text.vListInsert)
    vListInsertEnd                           0x08005c9d   Thumb Code    28  list.o(.text.vListInsertEnd)
    vPortEnterCritical                       0x08005ccd   Thumb Code    70  port.o(.text.vPortEnterCritical)
    vPortExitCritical                        0x08005d15   Thumb Code    46  port.o(.text.vPortExitCritical)
    vPortFree                                0x08005d45   Thumb Code   208  heap_4.o(.text.vPortFree)
    vPortSetupTimerInterrupt                 0x08005e15   Thumb Code    52  port.o(.text.vPortSetupTimerInterrupt)
    vTaskDelay                               0x08005e49   Thumb Code   152  tasks.o(.text.vTaskDelay)
    vTaskStartScheduler                      0x08005ee1   Thumb Code   192  tasks.o(.text.vTaskStartScheduler)
    vTaskSuspendAll                          0x08005fa9   Thumb Code    16  tasks.o(.text.vTaskSuspendAll)
    vTaskSwitchContext                       0x08005fb9   Thumb Code   110  tasks.o(.text.vTaskSwitchContext)
    xPortStartScheduler                      0x08006029   Thumb Code   442  port.o(.text.xPortStartScheduler)
    xTaskCreate                              0x080061e5   Thumb Code    96  tasks.o(.text.xTaskCreate)
    xTaskCreateStatic                        0x08006245   Thumb Code   114  tasks.o(.text.xTaskCreateStatic)
    xTaskGetTickCount                        0x080062b9   Thumb Code    24  tasks.o(.text.xTaskGetTickCount)
    xTaskGetTickCountFromISR                 0x080062d1   Thumb Code    36  tasks.o(.text.xTaskGetTickCountFromISR)
    xTaskIncrementTick                       0x080062f5   Thumb Code   268  tasks.o(.text.xTaskIncrementTick)
    xTaskResumeAll                           0x08006401   Thumb Code   234  tasks.o(.text.xTaskResumeAll)
    _is_digit                                0x080064eb   Thumb Code    14  __printf_wp.o(i._is_digit)
    _fp_init                                 0x080064f9   Thumb Code    26  fpinit.o(x$fpl$fpinit)
    __fplib_config_fpu_vfp                   0x08006511   Thumb Code     0  fpinit.o(x$fpl$fpinit)
    __fplib_config_pureend_doubles           0x08006511   Thumb Code     0  fpinit.o(x$fpl$fpinit)
    AHBPrescTable                            0x08006574   Data          16  system_stm32f3xx.o(.rodata.AHBPrescTable)
    APBPrescTable                            0x08006584   Data           8  system_stm32f3xx.o(.rodata.APBPrescTable)
    Region$$Table$$Base                      0x080065f0   Number         0  anon$$obj.o(Region$$Table)
    Region$$Table$$Limit                     0x08006610   Number         0  anon$$obj.o(Region$$Table)
    uwTickFreq                               0x20000000   Data           1  stm32f3xx_hal.o(.data..L_MergedGlobals)
    uwTickPrio                               0x20000004   Data           4  stm32f3xx_hal.o(.data..L_MergedGlobals)
    SystemCoreClock                          0x20000008   Data           4  system_stm32f3xx.o(.data.SystemCoreClock)
    __libspace_start                         0x20000010   Data          96  libspace.o(.bss)
    __temporary_stack_top$libspace           0x20000070   Data           0  libspace.o(.bss)
    defaultTaskHandle                        0x200000ac   Data           4  main.o(.bss..L_MergedGlobals)
    hspi1                                    0x200000b0   Data         100  main.o(.bss..L_MergedGlobals)
    pxCurrentTCB                             0x20000118   Data           4  tasks.o(.bss..L_MergedGlobals)
    hdma_usart1_rx                           0x200001d0   Data          68  main.o(.bss.hdma_usart1_rx)
    hdma_usart3_rx                           0x20000214   Data          68  main.o(.bss.hdma_usart3_rx)
    htim1                                    0x20000258   Data          76  stm32f3xx_hal_timebase_tim.o(.bss.htim1)
    huart1                                   0x200002a4   Data         136  main.o(.bss.huart1)
    huart2                                   0x2000032c   Data         136  main.o(.bss.huart2)
    huart3                                   0x200003b4   Data         136  main.o(.bss.huart3)
    uwTick                                   0x20002cc8   Data           4  stm32f3xx_hal.o(.bss.uwTick)



==============================================================================

Memory Map of the image

  Image Entry point : 0x08000189

  Load Region LR_IROM1 (Base: 0x08000000, Size: 0x00006620, Max: 0x00040000, ABSOLUTE)

    Execution Region ER_IROM1 (Exec base: 0x08000000, Load base: 0x08000000, Size: 0x00006610, Max: 0x00040000, ABSOLUTE)

    Exec Addr    Load Addr    Size         Type   Attr      Idx    E Section Name        Object

    0x08000000   0x08000000   0x00000188   Data   RO            3    RESET               startup_stm32f303xc.o
    0x08000188   0x08000188   0x00000008   Code   RO         1873  * !!!main             c_w.l(__main.o)
    0x08000190   0x08000190   0x0000005c   Code   RO         2049    !!!scatter          c_w.l(__scatter.o)
    0x080001ec   0x080001ec   0x0000001a   Code   RO         2053    !!handler_copy      c_w.l(__scatter_copy.o)
    0x08000206   0x08000206   0x00000002   PAD
    0x08000208   0x08000208   0x00000002   Code   RO         2050    !!handler_null      c_w.l(__scatter.o)
    0x0800020a   0x0800020a   0x00000002   PAD
    0x0800020c   0x0800020c   0x0000001c   Code   RO         2055    !!handler_zi        c_w.l(__scatter_zi.o)
    0x08000228   0x08000228   0x00000000   Code   RO         1860    .ARM.Collect$$_printf_percent$$00000000  c_w.l(_printf_percent.o)
    0x08000228   0x08000228   0x00000006   Code   RO         1859    .ARM.Collect$$_printf_percent$$0000000C  c_w.l(_printf_x.o)
    0x0800022e   0x0800022e   0x00000004   Code   RO         1882    .ARM.Collect$$_printf_percent$$00000017  c_w.l(_printf_percent_end.o)
    0x08000232   0x08000232   0x00000002   Code   RO         1911    .ARM.Collect$$libinit$$00000000  c_w.l(libinit.o)
    0x08000234   0x08000234   0x00000004   Code   RO         1917    .ARM.Collect$$libinit$$00000001  c_w.l(libinit2.o)
    0x08000238   0x08000238   0x00000000   Code   RO         1920    .ARM.Collect$$libinit$$00000004  c_w.l(libinit2.o)
    0x08000238   0x08000238   0x00000000   Code   RO         1922    .ARM.Collect$$libinit$$00000006  c_w.l(libinit2.o)
    0x08000238   0x08000238   0x00000000   Code   RO         1925    .ARM.Collect$$libinit$$0000000C  c_w.l(libinit2.o)
    0x08000238   0x08000238   0x00000000   Code   RO         1927    .ARM.Collect$$libinit$$0000000E  c_w.l(libinit2.o)
    0x08000238   0x08000238   0x00000000   Code   RO         1929    .ARM.Collect$$libinit$$00000010  c_w.l(libinit2.o)
    0x08000238   0x08000238   0x00000000   Code   RO         1932    .ARM.Collect$$libinit$$00000013  c_w.l(libinit2.o)
    0x08000238   0x08000238   0x00000000   Code   RO         1934    .ARM.Collect$$libinit$$00000015  c_w.l(libinit2.o)
    0x08000238   0x08000238   0x00000000   Code   RO         1936    .ARM.Collect$$libinit$$00000017  c_w.l(libinit2.o)
    0x08000238   0x08000238   0x00000000   Code   RO         1938    .ARM.Collect$$libinit$$00000019  c_w.l(libinit2.o)
    0x08000238   0x08000238   0x00000000   Code   RO         1940    .ARM.Collect$$libinit$$0000001B  c_w.l(libinit2.o)
    0x08000238   0x08000238   0x00000000   Code   RO         1942    .ARM.Collect$$libinit$$0000001D  c_w.l(libinit2.o)
    0x08000238   0x08000238   0x00000000   Code   RO         1944    .ARM.Collect$$libinit$$0000001F  c_w.l(libinit2.o)
    0x08000238   0x08000238   0x00000000   Code   RO         1946    .ARM.Collect$$libinit$$00000021  c_w.l(libinit2.o)
    0x08000238   0x08000238   0x00000000   Code   RO         1948    .ARM.Collect$$libinit$$00000023  c_w.l(libinit2.o)
    0x08000238   0x08000238   0x00000000   Code   RO         1950    .ARM.Collect$$libinit$$00000025  c_w.l(libinit2.o)
    0x08000238   0x08000238   0x00000000   Code   RO         1952    .ARM.Collect$$libinit$$00000027  c_w.l(libinit2.o)
    0x08000238   0x08000238   0x00000000   Code   RO         1956    .ARM.Collect$$libinit$$0000002E  c_w.l(libinit2.o)
    0x08000238   0x08000238   0x00000000   Code   RO         1958    .ARM.Collect$$libinit$$00000030  c_w.l(libinit2.o)
    0x08000238   0x08000238   0x00000000   Code   RO         1960    .ARM.Collect$$libinit$$00000032  c_w.l(libinit2.o)
    0x08000238   0x08000238   0x00000000   Code   RO         1962    .ARM.Collect$$libinit$$00000034  c_w.l(libinit2.o)
    0x08000238   0x08000238   0x00000002   Code   RO         1963    .ARM.Collect$$libinit$$00000035  c_w.l(libinit2.o)
    0x0800023a   0x0800023a   0x00000002   Code   RO         1985    .ARM.Collect$$libshutdown$$00000000  c_w.l(libshutdown.o)
    0x0800023c   0x0800023c   0x00000000   Code   RO         2000    .ARM.Collect$$libshutdown$$00000002  c_w.l(libshutdown2.o)
    0x0800023c   0x0800023c   0x00000000   Code   RO         2002    .ARM.Collect$$libshutdown$$00000004  c_w.l(libshutdown2.o)
    0x0800023c   0x0800023c   0x00000000   Code   RO         2005    .ARM.Collect$$libshutdown$$00000007  c_w.l(libshutdown2.o)
    0x0800023c   0x0800023c   0x00000000   Code   RO         2008    .ARM.Collect$$libshutdown$$0000000A  c_w.l(libshutdown2.o)
    0x0800023c   0x0800023c   0x00000000   Code   RO         2010    .ARM.Collect$$libshutdown$$0000000C  c_w.l(libshutdown2.o)
    0x0800023c   0x0800023c   0x00000000   Code   RO         2013    .ARM.Collect$$libshutdown$$0000000F  c_w.l(libshutdown2.o)
    0x0800023c   0x0800023c   0x00000002   Code   RO         2014    .ARM.Collect$$libshutdown$$00000010  c_w.l(libshutdown2.o)
    0x0800023e   0x0800023e   0x00000000   Code   RO         1875    .ARM.Collect$$rtentry$$00000000  c_w.l(__rtentry.o)
    0x0800023e   0x0800023e   0x00000000   Code   RO         1886    .ARM.Collect$$rtentry$$00000002  c_w.l(__rtentry2.o)
    0x0800023e   0x0800023e   0x00000006   Code   RO         1898    .ARM.Collect$$rtentry$$00000004  c_w.l(__rtentry4.o)
    0x08000244   0x08000244   0x00000000   Code   RO         1888    .ARM.Collect$$rtentry$$00000009  c_w.l(__rtentry2.o)
    0x08000244   0x08000244   0x00000004   Code   RO         1889    .ARM.Collect$$rtentry$$0000000A  c_w.l(__rtentry2.o)
    0x08000248   0x08000248   0x00000000   Code   RO         1891    .ARM.Collect$$rtentry$$0000000C  c_w.l(__rtentry2.o)
    0x08000248   0x08000248   0x00000008   Code   RO         1892    .ARM.Collect$$rtentry$$0000000D  c_w.l(__rtentry2.o)
    0x08000250   0x08000250   0x00000002   Code   RO         1915    .ARM.Collect$$rtexit$$00000000  c_w.l(rtexit.o)
    0x08000252   0x08000252   0x00000000   Code   RO         1965    .ARM.Collect$$rtexit$$00000002  c_w.l(rtexit2.o)
    0x08000252   0x08000252   0x00000004   Code   RO         1966    .ARM.Collect$$rtexit$$00000003  c_w.l(rtexit2.o)
    0x08000256   0x08000256   0x00000006   Code   RO         1967    .ARM.Collect$$rtexit$$00000004  c_w.l(rtexit2.o)
    0x0800025c   0x0800025c   0x00000040   Code   RO            4    .text               startup_stm32f303xc.o
    0x0800029c   0x0800029c   0x0000002c   Code   RO         1810    .text               c_w.l(__2sprintf.o)
    0x080002c8   0x080002c8   0x0000004e   Code   RO         1816    .text               c_w.l(_printf_pad.o)
    0x08000316   0x08000316   0x00000002   PAD
    0x08000318   0x08000318   0x00000058   Code   RO         1821    .text               c_w.l(_printf_hex_int.o)
    0x08000370   0x08000370   0x00000138   Code   RO         1851    .text               c_w.l(__printf_flags_wp.o)
    0x080004a8   0x080004a8   0x00000024   Code   RO         1861    .text               c_w.l(strstr.o)
    0x080004cc   0x080004cc   0x00000044   Code   RO         1867    .text               c_w.l(rt_memclr.o)
    0x08000510   0x08000510   0x0000004e   Code   RO         1869    .text               c_w.l(rt_memclr_w.o)
    0x0800055e   0x0800055e   0x00000006   Code   RO         1871    .text               c_w.l(heapauxi.o)
    0x08000564   0x08000564   0x000000b2   Code   RO         1876    .text               c_w.l(_printf_intcommon.o)
    0x08000616   0x08000616   0x00000002   PAD
    0x08000618   0x08000618   0x00000030   Code   RO         1878    .text               c_w.l(_printf_char_common.o)
    0x08000648   0x08000648   0x0000000a   Code   RO         1880    .text               c_w.l(_sputc.o)
    0x08000652   0x08000652   0x0000004a   Code   RO         1902    .text               c_w.l(sys_stackheap_outer.o)
    0x0800069c   0x0800069c   0x00000012   Code   RO         1904    .text               c_w.l(exit.o)
    0x080006ae   0x080006ae   0x00000002   PAD
    0x080006b0   0x080006b0   0x00000008   Code   RO         1912    .text               c_w.l(libspace.o)
    0x080006b8   0x080006b8   0x0000000c   Code   RO         1975    .text               c_w.l(sys_exit.o)
    0x080006c4   0x080006c4   0x00000002   Code   RO         1990    .text               c_w.l(use_no_semi.o)
    0x080006c6   0x080006c6   0x00000000   Code   RO         1992    .text               c_w.l(indicate_semi.o)
    0x080006c6   0x080006c6   0x00000002   PAD
    0x080006c8   0x080006c8   0x0000001c   Code   RO           13    .text.Blynk_Task    blynk_task.o
    0x080006e4   0x080006e4   0x00000002   Code   RO          185    .text.BusFault_Handler  stm32f3xx_it.o
    0x080006e6   0x080006e6   0x00000002   PAD
    0x080006e8   0x080006e8   0x00000044   Code   RO           11    .text.CreateBlynkTask  blynk_task.o
    0x0800072c   0x0800072c   0x00000094   Code   RO          117    .text.CreateEC600Task  moduleec600.o
    0x080007c0   0x080007c0   0x00000094   Code   RO           70    .text.CreateFlashTask  flash_task.o
    0x08000854   0x08000854   0x0000009c   Code   RO           97    .text.CreateGPSTask  gps_gnss.o
    0x080008f0   0x080008f0   0x0000008c   Code   RO           23    .text.CreateUARTTask  uart_task.o
    0x0800097c   0x0800097c   0x0000000c   Code   RO          191    .text.DMA1_Channel3_IRQHandler  stm32f3xx_it.o
    0x08000988   0x08000988   0x0000000c   Code   RO          193    .text.DMA1_Channel5_IRQHandler  stm32f3xx_it.o
    0x08000994   0x08000994   0x00000002   Code   RO          189    .text.DebugMon_Handler  stm32f3xx_it.o
    0x08000996   0x08000996   0x00000002   PAD
    0x08000998   0x08000998   0x0000000a   Code   RO          147    .text.Error_Handler  main.o
    0x080009a2   0x080009a2   0x00000002   PAD
    0x080009a4   0x080009a4   0x000000b4   Code   RO           72    .text.Flash_Task    flash_task.o
    0x08000a58   0x08000a58   0x00000034   Code   RO           99    .text.GPS_GNSS_Task  gps_gnss.o
    0x08000a8c   0x08000a8c   0x00000158   Code   RO          125    .text.Get_IMEI      moduleec600.o
    0x08000be4   0x08000be4   0x00000050   Code   RO          390    .text.HAL_DMA_Abort  stm32f3xx_hal_dma.o
    0x08000c34   0x08000c34   0x00000048   Code   RO          392    .text.HAL_DMA_Abort_IT  stm32f3xx_hal_dma.o
    0x08000c7c   0x08000c7c   0x00000004   Code   RO          404    .text.HAL_DMA_GetError  stm32f3xx_hal_dma.o
    0x08000c80   0x08000c80   0x000000a2   Code   RO          396    .text.HAL_DMA_IRQHandler  stm32f3xx_hal_dma.o
    0x08000d22   0x08000d22   0x00000002   PAD
    0x08000d24   0x08000d24   0x0000009a   Code   RO          382    .text.HAL_DMA_Init  stm32f3xx_hal_dma.o
    0x08000dbe   0x08000dbe   0x00000002   PAD
    0x08000dc0   0x08000dc0   0x000000a0   Code   RO          388    .text.HAL_DMA_Start_IT  stm32f3xx_hal_dma.o
    0x08000e60   0x08000e60   0x0000019e   Code   RO          358    .text.HAL_GPIO_Init  stm32f3xx_hal_gpio.o
    0x08000ffe   0x08000ffe   0x00000002   PAD
    0x08001000   0x08001000   0x00000010   Code   RO          366    .text.HAL_GPIO_TogglePin  stm32f3xx_hal_gpio.o
    0x08001010   0x08001010   0x0000000c   Code   RO          364    .text.HAL_GPIO_WritePin  stm32f3xx_hal_gpio.o
    0x0800101c   0x0800101c   0x0000000c   Code   RO          258    .text.HAL_GetTick   stm32f3xx_hal.o
    0x08001028   0x08001028   0x0000001a   Code   RO          256    .text.HAL_IncTick   stm32f3xx_hal.o
    0x08001042   0x08001042   0x00000002   PAD
    0x08001044   0x08001044   0x00000026   Code   RO          246    .text.HAL_Init      stm32f3xx_hal.o
    0x0800106a   0x0800106a   0x00000002   PAD
    0x0800106c   0x0800106c   0x000000b0   Code   RO          230    .text.HAL_InitTick  stm32f3xx_hal_timebase_tim.o
    0x0800111c   0x0800111c   0x0000003c   Code   RO          212    .text.HAL_MspInit   stm32f3xx_hal_msp.o
    0x08001158   0x08001158   0x00000022   Code   RO          418    .text.HAL_NVIC_EnableIRQ  stm32f3xx_hal_cortex.o
    0x0800117a   0x0800117a   0x00000002   PAD
    0x0800117c   0x0800117c   0x00000056   Code   RO          416    .text.HAL_NVIC_SetPriority  stm32f3xx_hal_cortex.o
    0x080011d2   0x080011d2   0x00000002   PAD
    0x080011d4   0x080011d4   0x00000020   Code   RO          414    .text.HAL_NVIC_SetPriorityGrouping  stm32f3xx_hal_cortex.o
    0x080011f4   0x080011f4   0x0000020a   Code   RO          343    .text.HAL_RCCEx_PeriphCLKConfig  stm32f3xx_hal_rcc_ex.o
    0x080013fe   0x080013fe   0x00000002   PAD
    0x08001400   0x08001400   0x000001a2   Code   RO          310    .text.HAL_RCC_ClockConfig  stm32f3xx_hal_rcc.o
    0x080015a2   0x080015a2   0x00000002   PAD
    0x080015a4   0x080015a4   0x00000042   Code   RO          328    .text.HAL_RCC_GetClockConfig  stm32f3xx_hal_rcc.o
    0x080015e6   0x080015e6   0x00000002   PAD
    0x080015e8   0x080015e8   0x00000026   Code   RO          322    .text.HAL_RCC_GetPCLK1Freq  stm32f3xx_hal_rcc.o
    0x0800160e   0x0800160e   0x00000002   PAD
    0x08001610   0x08001610   0x00000026   Code   RO          324    .text.HAL_RCC_GetPCLK2Freq  stm32f3xx_hal_rcc.o
    0x08001636   0x08001636   0x00000002   PAD
    0x08001638   0x08001638   0x00000056   Code   RO          312    .text.HAL_RCC_GetSysClockFreq  stm32f3xx_hal_rcc.o
    0x0800168e   0x0800168e   0x00000002   PAD
    0x08001690   0x08001690   0x000003a8   Code   RO          308    .text.HAL_RCC_OscConfig  stm32f3xx_hal_rcc.o
    0x08001a38   0x08001a38   0x00000002   Code   RO          853    .text.HAL_SPI_ErrorCallback  stm32f3xx_hal_spi.o
    0x08001a3a   0x08001a3a   0x00000002   PAD
    0x08001a3c   0x08001a3c   0x0000012c   Code   RO          849    .text.HAL_SPI_IRQHandler  stm32f3xx_hal_spi.o
    0x08001b68   0x08001b68   0x000000e4   Code   RO          769    .text.HAL_SPI_Init  stm32f3xx_hal_spi.o
    0x08001c4c   0x08001c4c   0x000000ac   Code   RO          214    .text.HAL_SPI_MspInit  stm32f3xx_hal_msp.o
    0x08001cf8   0x08001cf8   0x00000242   Code   RO          779    .text.HAL_SPI_Receive  stm32f3xx_hal_spi.o
    0x08001f3a   0x08001f3a   0x00000002   PAD
    0x08001f3c   0x08001f3c   0x00000268   Code   RO          777    .text.HAL_SPI_Transmit  stm32f3xx_hal_spi.o
    0x080021a4   0x080021a4   0x0000030a   Code   RO          781    .text.HAL_SPI_TransmitReceive  stm32f3xx_hal_spi.o
    0x080024ae   0x080024ae   0x00000002   PAD
    0x080024b0   0x080024b0   0x00000002   Code   RO         1203    .text.HAL_TIMEx_Break2Callback  stm32f3xx_hal_tim_ex.o
    0x080024b2   0x080024b2   0x00000002   PAD
    0x080024b4   0x080024b4   0x00000002   Code   RO         1201    .text.HAL_TIMEx_BreakCallback  stm32f3xx_hal_tim_ex.o
    0x080024b6   0x080024b6   0x00000002   PAD
    0x080024b8   0x080024b8   0x00000002   Code   RO         1197    .text.HAL_TIMEx_CommutCallback  stm32f3xx_hal_tim_ex.o
    0x080024ba   0x080024ba   0x00000002   PAD
    0x080024bc   0x080024bc   0x00000062   Code   RO          894    .text.HAL_TIM_Base_Init  stm32f3xx_hal_tim.o
    0x0800251e   0x0800251e   0x00000002   PAD
    0x08002520   0x08002520   0x00000002   Code   RO          896    .text.HAL_TIM_Base_MspInit  stm32f3xx_hal_tim.o
    0x08002522   0x08002522   0x00000002   PAD
    0x08002524   0x08002524   0x00000092   Code   RO          908    .text.HAL_TIM_Base_Start_IT  stm32f3xx_hal_tim.o
    0x080025b6   0x080025b6   0x00000002   PAD
    0x080025b8   0x080025b8   0x00000002   Code   RO         1030    .text.HAL_TIM_IC_CaptureCallback  stm32f3xx_hal_tim.o
    0x080025ba   0x080025ba   0x00000002   PAD
    0x080025bc   0x080025bc   0x0000016c   Code   RO         1028    .text.HAL_TIM_IRQHandler  stm32f3xx_hal_tim.o
    0x08002728   0x08002728   0x00000002   Code   RO         1032    .text.HAL_TIM_OC_DelayElapsedCallback  stm32f3xx_hal_tim.o
    0x0800272a   0x0800272a   0x00000002   PAD
    0x0800272c   0x0800272c   0x00000002   Code   RO         1034    .text.HAL_TIM_PWM_PulseFinishedCallback  stm32f3xx_hal_tim.o
    0x0800272e   0x0800272e   0x00000002   PAD
    0x08002730   0x08002730   0x00000014   Code   RO          149    .text.HAL_TIM_PeriodElapsedCallback  main.o
    0x08002744   0x08002744   0x00000002   Code   RO         1038    .text.HAL_TIM_TriggerCallback  stm32f3xx_hal_tim.o
    0x08002746   0x08002746   0x00000002   PAD
    0x08002748   0x08002748   0x00000002   Code   RO         1303    .text.HAL_UARTEx_RxEventCallback  stm32f3xx_hal_uart.o
    0x0800274a   0x0800274a   0x00000002   PAD
    0x0800274c   0x0800274c   0x00000002   Code   RO         1354    .text.HAL_UARTEx_WakeupCallback  stm32f3xx_hal_uart_ex.o
    0x0800274e   0x0800274e   0x00000002   PAD
    0x08002750   0x08002750   0x00000238   Code   RO         1269    .text.HAL_UART_DMAStop  stm32f3xx_hal_uart.o
    0x08002988   0x08002988   0x00000002   Code   RO         1301    .text.HAL_UART_ErrorCallback  stm32f3xx_hal_uart.o
    0x0800298a   0x0800298a   0x00000002   PAD
    0x0800298c   0x0800298c   0x000005da   Code   RO         1297    .text.HAL_UART_IRQHandler  stm32f3xx_hal_uart.o
    0x08002f66   0x08002f66   0x00000002   PAD
    0x08002f68   0x08002f68   0x00000060   Code   RO         1217    .text.HAL_UART_Init  stm32f3xx_hal_uart.o
    0x08002fc8   0x08002fc8   0x000001a4   Code   RO          218    .text.HAL_UART_MspInit  stm32f3xx_hal_msp.o
    0x0800316c   0x0800316c   0x000001ca   Code   RO         1261    .text.HAL_UART_Receive_DMA  stm32f3xx_hal_uart.o
    0x08003336   0x08003336   0x00000002   PAD
    0x08003338   0x08003338   0x00000202   Code   RO         1249    .text.HAL_UART_Receive_IT  stm32f3xx_hal_uart.o
    0x0800353a   0x0800353a   0x00000002   PAD
    0x0800353c   0x0800353c   0x0000008a   Code   RO          105    .text.HAL_UART_RxCpltCallback  gps_gnss.o
    0x080035c6   0x080035c6   0x00000002   PAD
    0x080035c8   0x080035c8   0x00000002   Code   RO         1311    .text.HAL_UART_RxHalfCpltCallback  stm32f3xx_hal_uart.o
    0x080035ca   0x080035ca   0x00000002   PAD
    0x080035cc   0x080035cc   0x0000018e   Code   RO         1237    .text.HAL_UART_Transmit  stm32f3xx_hal_uart.o
    0x0800375a   0x0800375a   0x00000002   PAD
    0x0800375c   0x0800375c   0x00000002   Code   RO         1305    .text.HAL_UART_TxCpltCallback  stm32f3xx_hal_uart.o
    0x0800375e   0x0800375e   0x00000002   PAD
    0x08003760   0x08003760   0x00000002   Code   RO          181    .text.HardFault_Handler  stm32f3xx_it.o
    0x08003762   0x08003762   0x00000002   PAD
    0x08003764   0x08003764   0x00000002   Code   RO          183    .text.MemManage_Handler  stm32f3xx_it.o
    0x08003766   0x08003766   0x00000002   PAD
    0x08003768   0x08003768   0x00000054   Code   RO          119    .text.Module_EC600_Task  moduleec600.o
    0x080037bc   0x080037bc   0x00000002   Code   RO          179    .text.NMI_Handler   stm32f3xx_it.o
    0x080037be   0x080037be   0x00000002   PAD
    0x080037c0   0x080037c0   0x00000060   Code   RO         1793    .text.PendSV_Handler  port.o
    0x08003820   0x08003820   0x000000dc   Code   RO           80    .text.Read_Data     flash_task.o
    0x080038fc   0x080038fc   0x000000d4   Code   RO           74    .text.Read_JEDEC_ID  flash_task.o
    0x080039d0   0x080039d0   0x0000000c   Code   RO          197    .text.SPI1_IRQHandler  stm32f3xx_it.o
    0x080039dc   0x080039dc   0x0000000e   Code   RO          851    .text.SPI_DMAAbortOnError  stm32f3xx_hal_spi.o
    0x080039ea   0x080039ea   0x00000002   PAD
    0x080039ec   0x080039ec   0x0000017e   Code   RO          831    .text.SPI_WaitFifoStateUntilTimeout  stm32f3xx_hal_spi.o
    0x08003b6a   0x08003b6a   0x00000002   PAD
    0x08003b6c   0x08003b6c   0x000000ce   Code   RO          833    .text.SPI_WaitFlagStateUntilTimeout  stm32f3xx_hal_spi.o
    0x08003c3a   0x08003c3a   0x00000002   PAD
    0x08003c3c   0x08003c3c   0x00000020   Code   RO         1777    .text.SVC_Handler   port.o
    0x08003c5c   0x08003c5c   0x0000006e   Code   RO          123    .text.Send_AT       moduleec600.o
    0x08003cca   0x08003cca   0x00000002   PAD
    0x08003ccc   0x08003ccc   0x0000003c   Code   RO          145    .text.StartDefaultTask  main.o
    0x08003d08   0x08003d08   0x0000002e   Code   RO         1795    .text.SysTick_Handler  port.o
    0x08003d36   0x08003d36   0x00000002   PAD
    0x08003d38   0x08003d38   0x00000012   Code   RO         1380    .text.SystemInit    system_stm32f3xx.o
    0x08003d4a   0x08003d4a   0x00000002   PAD
    0x08003d4c   0x08003d4c   0x0000000c   Code   RO          195    .text.TIM1_UP_TIM16_IRQHandler  stm32f3xx_it.o
    0x08003d58   0x08003d58   0x00000122   Code   RO          898    .text.TIM_Base_SetConfig  stm32f3xx_hal_tim.o
    0x08003e7a   0x08003e7a   0x00000002   PAD
    0x08003e7c   0x08003e7c   0x000000ea   Code   RO         1221    .text.UART_AdvFeatureConfig  stm32f3xx_hal_uart.o
    0x08003f66   0x08003f66   0x00000002   PAD
    0x08003f68   0x08003f68   0x00000168   Code   RO         1225    .text.UART_CheckIdleState  stm32f3xx_hal_uart.o
    0x080040d0   0x080040d0   0x00000010   Code   RO         1299    .text.UART_DMAAbortOnError  stm32f3xx_hal_uart.o
    0x080040e0   0x080040e0   0x00000182   Code   RO         1259    .text.UART_DMAError  stm32f3xx_hal_uart.o
    0x08004262   0x08004262   0x00000002   PAD
    0x08004264   0x08004264   0x00000160   Code   RO         1339    .text.UART_DMAReceiveCplt  stm32f3xx_hal_uart.o
    0x080043c4   0x080043c4   0x0000001a   Code   RO         1341    .text.UART_DMARxHalfCplt  stm32f3xx_hal_uart.o
    0x080043de   0x080043de   0x00000002   PAD
    0x080043e0   0x080043e0   0x0000019e   Code   RO         1335    .text.UART_RxISR_16BIT  stm32f3xx_hal_uart.o
    0x0800457e   0x0800457e   0x00000002   PAD
    0x08004580   0x08004580   0x000001a2   Code   RO         1337    .text.UART_RxISR_8BIT  stm32f3xx_hal_uart.o
    0x08004722   0x08004722   0x00000002   PAD
    0x08004724   0x08004724   0x000001c4   Code   RO         1223    .text.UART_SetConfig  stm32f3xx_hal_uart.o
    0x080048e8   0x080048e8   0x000003e0   Code   RO           25    .text.UART_Task     uart_task.o
    0x08004cc8   0x08004cc8   0x00000340   Code   RO         1239    .text.UART_WaitOnFlagUntilTimeout  stm32f3xx_hal_uart.o
    0x08005008   0x08005008   0x0000000c   Code   RO          199    .text.USART1_IRQHandler  stm32f3xx_it.o
    0x08005014   0x08005014   0x0000000c   Code   RO          201    .text.USART2_IRQHandler  stm32f3xx_it.o
    0x08005020   0x08005020   0x0000000c   Code   RO          203    .text.USART3_IRQHandler  stm32f3xx_it.o
    0x0800502c   0x0800502c   0x00000002   Code   RO          187    .text.UsageFault_Handler  stm32f3xx_it.o
    0x0800502e   0x0800502e   0x00000002   PAD
    0x08005030   0x08005030   0x0000007e   Code   RO           60    .text.W25_Busy      w25q128.o
    0x080050ae   0x080050ae   0x00000002   PAD
    0x080050b0   0x080050b0   0x00000162   Code   RO           52    .text.W25_PageProgram  w25q128.o
    0x08005212   0x08005212   0x00000002   PAD
    0x08005214   0x08005214   0x00000076   Code   RO           50    .text.W25_ReadData  w25q128.o
    0x0800528a   0x0800528a   0x00000002   PAD
    0x0800528c   0x0800528c   0x00000066   Code   RO           40    .text.W25_ReadJedecID  w25q128.o
    0x080052f2   0x080052f2   0x00000002   PAD
    0x080052f4   0x080052f4   0x0000009e   Code   RO           56    .text.W25_SectorErase  w25q128.o
    0x08005392   0x08005392   0x00000002   PAD
    0x08005394   0x08005394   0x000002a0   Code   RO          141    .text.main          main.o
    0x08005634   0x08005634   0x00000012   Code   RO         1657    .text.osDelay       cmsis_os.o
    0x08005646   0x08005646   0x00000002   PAD
    0x08005648   0x08005648   0x0000000a   Code   RO         1639    .text.osKernelStart  cmsis_os.o
    0x08005652   0x08005652   0x00000002   PAD
    0x08005654   0x08005654   0x00000016   Code   RO         1643    .text.osKernelSysTick  cmsis_os.o
    0x0800566a   0x0800566a   0x00000002   PAD
    0x0800566c   0x0800566c   0x0000005c   Code   RO         1645    .text.osThreadCreate  cmsis_os.o
    0x080056c8   0x080056c8   0x000000fc   Code   RO         1541    .text.prvAddNewTaskToReadyList  tasks.o
    0x080057c4   0x080057c4   0x00000086   Code   RO         1571    .text.prvIdleTask   tasks.o
    0x0800584a   0x0800584a   0x00000002   PAD
    0x0800584c   0x0800584c   0x0000010a   Code   RO         1539    .text.prvInitialiseNewTask  tasks.o
    0x08005956   0x08005956   0x00000002   PAD
    0x08005958   0x08005958   0x00000028   Code   RO         1785    .text.prvPortStartFirstTask  port.o
    0x08005980   0x08005980   0x0000003e   Code   RO         1775    .text.prvTaskExitError  port.o
    0x080059be   0x080059be   0x00000002   PAD
    0x080059c0   0x080059c0   0x000001ee   Code   RO         1753    .text.pvPortMalloc  heap_4.o
    0x08005bae   0x08005bae   0x00000002   PAD
    0x08005bb0   0x08005bb0   0x00000024   Code   RO         1773    .text.pxPortInitialiseStack  port.o
    0x08005bd4   0x08005bd4   0x00000024   Code   RO         1432    .text.uxListRemove  list.o
    0x08005bf8   0x08005bf8   0x0000001a   Code   RO          168    .text.vApplicationGetIdleTaskMemory  freertos.o
    0x08005c12   0x08005c12   0x00000002   PAD
    0x08005c14   0x08005c14   0x00000016   Code   RO         1424    .text.vListInitialise  list.o
    0x08005c2a   0x08005c2a   0x00000002   PAD
    0x08005c2c   0x08005c2c   0x00000006   Code   RO         1426    .text.vListInitialiseItem  list.o
    0x08005c32   0x08005c32   0x00000002   PAD
    0x08005c34   0x08005c34   0x00000066   Code   RO         1430    .text.vListInsert   list.o
    0x08005c9a   0x08005c9a   0x00000002   PAD
    0x08005c9c   0x08005c9c   0x0000001c   Code   RO         1428    .text.vListInsertEnd  list.o
    0x08005cb8   0x08005cb8   0x00000014   Code   RO         1783    .text.vPortEnableVFP  port.o
    0x08005ccc   0x08005ccc   0x00000046   Code   RO         1789    .text.vPortEnterCritical  port.o
    0x08005d12   0x08005d12   0x00000002   PAD
    0x08005d14   0x08005d14   0x0000002e   Code   RO         1791    .text.vPortExitCritical  port.o
    0x08005d42   0x08005d42   0x00000002   PAD
    0x08005d44   0x08005d44   0x000000d0   Code   RO         1755    .text.vPortFree     heap_4.o
    0x08005e14   0x08005e14   0x00000034   Code   RO         1781    .text.vPortSetupTimerInterrupt  port.o
    0x08005e48   0x08005e48   0x00000098   Code   RO         1547    .text.vTaskDelay    tasks.o
    0x08005ee0   0x08005ee0   0x000000c8   Code   RO         1569    .text.vTaskStartScheduler  tasks.o
    0x08005fa8   0x08005fa8   0x00000010   Code   RO         1549    .text.vTaskSuspendAll  tasks.o
    0x08005fb8   0x08005fb8   0x0000006e   Code   RO         1563    .text.vTaskSwitchContext  tasks.o
    0x08006026   0x08006026   0x00000002   PAD
    0x08006028   0x08006028   0x000001ba   Code   RO         1779    .text.xPortStartScheduler  port.o
    0x080061e2   0x080061e2   0x00000002   PAD
    0x080061e4   0x080061e4   0x00000060   Code   RO         1543    .text.xTaskCreate   tasks.o
    0x08006244   0x08006244   0x00000072   Code   RO         1537    .text.xTaskCreateStatic  tasks.o
    0x080062b6   0x080062b6   0x00000002   PAD
    0x080062b8   0x080062b8   0x00000018   Code   RO         1577    .text.xTaskGetTickCount  tasks.o
    0x080062d0   0x080062d0   0x00000024   Code   RO         1579    .text.xTaskGetTickCountFromISR  tasks.o
    0x080062f4   0x080062f4   0x0000010c   Code   RO         1575    .text.xTaskIncrementTick  tasks.o
    0x08006400   0x08006400   0x000000ea   Code   RO         1553    .text.xTaskResumeAll  tasks.o
    0x080064ea   0x080064ea   0x0000000e   Code   RO         1849    i._is_digit         c_w.l(__printf_wp.o)
    0x080064f8   0x080064f8   0x0000001a   Code   RO         1973    x$fpl$fpinit        fz_wm.l(fpinit.o)
    0x08006512   0x08006512   0x00000028   Data   RO         1822    .constdata          c_w.l(_printf_hex_int.o)
    0x0800653a   0x0800653a   0x00000011   Data   RO         1852    .constdata          c_w.l(__printf_flags_wp.o)
    0x0800654b   0x0800654b   0x00000001   PAD
    0x0800654c   0x0800654c   0x00000014   Data   RO           87    .rodata..L__unnamed_1  flash_task.o
    0x08006560   0x08006560   0x00000014   Data   RO           88    .rodata..L__unnamed_2  flash_task.o
    0x08006574   0x08006574   0x00000010   Data   RO         1385    .rodata.AHBPrescTable  system_stm32f3xx.o
    0x08006584   0x08006584   0x00000008   Data   RO         1386    .rodata.APBPrescTable  system_stm32f3xx.o
    0x0800658c   0x0800658c   0x00000020   Data   RO          334    .rodata.cst16       stm32f3xx_hal_rcc.o
    0x080065ac   0x080065ac   0x00000010   Data   RO         1343    .rodata.cst16       stm32f3xx_hal_uart.o
    0x080065bc   0x080065bc   0x00000006   Data   RO           15    .rodata.str1.1      blynk_task.o
    0x080065c2   0x080065c2   0x00000005   Data   RO           31    .rodata.str1.1      uart_task.o
    0x080065c7   0x080065c7   0x0000000c   Data   RO           84    .rodata.str1.1      flash_task.o
    0x080065d3   0x080065d3   0x00000004   Data   RO          107    .rodata.str1.1      gps_gnss.o
    0x080065d7   0x080065d7   0x0000000a   Data   RO          131    .rodata.str1.1      moduleec600.o
    0x080065e1   0x080065e1   0x0000000c   Data   RO          151    .rodata.str1.1      main.o
    0x080065ed   0x080065ed   0x00000003   PAD
    0x080065f0   0x080065f0   0x00000020   Data   RO         2048    Region$$Table       anon$$obj.o


    Execution Region RW_IRAM2 (Exec base: 0x10000000, Load base: 0x08006620, Size: 0x00000000, Max: 0x00002000, ABSOLUTE)

    **** No section assigned to this execution region ****


    Execution Region RW_IRAM1 (Exec base: 0x20000000, Load base: 0x08006610, Size: 0x00003520, Max: 0x0000a000, ABSOLUTE)

    Exec Addr    Load Addr    Size         Type   Attr      Idx    E Section Name        Object

    0x20000000   0x08006610   0x00000008   Data   RW          297    .data..L_MergedGlobals  stm32f3xx_hal.o
    0x20000008   0x08006618   0x00000004   Data   RW         1384    .data.SystemCoreClock  system_stm32f3xx.o
    0x2000000c   0x0800661c   0x00000004   Data   RW         1799    .data.uxCriticalNesting  port.o
    0x20000010        -       0x00000060   Zero   RW         1913    .bss                c_w.l(libspace.o)
    0x20000070        -       0x0000003a   Zero   RW          108    .bss..L_MergedGlobals  gps_gnss.o
    0x200000aa   0x08006620   0x00000002   PAD
    0x200000ac        -       0x00000068   Zero   RW          159    .bss..L_MergedGlobals  main.o
    0x20000114        -       0x00000074   Zero   RW         1628    .bss..L_MergedGlobals  tasks.o
    0x20000188        -       0x00000018   Zero   RW         1764    .bss..L_MergedGlobals  heap_4.o
    0x200001a0        -       0x00000008   Zero   RW         1800    .bss..L_MergedGlobals  port.o
    0x200001a8        -       0x00000028   Zero   RW         1629    .bss..L_MergedGlobals.2  tasks.o
    0x200001d0        -       0x00000044   Zero   RW          156    .bss.hdma_usart1_rx  main.o
    0x20000214        -       0x00000044   Zero   RW          157    .bss.hdma_usart3_rx  main.o
    0x20000258        -       0x0000004c   Zero   RW          236    .bss.htim1          stm32f3xx_hal_timebase_tim.o
    0x200002a4        -       0x00000088   Zero   RW          153    .bss.huart1         main.o
    0x2000032c        -       0x00000088   Zero   RW          154    .bss.huart2         main.o
    0x200003b4        -       0x00000088   Zero   RW          155    .bss.huart3         main.o
    0x2000043c        -       0x0000008c   Zero   RW         1627    .bss.pxReadyTasksLists  tasks.o
    0x200004c8        -       0x00002800   Zero   RW         1763    .bss.ucHeap         heap_4.o
    0x20002cc8        -       0x00000004   Zero   RW          296    .bss.uwTick         stm32f3xx_hal.o
    0x20002ccc        -       0x00000200   Zero   RW          171    .bss.xIdleStack     freertos.o
    0x20002ecc        -       0x00000054   Zero   RW          170    .bss.xIdleTaskTCBBuffer  freertos.o
    0x20002f20        -       0x00000200   Zero   RW            2    HEAP                startup_stm32f303xc.o
    0x20003120        -       0x00000400   Zero   RW            1    STACK               startup_stm32f303xc.o


==============================================================================

Image component sizes


      Code (inc. data)   RO Data    RW Data    ZI Data      Debug   Object Name

        96         28          6          0          0       2920   blynk_task.o
       142          0          0          0          0      25577   cmsis_os.o
       760        104         52          0          0       8712   flash_task.o
        26          0          0          0        596       1604   freertos.o
       346         48          4          0         58       7713   gps_gnss.o
       702          0          0          0      10264       4579   heap_4.o
       194          0          0          0          0       2300   list.o
       762         28         12          0        648      14486   main.o
       686         56         10          0          0       8648   moduleec600.o
       942         16          0          4          8       4587   port.o
        64         26        392          0       1536        832   startup_stm32f303xc.o
        76          0          0          8          4       6329   stm32f3xx_hal.o
       152          0          0          0          0      10359   stm32f3xx_hal_cortex.o
       632          0          0          0          0       7772   stm32f3xx_hal_dma.o
       442          0          0          0          0       4572   stm32f3xx_hal_gpio.o
       652          0          0          0          0       8754   stm32f3xx_hal_msp.o
      1582          0         32          0          0       7508   stm32f3xx_hal_rcc.o
       522          0          0          0          0       6695   stm32f3xx_hal_rcc_ex.o
      3104          0          0          0          0      26646   stm32f3xx_hal_spi.o
       908          0          0          0          0      60760   stm32f3xx_hal_tim.o
         6          0          0          0          0      21296   stm32f3xx_hal_tim_ex.o
       176          0          0          0         76       6409   stm32f3xx_hal_timebase_tim.o
      7030         38         16          0          0      35797   stm32f3xx_hal_uart.o
         2          0          0          0          0       8402   stm32f3xx_hal_uart_ex.o
        96          0          0          0          0       7275   stm32f3xx_it.o
        18          0         24          4          0       2187   system_stm32f3xx.o
      1902          8          0          0        296      27134   tasks.o
      1132         48          5          0          0       9857   uart_task.o
       858          0          0          0          0       6336   w25q128.o

    ----------------------------------------------------------------------
     24162        400        588         16      13488     346046   Object Totals
         0          0         32          0          0          0   (incl. Generated)
       152          0          3          0          2          0   (incl. Padding)

    ----------------------------------------------------------------------

      Code (inc. data)   RO Data    RW Data    ZI Data      Debug   Library Member Name

        44          6          0          0          0         84   __2sprintf.o
         8          0          0          0          0         68   __main.o
       312          4         17          0          0         92   __printf_flags_wp.o
        14          0          0          0          0         68   __printf_wp.o
         0          0          0          0          0          0   __rtentry.o
        12          0          0          0          0          0   __rtentry2.o
         6          0          0          0          0          0   __rtentry4.o
        94          8          0          0          0          0   __scatter.o
        26          0          0          0          0          0   __scatter_copy.o
        28          0          0          0          0          0   __scatter_zi.o
        48          6          0          0          0         96   _printf_char_common.o
        88          4         40          0          0         88   _printf_hex_int.o
       178          0          0          0          0         88   _printf_intcommon.o
        78          0          0          0          0        108   _printf_pad.o
         0          0          0          0          0          0   _printf_percent.o
         4          0          0          0          0          0   _printf_percent_end.o
         6          0          0          0          0          0   _printf_x.o
        10          0          0          0          0         68   _sputc.o
        18          0          0          0          0         80   exit.o
         6          0          0          0          0        152   heapauxi.o
         0          0          0          0          0          0   indicate_semi.o
         2          0          0          0          0          0   libinit.o
         6          0          0          0          0          0   libinit2.o
         2          0          0          0          0          0   libshutdown.o
         2          0          0          0          0          0   libshutdown2.o
         8          4          0          0         96         68   libspace.o
        68          0          0          0          0         68   rt_memclr.o
        78          0          0          0          0         80   rt_memclr_w.o
         2          0          0          0          0          0   rtexit.o
        10          0          0          0          0          0   rtexit2.o
        36          0          0          0          0         80   strstr.o
        12          4          0          0          0         68   sys_exit.o
        74          0          0          0          0         80   sys_stackheap_outer.o
         2          0          0          0          0         68   use_no_semi.o
        26          0          0          0          0        116   fpinit.o

    ----------------------------------------------------------------------
      1320         36         58          0         96       1620   Library Totals
        12          0          1          0          0          0   (incl. Padding)

    ----------------------------------------------------------------------

      Code (inc. data)   RO Data    RW Data    ZI Data      Debug   Library Name

      1282         36         57          0         96       1504   c_w.l
        26          0          0          0          0        116   fz_wm.l

    ----------------------------------------------------------------------
      1320         36         58          0         96       1620   Library Totals

    ----------------------------------------------------------------------

==============================================================================


      Code (inc. data)   RO Data    RW Data    ZI Data      Debug   

     25482        436        646         16      13584     346466   Grand Totals
     25482        436        646         16      13584     346466   ELF Image Totals
     25482        436        646         16          0          0   ROM Totals

==============================================================================

    Total RO  Size (Code + RO Data)                26128 (  25.52kB)
    Total RW  Size (RW Data + ZI Data)             13600 (  13.28kB)
    Total ROM Size (Code + RO Data + RW Data)      26144 (  25.53kB)

==============================================================================

