Component: Arm Compiler for Embedded 6.21 Tool: armlink [5ec1fa00]

==============================================================================

Section Cross References

    startup_stm32f303xc.o(STACK) refers (Special) to heapauxi.o(.text) for __use_two_region_memory
    startup_stm32f303xc.o(HEAP) refers (Special) to heapauxi.o(.text) for __use_two_region_memory
    startup_stm32f303xc.o(RESET) refers (Special) to heapauxi.o(.text) for __use_two_region_memory
    startup_stm32f303xc.o(RESET) refers to startup_stm32f303xc.o(STACK) for __initial_sp
    startup_stm32f303xc.o(RESET) refers to startup_stm32f303xc.o(.text) for Reset_Handler
    startup_stm32f303xc.o(RESET) refers to stm32f3xx_it.o(.text.NMI_Handler) for NMI_Handler
    startup_stm32f303xc.o(RESET) refers to stm32f3xx_it.o(.text.HardFault_Handler) for HardFault_Handler
    startup_stm32f303xc.o(RESET) refers to stm32f3xx_it.o(.text.MemManage_Handler) for MemManage_Handler
    startup_stm32f303xc.o(RESET) refers to stm32f3xx_it.o(.text.BusFault_Handler) for BusFault_Handler
    startup_stm32f303xc.o(RESET) refers to stm32f3xx_it.o(.text.UsageFault_Handler) for UsageFault_Handler
    startup_stm32f303xc.o(RESET) refers to port.o(.text.SVC_Handler) for SVC_Handler
    startup_stm32f303xc.o(RESET) refers to stm32f3xx_it.o(.text.DebugMon_Handler) for DebugMon_Handler
    startup_stm32f303xc.o(RESET) refers to port.o(.text.PendSV_Handler) for PendSV_Handler
    startup_stm32f303xc.o(RESET) refers to port.o(.text.SysTick_Handler) for SysTick_Handler
    startup_stm32f303xc.o(RESET) refers to stm32f3xx_it.o(.text.DMA1_Channel3_IRQHandler) for DMA1_Channel3_IRQHandler
    startup_stm32f303xc.o(RESET) refers to stm32f3xx_it.o(.text.DMA1_Channel5_IRQHandler) for DMA1_Channel5_IRQHandler
    startup_stm32f303xc.o(RESET) refers to stm32f3xx_it.o(.text.TIM1_UP_TIM16_IRQHandler) for TIM1_UP_TIM16_IRQHandler
    startup_stm32f303xc.o(RESET) refers to stm32f3xx_it.o(.text.SPI1_IRQHandler) for SPI1_IRQHandler
    startup_stm32f303xc.o(RESET) refers to stm32f3xx_it.o(.text.USART1_IRQHandler) for USART1_IRQHandler
    startup_stm32f303xc.o(RESET) refers to stm32f3xx_it.o(.text.USART2_IRQHandler) for USART2_IRQHandler
    startup_stm32f303xc.o(RESET) refers to stm32f3xx_it.o(.text.USART3_IRQHandler) for USART3_IRQHandler
    startup_stm32f303xc.o(.text) refers (Special) to heapauxi.o(.text) for __use_two_region_memory
    startup_stm32f303xc.o(.text) refers to system_stm32f3xx.o(.text.SystemInit) for SystemInit
    startup_stm32f303xc.o(.text) refers to __main.o(!!!main) for __main
    startup_stm32f303xc.o(.text) refers to startup_stm32f303xc.o(HEAP) for Heap_Mem
    startup_stm32f303xc.o(.text) refers to startup_stm32f303xc.o(STACK) for Stack_Mem
    blynk_task.o(.text.CreateBlynkTask) refers to cmsis_os.o(.text.osThreadCreate) for osThreadCreate
    blynk_task.o(.text.CreateBlynkTask) refers to blynk_task.o(.rodata.str1.1) for [Anonymous Symbol]
    blynk_task.o(.text.CreateBlynkTask) refers to blynk_task.o(.text.Blynk_Task) for Blynk_Task
    blynk_task.o(.ARM.exidx.text.CreateBlynkTask) refers to blynk_task.o(.text.CreateBlynkTask) for [Anonymous Symbol]
    blynk_task.o(.text.Blynk_Task) refers to stm32f3xx_hal_gpio.o(.text.HAL_GPIO_TogglePin) for HAL_GPIO_TogglePin
    blynk_task.o(.text.Blynk_Task) refers to cmsis_os.o(.text.osDelay) for osDelay
    blynk_task.o(.ARM.exidx.text.Blynk_Task) refers to blynk_task.o(.text.Blynk_Task) for [Anonymous Symbol]
    uart_task.o(.text.CreateUARTTask) refers to cmsis_os.o(.text.osThreadCreate) for osThreadCreate
    uart_task.o(.text.CreateUARTTask) refers to main.o(.bss.huart1) for huart1
    uart_task.o(.text.CreateUARTTask) refers to stm32f3xx_hal_uart.o(.text.HAL_UART_Transmit) for HAL_UART_Transmit
    uart_task.o(.text.CreateUARTTask) refers to uart_task.o(.rodata.str1.1) for [Anonymous Symbol]
    uart_task.o(.text.CreateUARTTask) refers to uart_task.o(.text.UART_Task) for UART_Task
    uart_task.o(.ARM.exidx.text.CreateUARTTask) refers to uart_task.o(.text.CreateUARTTask) for [Anonymous Symbol]
    uart_task.o(.text.UART_Task) refers to main.o(.bss.huart1) for huart1
    uart_task.o(.text.UART_Task) refers to uart_task.o(.bss.rx_buffer) for rx_buffer
    uart_task.o(.text.UART_Task) refers to stm32f3xx_hal_uart.o(.text.HAL_UART_Receive_DMA) for HAL_UART_Receive_DMA
    uart_task.o(.text.UART_Task) refers to stm32f3xx_hal_uart.o(.text.HAL_UART_DMAStop) for HAL_UART_DMAStop
    uart_task.o(.text.UART_Task) refers to cmsis_os.o(.text.osDelay) for osDelay
    uart_task.o(.text.UART_Task) refers to cmsis_os.o(.text.osKernelSysTick) for osKernelSysTick
    uart_task.o(.text.UART_Task) refers to stm32f3xx_hal_uart.o(.text.HAL_UART_Transmit) for HAL_UART_Transmit
    uart_task.o(.ARM.exidx.text.UART_Task) refers to uart_task.o(.text.UART_Task) for [Anonymous Symbol]
    uart_task.o(.text.Check_Have_Data) refers to cmsis_os.o(.text.osKernelSysTick) for osKernelSysTick
[...]
    .ARM.Collect$$rtentry$$0000000D          0x08000248   Section        8  __rtentry2.o(.ARM.Collect$$rtentry$$0000000D)
    .ARM.Collect$$rtexit$$00000000           0x08000250   Section        2  rtexit.o(.ARM.Collect$$rtexit$$00000000)
    .ARM.Collect$$rtexit$$00000002           0x08000252   Section        0  rtexit2.o(.ARM.Collect$$rtexit$$00000002)
    .ARM.Collect$$rtexit$$00000003           0x08000252   Section        4  rtexit2.o(.ARM.Collect$$rtexit$$00000003)
    .ARM.Collect$$rtexit$$00000004           0x08000256   Section        6  rtexit2.o(.ARM.Collect$$rtexit$$00000004)
    $v0                                      0x0800025c   Number         0  startup_stm32f303xc.o(.text)
    .text                                    0x0800025c   Section       64  startup_stm32f303xc.o(.text)
    .text                                    0x0800029c   Section        0  __2sprintf.o(.text)
    .text                                    0x080002c8   Section        0  _printf_pad.o(.text)
    .text                                    0x08000318   Section        0  _printf_hex_int.o(.text)
    .text                                    0x08000370   Section        0  __printf_flags_wp.o(.text)
    .text                                    0x080004a8   Section       78  rt_memclr_w.o(.text)
    .text                                    0x080004f6   Section        0  heapauxi.o(.text)
    .text                                    0x080004fc   Section        0  _printf_intcommon.o(.text)
    _printf_input_char                       0x080005b1   Thumb Code    10  _printf_char_common.o(.text)
    .text                                    0x080005b0   Section        0  _printf_char_common.o(.text)
    .text                                    0x080005e0   Section        0  _sputc.o(.text)
    .text                                    0x080005ea   Section       74  sys_stackheap_outer.o(.text)
    .text                                    0x08000634   Section        0  exit.o(.text)
    .text                                    0x08000648   Section        8  libspace.o(.text)
    .text                                    0x08000650   Section        0  sys_exit.o(.text)
    .text                                    0x0800065c   Section        2  use_no_semi.o(.text)
    .text                                    0x0800065e   Section        0  indicate_semi.o(.text)
    [Anonymous Symbol]                       0x08000660   Section        0  blynk_task.o(.text.Blynk_Task)
    [Anonymous Symbol]                       0x0800067c   Section        0  stm32f3xx_it.o(.text.BusFault_Handler)
    [Anonymous Symbol]                       0x08000680   Section        0  blynk_task.o(.text.CreateBlynkTask)
    [Anonymous Symbol]                       0x080006c4   Section        0  flash_task.o(.text.CreateFlashTask)
    [Anonymous Symbol]                       0x08000758   Section        0  stm32f3xx_it.o(.text.DMA1_Channel3_IRQHandler)
    [Anonymous Symbol]                       0x08000764   Section        0  stm32f3xx_it.o(.text.DMA1_Channel5_IRQHandler)
    [Anonymous Symbol]                       0x08000770   Section        0  stm32f3xx_it.o(.text.DebugMon_Handler)
    [Anonymous Symbol]                       0x08000774   Section        0  main.o(.text.Error_Handler)
    [Anonymous Symbol]                       0x08000780   Section        0  flash_task.o(.text.Flash_Task)
    [Anonymous Symbol]                       0x0800081c   Section        0  stm32f3xx_hal_dma.o(.text.HAL_DMA_Abort)
    [Anonymous Symbol]                       0x0800086c   Section        0  stm32f3xx_hal_dma.o(.text.HAL_DMA_Abort_IT)
    [Anonymous Symbol]                       0x080008b4   Section        0  stm32f3xx_hal_dma.o(.text.HAL_DMA_IRQHandler)
    [Anonymous Symbol]                       0x08000958   Section        0  stm32f3xx_hal_dma.o(.text.HAL_DMA_Init)
    [Anonymous Symbol]                       0x080009f4   Section        0  stm32f3xx_hal_gpio.o(.text.HAL_GPIO_Init)
    [Anonymous Symbol]                       0x08000b94   Section        0  stm32f3xx_hal_gpio.o(.text.HAL_GPIO_TogglePin)
    [Anonymous Symbol]                       0x08000ba4   Section        0  stm32f3xx_hal_gpio.o(.text.HAL_GPIO_WritePin)
    [Anonymous Symbol]                       0x08000bb0   Section        0  stm32f3xx_hal.o(.text.HAL_GetTick)
    [Anonymous Symbol]                       0x08000bbc   Section        0  stm32f3xx_hal.o(.text.HAL_IncTick)
    [Anonymous Symbol]                       0x08000bd8   Section        0  stm32f3xx_hal.o(.text.HAL_Init)
    [Anonymous Symbol]                       0x08000c00   Section        0  stm32f3xx_hal_timebase_tim.o(.text.HAL_InitTick)
    [Anonymous Symbol]                       0x08000cb0   Section        0  stm32f3xx_hal_msp.o(.text.HAL_MspInit)
    [Anonymous Symbol]                       0x08000cec   Section        0  stm32f3xx_hal_cortex.o(.text.HAL_NVIC_EnableIRQ)
    [Anonymous Symbol]                       0x08000d10   Section        0  stm32f3xx_hal_cortex.o(.text.HAL_NVIC_SetPriority)
    [Anonymous Symbol]                       0x08000d68   Section        0  stm32f3xx_hal_cortex.o(.text.HAL_NVIC_SetPriorityGrouping)
    [Anonymous Symbol]                       0x08000d88   Section        0  stm32f3xx_hal_rcc_ex.o(.text.HAL_RCCEx_PeriphCLKConfig)
    [Anonymous Symbol]                       0x08000f94   Section        0  stm32f3xx_hal_rcc.o(.text.HAL_RCC_ClockConfig)
    [Anonymous Symbol]                       0x08001138   Section        0  stm32f3xx_hal_rcc.o(.text.HAL_RCC_GetClockConfig)
    [Anonymous Symbol]                       0x0800117c   Section        0  stm32f3xx_hal_rcc.o(.text.HAL_RCC_GetPCLK1Freq)
    [Anonymous Symbol]                       0x080011a4   Section        0  stm32f3xx_hal_rcc.o(.text.HAL_RCC_GetPCLK2Freq)
    [Anonymous Symbol]                       0x080011cc   Section        0  stm32f3xx_hal_rcc.o(.text.HAL_RCC_GetSysClockFreq)
    [Anonymous Symbol]                       0x08001224   Section        0  stm32f3xx_hal_rcc.o(.text.HAL_RCC_OscConfig)
    [Anonymous Symbol]                       0x080015cc   Section        0  stm32f3xx_hal_spi.o(.text.HAL_SPI_ErrorCallback)
    [Anonymous Symbol]                       0x080015d0   Section        0  stm32f3xx_hal_spi.o(.text.HAL_SPI_IRQHandler)
    [Anonymous Symbol]                       0x080016fc   Section        0  stm32f3xx_hal_spi.o(.text.HAL_SPI_Init)
    [Anonymous Symbol]                       0x080017e0   Section        0  stm32f3xx_hal_msp.o(.text.HAL_SPI_MspInit)
    [Anonymous Symbol]                       0x0800188c   Section        0  stm32f3xx_hal_spi.o(.text.HAL_SPI_Receive)
    [Anonymous Symbol]                       0x08001ad0   Section        0  stm32f3xx_hal_spi.o(.text.HAL_SPI_Transmit)
    [Anonymous Symbol]                       0x08001d38   Section        0  stm32f3xx_hal_spi.o(.text.HAL_SPI_TransmitReceive)
    [Anonymous Symbol]                       0x08002044   Section        0  stm32f3xx_hal_tim_ex.o(.text.HAL_TIMEx_Break2Callback)
    [Anonymous Symbol]                       0x08002048   Section        0  stm32f3xx_hal_tim_ex.o(.text.HAL_TIMEx_BreakCallback)
    [Anonymous Symbol]                       0x0800204c   Section        0  stm32f3xx_hal_tim_ex.o(.text.HAL_TIMEx_CommutCallback)
    [Anonymous Symbol]                       0x08002050   Section        0  stm32f3xx_hal_tim.o(.text.HAL_TIM_Base_Init)
    [Anonymous Symbol]                       0x080020b4   Section        0  stm32f3xx_hal_tim.o(.text.HAL_TIM_Base_MspInit)
    [Anonymous Symbol]                       0x080020b8   Section        0  stm32f3xx_hal_tim.o(.text.HAL_TIM_Base_Start_IT)
    [Anonymous Symbol]                       0x0800214c   Section        0  stm32f3xx_hal_tim.o(.text.HAL_TIM_IC_CaptureCallback)
    [Anonymous Symbol]                       0x08002150   Section        0  stm32f3xx_hal_tim.o(.text.HAL_TIM_IRQHandler)
    [Anonymous Symbol]                       0x080022bc   Section        0  stm32f3xx_hal_tim.o(.text.HAL_TIM_OC_DelayElapsedCallback)
    [Anonymous Symbol]                       0x080022c0   Section        0  stm32f3xx_hal_tim.o(.text.HAL_TIM_PWM_PulseFinishedCallback)
    [Anonymous Symbol]                       0x080022c4   Section        0  main.o(.text.HAL_TIM_PeriodElapsedCallback)
    [Anonymous Symbol]                       0x080022d8   Section        0  stm32f3xx_hal_tim.o(.text.HAL_TIM_TriggerCallback)
    [Anonymous Symbol]                       0x080022dc   Section        0  stm32f3xx_hal_uart.o(.text.HAL_UARTEx_RxEventCallback)
    [Anonymous Symbol]                       0x080022e0   Section        0  stm32f3xx_hal_uart_ex.o(.text.HAL_UARTEx_WakeupCallback)
    [Anonymous Symbol]                       0x080022e4   Section        0  stm32f3xx_hal_uart.o(.text.HAL_UART_ErrorCallback)
    [Anonymous Symbol]                       0x080022e8   Section        0  stm32f3xx_hal_uart.o(.text.HAL_UART_IRQHandler)
    [Anonymous Symbol]                       0x080028c4   Section        0  stm32f3xx_hal_uart.o(.text.HAL_UART_Init)
    [Anonymous Symbol]                       0x08002924   Section        0  stm32f3xx_hal_msp.o(.text.HAL_UART_MspInit)
    [Anonymous Symbol]                       0x08002ac8   Section        0  stm32f3xx_hal_uart.o(.text.HAL_UART_Transmit)
    [Anonymous Symbol]                       0x08002c58   Section        0  stm32f3xx_hal_uart.o(.text.HAL_UART_TxCpltCallback)
    [Anonymous Symbol]                       0x08002c5c   Section        0  stm32f3xx_it.o(.text.HardFault_Handler)
    [Anonymous Symbol]                       0x08002c60   Section        0  stm32f3xx_it.o(.text.MemManage_Handler)
    [Anonymous Symbol]                       0x08002c64   Section        0  stm32f3xx_it.o(.text.NMI_Handler)
    [Anonymous Symbol]                       0x08002c68   Section        0  port.o(.text.PendSV_Handler)
    [Anonymous Symbol]                       0x08002cc8   Section        0  flash_task.o(.text.Read_Data)
    [Anonymous Symbol]                       0x08002db4   Section        0  flash_task.o(.text.Read_JEDEC_ID)
    [Anonymous Symbol]                       0x08002e94   Section        0  stm32f3xx_it.o(.text.SPI1_IRQHandler)
    SPI_DMAAbortOnError                      0x08002ea1   Thumb Code    14  stm32f3xx_hal_spi.o(.text.SPI_DMAAbortOnError)
    [Anonymous Symbol]                       0x08002ea0   Section        0  stm32f3xx_hal_spi.o(.text.SPI_DMAAbortOnError)
    SPI_WaitFifoStateUntilTimeout            0x08002eb1   Thumb Code   382  stm32f3xx_hal_spi.o(.text.SPI_WaitFifoStateUntilTimeout)
    [Anonymous Symbol]                       0x08002eb0   Section        0  stm32f3xx_hal_spi.o(.text.SPI_WaitFifoStateUntilTimeout)
    SPI_WaitFlagStateUntilTimeout            0x08003031   Thumb Code   206  stm32f3xx_hal_spi.o(.text.SPI_WaitFlagStateUntilTimeout)
    [Anonymous Symbol]                       0x08003030   Section        0  stm32f3xx_hal_spi.o(.text.SPI_WaitFlagStateUntilTimeout)
    [Anonymous Symbol]                       0x08003100   Section        0  port.o(.text.SVC_Handler)
    [Anonymous Symbol]                       0x08003120   Section        0  main.o(.text.StartDefaultTask)
    [Anonymous Symbol]                       0x0800315c   Section        0  port.o(.text.SysTick_Handler)
    [Anonymous Symbol]                       0x0800318c   Section        0  system_stm32f3xx.o(.text.SystemInit)
    [Anonymous Symbol]                       0x080031a0   Section        0  stm32f3xx_it.o(.text.TIM1_UP_TIM16_IRQHandler)
    [Anonymous Symbol]                       0x080031ac   Section        0  stm32f3xx_hal_tim.o(.text.TIM_Base_SetConfig)
    [Anonymous Symbol]                       0x080032d0   Section        0  stm32f3xx_hal_uart.o(.text.UART_AdvFeatureConfig)
    [Anonymous Symbol]                       0x080033bc   Section        0  stm32f3xx_hal_uart.o(.text.UART_CheckIdleState)
    UART_DMAAbortOnError                     0x08003525   Thumb Code    16  stm32f3xx_hal_uart.o(.text.UART_DMAAbortOnError)
    [Anonymous Symbol]                       0x08003524   Section        0  stm32f3xx_hal_uart.o(.text.UART_DMAAbortOnError)
    [Anonymous Symbol]                       0x08003534   Section        0  stm32f3xx_hal_uart.o(.text.UART_SetConfig)
    [Anonymous Symbol]                       0x080036f8   Section        0  stm32f3xx_hal_uart.o(.text.UART_WaitOnFlagUntilTimeout)
    [Anonymous Symbol]                       0x08003a38   Section        0  stm32f3xx_it.o(.text.USART1_IRQHandler)
    [Anonymous Symbol]                       0x08003a44   Section        0  stm32f3xx_it.o(.text.USART2_IRQHandler)
    [Anonymous Symbol]                       0x08003a50   Section        0  stm32f3xx_it.o(.text.USART3_IRQHandler)
    [Anonymous Symbol]                       0x08003a5c   Section        0  stm32f3xx_it.o(.text.UsageFault_Handler)
    [Anonymous Symbol]                       0x08003a60   Section        0  w25q128.o(.text.W25_Busy)
    [Anonymous Symbol]                       0x08003ae0   Section        0  w25q128.o(.text.W25_PageProgram)
    [Anonymous Symbol]                       0x08003c44   Section        0  w25q128.o(.text.W25_ReadData)
    [Anonymous Symbol]                       0x08003cbc   Section        0  w25q128.o(.text.W25_ReadJedecID)
    [Anonymous Symbol]                       0x08003d24   Section        0  w25q128.o(.text.W25_SectorErase)
    [Anonymous Symbol]                       0x08003dc4   Section        0  main.o(.text.main)
    [Anonymous Symbol]                       0x08004058   Section        0  cmsis_os.o(.text.osDelay)
    [Anonymous Symbol]                       0x0800406c   Section        0  cmsis_os.o(.text.osKernelStart)
    [Anonymous Symbol]                       0x08004078   Section        0  cmsis_os.o(.text.osThreadCreate)
    prvAddNewTaskToReadyList                 0x080040d5   Thumb Code   252  tasks.o(.text.prvAddNewTaskToReadyList)
    [Anonymous Symbol]                       0x080040d4   Section        0  tasks.o(.text.prvAddNewTaskToReadyList)
    prvIdleTask                              0x080041d1   Thumb Code   134  tasks.o(.text.prvIdleTask)
    [Anonymous Symbol]                       0x080041d0   Section        0  tasks.o(.text.prvIdleTask)
    prvInitialiseNewTask                     0x08004259   Thumb Code   266  tasks.o(.text.prvInitialiseNewTask)
    [Anonymous Symbol]                       0x08004258   Section        0  tasks.o(.text.prvInitialiseNewTask)
    prvPortStartFirstTask                    0x08004365   Thumb Code    40  port.o(.text.prvPortStartFirstTask)
    [Anonymous Symbol]                       0x08004364   Section        0  port.o(.text.prvPortStartFirstTask)
    prvTaskExitError                         0x0800438d   Thumb Code    62  port.o(.text.prvTaskExitError)
    [Anonymous Symbol]                       0x0800438c   Section        0  port.o(.text.prvTaskExitError)
    [Anonymous Symbol]                       0x080043cc   Section        0  heap_4.o(.text.pvPortMalloc)
    [Anonymous Symbol]                       0x080045bc   Section        0  port.o(.text.pxPortInitialiseStack)
    [Anonymous Symbol]                       0x080045e0   Section        0  list.o(.text.uxListRemove)
    [Anonymous Symbol]                       0x08004604   Section        0  freertos.o(.text.vApplicationGetIdleTaskMemory)
    [Anonymous Symbol]                       0x08004620   Section        0  list.o(.text.vListInitialise)
    [Anonymous Symbol]                       0x08004638   Section        0  list.o(.text.vListInitialiseItem)
    [Anonymous Symbol]                       0x08004640   Section        0  list.o(.text.vListInsert)
    [Anonymous Symbol]                       0x080046a8   Section        0  list.o(.text.vListInsertEnd)
    vPortEnableVFP                           0x080046c5   Thumb Code    20  port.o(.text.vPortEnableVFP)
    [Anonymous Symbol]                       0x080046c4   Section        0  port.o(.text.vPortEnableVFP)
    [Anonymous Symbol]                       0x080046d8   Section        0  port.o(.text.vPortEnterCritical)
    [Anonymous Symbol]                       0x08004720   Section        0  port.o(.text.vPortExitCritical)
    [Anonymous Symbol]                       0x08004750   Section        0  heap_4.o(.text.vPortFree)
    [Anonymous Symbol]                       0x08004820   Section        0  port.o(.text.vPortSetupTimerInterrupt)
    [Anonymous Symbol]                       0x08004854   Section        0  tasks.o(.text.vTaskDelay)
    [Anonymous Symbol]                       0x080048ec   Section        0  tasks.o(.text.vTaskStartScheduler)
    [Anonymous Symbol]                       0x080049b4   Section        0  tasks.o(.text.vTaskSuspendAll)
    [Anonymous Symbol]                       0x080049c4   Section        0  tasks.o(.text.vTaskSwitchContext)
    [Anonymous Symbol]                       0x08004a34   Section        0  port.o(.text.xPortStartScheduler)
    [Anonymous Symbol]                       0x08004bf0   Section        0  tasks.o(.text.xTaskCreate)
    [Anonymous Symbol]                       0x08004c50   Section        0  tasks.o(.text.xTaskCreateStatic)
    [Anonymous Symbol]                       0x08004cc4   Section        0  tasks.o(.text.xTaskIncrementTick)
    [Anonymous Symbol]                       0x08004dd0   Section        0  tasks.o(.text.xTaskResumeAll)
    i._is_digit                              0x08004eba   Section        0  __printf_wp.o(i._is_digit)
    $v0                                      0x08004ec8   Number         0  fpinit.o(x$fpl$fpinit)
    x$fpl$fpinit                             0x08004ec8   Section       26  fpinit.o(x$fpl$fpinit)
    uc_hextab                                0x08004ee2   Data          20  _printf_hex_int.o(.constdata)
    .constdata                               0x08004ee2   Section       40  _printf_hex_int.o(.constdata)
    lc_hextab                                0x08004ef6   Data          20  _printf_hex_int.o(.constdata)
    maptable                                 0x08004f0a   Data          17  __printf_flags_wp.o(.constdata)
    .constdata                               0x08004f0a   Section       17  __printf_flags_wp.o(.constdata)
    .L__unnamed_1                            0x08004f1c   Data          20  flash_task.o(.rodata..L__unnamed_1)
    .L__unnamed_2                            0x08004f30   Data          20  flash_task.o(.rodata..L__unnamed_2)
    aPLLMULFactorTable                       0x08004f5c   Data          16  stm32f3xx_hal_rcc.o(.rodata.cst16)
    [Anonymous Symbol]                       0x08004f5c   Section        0  stm32f3xx_hal_rcc.o(.rodata.cst16)
    aPredivFactorTable                       0x08004f6c   Data          16  stm32f3xx_hal_rcc.o(.rodata.cst16)
    .Lswitch.table.UART_SetConfig.4          0x08004f7c   Data          16  stm32f3xx_hal_uart.o(.rodata.cst16)
    [Anonymous Symbol]                       0x08004f8c   Section        0  blynk_task.o(.rodata.str1.1)
    .L.str.3                                 0x08004f92   Data           6  flash_task.o(.rodata.str1.1)
    [Anonymous Symbol]                       0x08004f92   Section        0  flash_task.o(.rodata.str1.1)
    [Anonymous Symbol]                       0x08004f9e   Section        0  main.o(.rodata.str1.1)
    .L_MergedGlobals                         0x20000000   Data           8  stm32f3xx_hal.o(.data..L_MergedGlobals)
    [Anonymous Symbol]                       0x20000000   Section        0  stm32f3xx_hal.o(.data..L_MergedGlobals)
    uxCriticalNesting                        0x2000000c   Data           4  port.o(.data.uxCriticalNesting)
    [Anonymous Symbol]                       0x2000000c   Section        0  port.o(.data.uxCriticalNesting)
    .bss                                     0x20000010   Section       96  libspace.o(.bss)
    .L_MergedGlobals                         0x20000070   Data         104  main.o(.bss..L_MergedGlobals)
    [Anonymous Symbol]                       0x20000070   Section        0  main.o(.bss..L_MergedGlobals)
    .L_MergedGlobals                         0x200000d8   Data         116  tasks.o(.bss..L_MergedGlobals)
    xNextTaskUnblockTime                     0x200000d8   Data           2  tasks.o(.bss..L_MergedGlobals)
    [Anonymous Symbol]                       0x200000d8   Section        0  tasks.o(.bss..L_MergedGlobals)
    xTickCount                               0x200000da   Data           2  tasks.o(.bss..L_MergedGlobals)
    uxTopReadyPriority                       0x200000e0   Data           4  tasks.o(.bss..L_MergedGlobals)
    uxTaskNumber                             0x200000e4   Data           4  tasks.o(.bss..L_MergedGlobals)
    uxDeletedTasksWaitingCleanUp             0x200000e8   Data           4  tasks.o(.bss..L_MergedGlobals)
    uxCurrentNumberOfTasks                   0x200000ec   Data           4  tasks.o(.bss..L_MergedGlobals)
    xSchedulerRunning                        0x200000f0   Data           4  tasks.o(.bss..L_MergedGlobals)
    uxSchedulerSuspended                     0x200000f4   Data           4  tasks.o(.bss..L_MergedGlobals)
    xIdleTaskHandle                          0x200000f8   Data           4  tasks.o(.bss..L_MergedGlobals)
    xYieldPending                            0x200000fc   Data           4  tasks.o(.bss..L_MergedGlobals)
    uxPendedTicks                            0x20000100   Data           4  tasks.o(.bss..L_MergedGlobals)
    pxDelayedTaskList                        0x20000104   Data           4  tasks.o(.bss..L_MergedGlobals)
    pxOverflowDelayedTaskList                0x20000108   Data           4  tasks.o(.bss..L_MergedGlobals)
    xNumOfOverflows                          0x2000010c   Data           4  tasks.o(.bss..L_MergedGlobals)
    xTasksWaitingTermination                 0x20000110   Data          20  tasks.o(.bss..L_MergedGlobals)
    xSuspendedTaskList                       0x20000124   Data          20  tasks.o(.bss..L_MergedGlobals)
    xPendingReadyList                        0x20000138   Data          20  tasks.o(.bss..L_MergedGlobals)
    .L_MergedGlobals                         0x2000014c   Data          24  heap_4.o(.bss..L_MergedGlobals)
    xBlockAllocatedBit                       0x2000014c   Data           1  heap_4.o(.bss..L_MergedGlobals)
    [Anonymous Symbol]                       0x2000014c   Section        0  heap_4.o(.bss..L_MergedGlobals)
    pxEnd                                    0x20000150   Data           4  heap_4.o(.bss..L_MergedGlobals)
    xFreeBytesRemaining                      0x20000154   Data           4  heap_4.o(.bss..L_MergedGlobals)
    xMinimumEverFreeBytesRemaining           0x20000158   Data           4  heap_4.o(.bss..L_MergedGlobals)
    xStart                                   0x2000015c   Data           8  heap_4.o(.bss..L_MergedGlobals)
    .L_MergedGlobals                         0x20000164   Data           8  port.o(.bss..L_MergedGlobals)
    ucMaxSysCallPriority                     0x20000164   Data           1  port.o(.bss..L_MergedGlobals)
    [Anonymous Symbol]                       0x20000164   Section        0  port.o(.bss..L_MergedGlobals)
    ulMaxPRIGROUPValue                       0x20000168   Data           4  port.o(.bss..L_MergedGlobals)
    .L_MergedGlobals.2                       0x2000016c   Data          40  tasks.o(.bss..L_MergedGlobals.2)
    xDelayedTaskList1                        0x2000016c   Data          20  tasks.o(.bss..L_MergedGlobals.2)
    [Anonymous Symbol]                       0x2000016c   Section        0  tasks.o(.bss..L_MergedGlobals.2)
    xDelayedTaskList2                        0x20000180   Data          20  tasks.o(.bss..L_MergedGlobals.2)
    pxReadyTasksLists                        0x20000400   Data         140  tasks.o(.bss.pxReadyTasksLists)
    [Anonymous Symbol]                       0x20000400   Section        0  tasks.o(.bss.pxReadyTasksLists)
    ucHeap                                   0x2000048c   Data        5120  heap_4.o(.bss.ucHeap)
    [Anonymous Symbol]                       0x2000048c   Section        0  heap_4.o(.bss.ucHeap)
    xIdleStack                               0x20001890   Data         512  freertos.o(.bss.xIdleStack)
    [Anonymous Symbol]                       0x20001890   Section        0  freertos.o(.bss.xIdleStack)
    xIdleTaskTCBBuffer                       0x20001a90   Data          84  freertos.o(.bss.xIdleTaskTCBBuffer)
    [Anonymous Symbol]                       0x20001a90   Section        0  freertos.o(.bss.xIdleTaskTCBBuffer)
    Heap_Mem                                 0x20001ae8   Data         512  startup_stm32f303xc.o(HEAP)
    HEAP                                     0x20001ae8   Section      512  startup_stm32f303xc.o(HEAP)
    Stack_Mem                                0x20001ce8   Data        1024  startup_stm32f303xc.o(STACK)
    STACK                                    0x20001ce8   Section     1024  startup_stm32f303xc.o(STACK)
    __initial_sp                             0x200020e8   Data           0  startup_stm32f303xc.o(STACK)

    Global Symbols

    Symbol Name                              Value     Ov Type        Size  Object(Section)

    BuildAttributes$$THM_ISAv4$E$P$D$K$B$S$7EM$VFPi3$EXTD16$VFPS$VFMA$PE$A:L22UL41UL21$X:L11$S22US41US21$IEEE1$IW$~IW$USESV6$~STKCKD$USESV7$~SHL$OTIME$ROPI$EBA8$UX$STANDARDLIB$REQ8$PRES8$EABIv2 0x00000000   Number         0  anon$$obj.o ABSOLUTE
    _printf_flags                            0x00000000   Number         0  printf_stubs.o ABSOLUTE
    _printf_return_value                     0x00000000   Number         0  printf_stubs.o ABSOLUTE
    _printf_sizespec                         0x00000000   Number         0  printf_stubs.o ABSOLUTE
    _printf_widthprec                        0x00000000   Number         0  printf_stubs.o ABSOLUTE
    __ARM_exceptions_init                     - Undefined Weak Reference
    __alloca_initialize                       - Undefined Weak Reference
    __arm_preinit_                            - Undefined Weak Reference
    __arm_relocate_pie_                       - Undefined Weak Reference
    __cpp_initialize__aeabi_                  - Undefined Weak Reference
    __cxa_finalize                            - Undefined Weak Reference
    __rt_locale                               - Undefined Weak Reference
    __sigvec_lookup                           - Undefined Weak Reference
    _atexit_init                              - Undefined Weak Reference
    _call_atexit_fns                          - Undefined Weak Reference
    _clock_init                               - Undefined Weak Reference
    _fp_trap_init                             - Undefined Weak Reference
    _fp_trap_shutdown                         - Undefined Weak Reference
    _get_lc_collate                           - Undefined Weak Reference
    _get_lc_ctype                             - Undefined Weak Reference
    _get_lc_monetary                          - Undefined Weak Reference
    _get_lc_numeric                           - Undefined Weak Reference
    _get_lc_time                              - Undefined Weak Reference
    _getenv_init                              - Undefined Weak Reference
    _handle_redirection                       - Undefined Weak Reference
    _init_alloc                               - Undefined Weak Reference
    _init_user_alloc                          - Undefined Weak Reference
    _initio                                   - Undefined Weak Reference
    _printf_truncate_unsigned                 - Undefined Weak Reference
    _rand_init                                - Undefined Weak Reference
    _signal_finish                            - Undefined Weak Reference
    _signal_init                              - Undefined Weak Reference
    _terminate_alloc                          - Undefined Weak Reference
    _terminate_user_alloc                     - Undefined Weak Reference
    _terminateio                              - Undefined Weak Reference
    __Vectors_Size                           0x00000188   Number         0  startup_stm32f303xc.o ABSOLUTE
    __Vectors                                0x08000000   Data           4  startup_stm32f303xc.o(RESET)
    __Vectors_End                            0x08000188   Data           0  startup_stm32f303xc.o(RESET)
    __main                                   0x08000189   Thumb Code     8  __main.o(!!!main)
    __scatterload                            0x08000191   Thumb Code     0  __scatter.o(!!!scatter)
    __scatterload_rt2                        0x08000191   Thumb Code    84  __scatter.o(!!!scatter)
    __scatterload_rt2_thumb_only             0x08000191   Thumb Code     0  __scatter.o(!!!scatter)
    __scatterload_loop                       0x0800019b   Thumb Code     0  __scatter.o(!!!scatter)
    __scatterload_copy                       0x080001ed   Thumb Code    26  __scatter_copy.o(!!handler_copy)
    __scatterload_null                       0x08000209   Thumb Code     2  __scatter.o(!!handler_null)
    __scatterload_zeroinit                   0x0800020d   Thumb Code    28  __scatter_zi.o(!!handler_zi)
    _printf_percent                          0x08000229   Thumb Code     0  _printf_percent.o(.ARM.Collect$$_printf_percent$$00000000)
    _printf_x                                0x08000229   Thumb Code     0  _printf_x.o(.ARM.Collect$$_printf_percent$$0000000C)
    _printf_percent_end                      0x0800022f   Thumb Code     0  _printf_percent_end.o(.ARM.Collect$$_printf_percent$$00000017)
    __rt_lib_init                            0x08000233   Thumb Code     0  libinit.o(.ARM.Collect$$libinit$$00000000)
    __rt_lib_init_fp_1                       0x08000235   Thumb Code     0  libinit2.o(.ARM.Collect$$libinit$$00000001)
    __rt_lib_init_alloca_1                   0x08000239   Thumb Code     0  libinit2.o(.ARM.Collect$$libinit$$00000030)
    __rt_lib_init_argv_1                     0x08000239   Thumb Code     0  libinit2.o(.ARM.Collect$$libinit$$0000002E)
    __rt_lib_init_atexit_1                   0x08000239   Thumb Code     0  libinit2.o(.ARM.Collect$$libinit$$0000001D)
    __rt_lib_init_clock_1                    0x08000239   Thumb Code     0  libinit2.o(.ARM.Collect$$libinit$$00000023)
    __rt_lib_init_cpp_1                      0x08000239   Thumb Code     0  libinit2.o(.ARM.Collect$$libinit$$00000034)
    __rt_lib_init_exceptions_1               0x08000239   Thumb Code     0  libinit2.o(.ARM.Collect$$libinit$$00000032)
    __rt_lib_init_fp_trap_1                  0x08000239   Thumb Code     0  libinit2.o(.ARM.Collect$$libinit$$00000021)
    __rt_lib_init_getenv_1                   0x08000239   Thumb Code     0  libinit2.o(.ARM.Collect$$libinit$$00000025)
    __rt_lib_init_heap_1                     0x08000239   Thumb Code     0  libinit2.o(.ARM.Collect$$libinit$$0000000C)
    __rt_lib_init_lc_collate_1               0x08000239   Thumb Code     0  libinit2.o(.ARM.Collect$$libinit$$00000013)
    __rt_lib_init_lc_ctype_1                 0x08000239   Thumb Code     0  libinit2.o(.ARM.Collect$$libinit$$00000015)
    __rt_lib_init_lc_monetary_1              0x08000239   Thumb Code     0  libinit2.o(.ARM.Collect$$libinit$$00000017)
    __rt_lib_init_lc_numeric_1               0x08000239   Thumb Code     0  libinit2.o(.ARM.Collect$$libinit$$00000019)
    __rt_lib_init_lc_time_1                  0x08000239   Thumb Code     0  libinit2.o(.ARM.Collect$$libinit$$0000001B)
    __rt_lib_init_preinit_1                  0x08000239   Thumb Code     0  libinit2.o(.ARM.Collect$$libinit$$00000006)
    __rt_lib_init_rand_1                     0x08000239   Thumb Code     0  libinit2.o(.ARM.Collect$$libinit$$00000010)
    __rt_lib_init_relocate_pie_1             0x08000239   Thumb Code     0  libinit2.o(.ARM.Collect$$libinit$$00000004)
    __rt_lib_init_return                     0x08000239   Thumb Code     0  libinit2.o(.ARM.Collect$$libinit$$00000035)
    __rt_lib_init_signal_1                   0x08000239   Thumb Code     0  libinit2.o(.ARM.Collect$$libinit$$0000001F)
    __rt_lib_init_stdio_1                    0x08000239   Thumb Code     0  libinit2.o(.ARM.Collect$$libinit$$00000027)
    __rt_lib_init_user_alloc_1               0x08000239   Thumb Code     0  libinit2.o(.ARM.Collect$$libinit$$0000000E)
    __rt_lib_shutdown                        0x0800023b   Thumb Code     0  libshutdown.o(.ARM.Collect$$libshutdown$$00000000)
    __rt_lib_shutdown_cpp_1                  0x0800023d   Thumb Code     0  libshutdown2.o(.ARM.Collect$$libshutdown$$00000002)
    __rt_lib_shutdown_fp_trap_1              0x0800023d   Thumb Code     0  libshutdown2.o(.ARM.Collect$$libshutdown$$00000007)
    __rt_lib_shutdown_heap_1                 0x0800023d   Thumb Code     0  libshutdown2.o(.ARM.Collect$$libshutdown$$0000000F)
    __rt_lib_shutdown_return                 0x0800023d   Thumb Code     0  libshutdown2.o(.ARM.Collect$$libshutdown$$00000010)
    __rt_lib_shutdown_signal_1               0x0800023d   Thumb Code     0  libshutdown2.o(.ARM.Collect$$libshutdown$$0000000A)
    __rt_lib_shutdown_stdio_1                0x0800023d   Thumb Code     0  libshutdown2.o(.ARM.Collect$$libshutdown$$00000004)
    __rt_lib_shutdown_user_alloc_1           0x0800023d   Thumb Code     0  libshutdown2.o(.ARM.Collect$$libshutdown$$0000000C)
    __rt_entry                               0x0800023f   Thumb Code     0  __rtentry.o(.ARM.Collect$$rtentry$$00000000)
    __rt_entry_presh_1                       0x0800023f   Thumb Code     0  __rtentry2.o(.ARM.Collect$$rtentry$$00000002)
    __rt_entry_sh                            0x0800023f   Thumb Code     0  __rtentry4.o(.ARM.Collect$$rtentry$$00000004)
    __rt_entry_li                            0x08000245   Thumb Code     0  __rtentry2.o(.ARM.Collect$$rtentry$$0000000A)
    __rt_entry_postsh_1                      0x08000245   Thumb Code     0  __rtentry2.o(.ARM.Collect$$rtentry$$00000009)
    __rt_entry_main                          0x08000249   Thumb Code     0  __rtentry2.o(.ARM.Collect$$rtentry$$0000000D)
    __rt_entry_postli_1                      0x08000249   Thumb Code     0  __rtentry2.o(.ARM.Collect$$rtentry$$0000000C)
    __rt_exit                                0x08000251   Thumb Code     0  rtexit.o(.ARM.Collect$$rtexit$$00000000)
    __rt_exit_ls                             0x08000253   Thumb Code     0  rtexit2.o(.ARM.Collect$$rtexit$$00000003)
    __rt_exit_prels_1                        0x08000253   Thumb Code     0  rtexit2.o(.ARM.Collect$$rtexit$$00000002)
    __rt_exit_exit                           0x08000257   Thumb Code     0  rtexit2.o(.ARM.Collect$$rtexit$$00000004)
    Reset_Handler                            0x0800025d   Thumb Code     8  startup_stm32f303xc.o(.text)
    ADC1_2_IRQHandler                        0x08000277   Thumb Code     0  startup_stm32f303xc.o(.text)
    ADC3_IRQHandler                          0x08000277   Thumb Code     0  startup_stm32f303xc.o(.text)
    ADC4_IRQHandler                          0x08000277   Thumb Code     0  startup_stm32f303xc.o(.text)
    CAN_RX1_IRQHandler                       0x08000277   Thumb Code     0  startup_stm32f303xc.o(.text)
    CAN_SCE_IRQHandler                       0x08000277   Thumb Code     0  startup_stm32f303xc.o(.text)
    COMP1_2_3_IRQHandler                     0x08000277   Thumb Code     0  startup_stm32f303xc.o(.text)
    COMP4_5_6_IRQHandler                     0x08000277   Thumb Code     0  startup_stm32f303xc.o(.text)
    COMP7_IRQHandler                         0x08000277   Thumb Code     0  startup_stm32f303xc.o(.text)
    DMA1_Channel1_IRQHandler                 0x08000277   Thumb Code     0  startup_stm32f303xc.o(.text)
    DMA1_Channel2_IRQHandler                 0x08000277   Thumb Code     0  startup_stm32f303xc.o(.text)
    DMA1_Channel4_IRQHandler                 0x08000277   Thumb Code     0  startup_stm32f303xc.o(.text)
    DMA1_Channel6_IRQHandler                 0x08000277   Thumb Code     0  startup_stm32f303xc.o(.text)
    DMA1_Channel7_IRQHandler                 0x08000277   Thumb Code     0  startup_stm32f303xc.o(.text)
    DMA2_Channel1_IRQHandler                 0x08000277   Thumb Code     0  startup_stm32f303xc.o(.text)
    DMA2_Channel2_IRQHandler                 0x08000277   Thumb Code     0  startup_stm32f303xc.o(.text)
    DMA2_Channel3_IRQHandler                 0x08000277   Thumb Code     0  startup_stm32f303xc.o(.text)
    DMA2_Channel4_IRQHandler                 0x08000277   Thumb Code     0  startup_stm32f303xc.o(.text)
    DMA2_Channel5_IRQHandler                 0x08000277   Thumb Code     0  startup_stm32f303xc.o(.text)
    EXTI0_IRQHandler                         0x08000277   Thumb Code     0  startup_stm32f303xc.o(.text)
    EXTI15_10_IRQHandler                     0x08000277   Thumb Code     0  startup_stm32f303xc.o(.text)
    EXTI1_IRQHandler                         0x08000277   Thumb Code     0  startup_stm32f303xc.o(.text)
    EXTI2_TSC_IRQHandler                     0x08000277   Thumb Code     0  startup_stm32f303xc.o(.text)
    EXTI3_IRQHandler                         0x08000277   Thumb Code     0  startup_stm32f303xc.o(.text)
    EXTI4_IRQHandler                         0x08000277   Thumb Code     0  startup_stm32f303xc.o(.text)
    EXTI9_5_IRQHandler                       0x08000277   Thumb Code     0  startup_stm32f303xc.o(.text)
    FLASH_IRQHandler                         0x08000277   Thumb Code     0  startup_stm32f303xc.o(.text)
    FPU_IRQHandler                           0x08000277   Thumb Code     0  startup_stm32f303xc.o(.text)
    I2C1_ER_IRQHandler                       0x08000277   Thumb Code     0  startup_stm32f303xc.o(.text)
    I2C1_EV_IRQHandler                       0x08000277   Thumb Code     0  startup_stm32f303xc.o(.text)
    I2C2_ER_IRQHandler                       0x08000277   Thumb Code     0  startup_stm32f303xc.o(.text)
    I2C2_EV_IRQHandler                       0x08000277   Thumb Code     0  startup_stm32f303xc.o(.text)
    PVD_IRQHandler                           0x08000277   Thumb Code     0  startup_stm32f303xc.o(.text)
    RCC_IRQHandler                           0x08000277   Thumb Code     0  startup_stm32f303xc.o(.text)
    RTC_Alarm_IRQHandler                     0x08000277   Thumb Code     0  startup_stm32f303xc.o(.text)
    RTC_WKUP_IRQHandler                      0x08000277   Thumb Code     0  startup_stm32f303xc.o(.text)
    SPI2_IRQHandler                          0x08000277   Thumb Code     0  startup_stm32f303xc.o(.text)
    SPI3_IRQHandler                          0x08000277   Thumb Code     0  startup_stm32f303xc.o(.text)
    TAMP_STAMP_IRQHandler                    0x08000277   Thumb Code     0  startup_stm32f303xc.o(.text)
    TIM1_BRK_TIM15_IRQHandler                0x08000277   Thumb Code     0  startup_stm32f303xc.o(.text)
    TIM1_CC_IRQHandler                       0x08000277   Thumb Code     0  startup_stm32f303xc.o(.text)
    TIM1_TRG_COM_TIM17_IRQHandler            0x08000277   Thumb Code     0  startup_stm32f303xc.o(.text)
    TIM2_IRQHandler                          0x08000277   Thumb Code     0  startup_stm32f303xc.o(.text)
    TIM3_IRQHandler                          0x08000277   Thumb Code     0  startup_stm32f303xc.o(.text)
    TIM4_IRQHandler                          0x08000277   Thumb Code     0  startup_stm32f303xc.o(.text)
    TIM6_DAC_IRQHandler                      0x08000277   Thumb Code     0  startup_stm32f303xc.o(.text)
    TIM7_IRQHandler                          0x08000277   Thumb Code     0  startup_stm32f303xc.o(.text)
    TIM8_BRK_IRQHandler                      0x08000277   Thumb Code     0  startup_stm32f303xc.o(.text)
    TIM8_CC_IRQHandler                       0x08000277   Thumb Code     0  startup_stm32f303xc.o(.text)
    TIM8_TRG_COM_IRQHandler                  0x08000277   Thumb Code     0  startup_stm32f303xc.o(.text)
    TIM8_UP_IRQHandler                       0x08000277   Thumb Code     0  startup_stm32f303xc.o(.text)
    UART4_IRQHandler                         0x08000277   Thumb Code     0  startup_stm32f303xc.o(.text)
    UART5_IRQHandler                         0x08000277   Thumb Code     0  startup_stm32f303xc.o(.text)
    USBWakeUp_IRQHandler                     0x08000277   Thumb Code     0  startup_stm32f303xc.o(.text)
    USBWakeUp_RMP_IRQHandler                 0x08000277   Thumb Code     0  startup_stm32f303xc.o(.text)
    USB_HP_CAN_TX_IRQHandler                 0x08000277   Thumb Code     0  startup_stm32f303xc.o(.text)
    USB_HP_IRQHandler                        0x08000277   Thumb Code     0  startup_stm32f303xc.o(.text)
    USB_LP_CAN_RX0_IRQHandler                0x08000277   Thumb Code     0  startup_stm32f303xc.o(.text)
    USB_LP_IRQHandler                        0x08000277   Thumb Code     0  startup_stm32f303xc.o(.text)
    WWDG_IRQHandler                          0x08000277   Thumb Code     0  startup_stm32f303xc.o(.text)
    __user_initial_stackheap                 0x08000279   Thumb Code     0  startup_stm32f303xc.o(.text)
    __2sprintf                               0x0800029d   Thumb Code    38  __2sprintf.o(.text)
    _printf_pre_padding                      0x080002c9   Thumb Code    44  _printf_pad.o(.text)
    _printf_post_padding                     0x080002f5   Thumb Code    34  _printf_pad.o(.text)
    _printf_int_hex                          0x08000319   Thumb Code    84  _printf_hex_int.o(.text)
    _printf_longlong_hex                     0x08000319   Thumb Code     0  _printf_hex_int.o(.text)
    __printf                                 0x08000371   Thumb Code   308  __printf_flags_wp.o(.text)
    __aeabi_memclr4                          0x080004a9   Thumb Code     0  rt_memclr_w.o(.text)
    __aeabi_memclr8                          0x080004a9   Thumb Code     0  rt_memclr_w.o(.text)
    __rt_memclr_w                            0x080004a9   Thumb Code     0  rt_memclr_w.o(.text)
    _memset_w                                0x080004ad   Thumb Code    74  rt_memclr_w.o(.text)
    __use_two_region_memory                  0x080004f7   Thumb Code     2  heapauxi.o(.text)
    __rt_heap_escrow$2region                 0x080004f9   Thumb Code     2  heapauxi.o(.text)
    __rt_heap_expand$2region                 0x080004fb   Thumb Code     2  heapauxi.o(.text)
    _printf_int_common                       0x080004fd   Thumb Code   178  _printf_intcommon.o(.text)
    _printf_char_common                      0x080005bb   Thumb Code    32  _printf_char_common.o(.text)
    _sputc                                   0x080005e1   Thumb Code    10  _sputc.o(.text)
    __user_setup_stackheap                   0x080005eb   Thumb Code    74  sys_stackheap_outer.o(.text)
    exit                                     0x08000635   Thumb Code    18  exit.o(.text)
    __user_libspace                          0x08000649   Thumb Code     8  libspace.o(.text)
    __user_perproc_libspace                  0x08000649   Thumb Code     0  libspace.o(.text)
    __user_perthread_libspace                0x08000649   Thumb Code     0  libspace.o(.text)
    _sys_exit                                0x08000651   Thumb Code     8  sys_exit.o(.text)
    __I$use$semihosting                      0x0800065d   Thumb Code     0  use_no_semi.o(.text)
    __use_no_semihosting_swi                 0x0800065d   Thumb Code     2  use_no_semi.o(.text)
    __semihosting_library_function           0x0800065f   Thumb Code     0  indicate_semi.o(.text)
    Blynk_Task                               0x08000661   Thumb Code    28  blynk_task.o(.text.Blynk_Task)
    BusFault_Handler                         0x0800067d   Thumb Code     2  stm32f3xx_it.o(.text.BusFault_Handler)
    CreateBlynkTask                          0x08000681   Thumb Code    40  blynk_task.o(.text.CreateBlynkTask)
    CreateFlashTask                          0x080006c5   Thumb Code    96  flash_task.o(.text.CreateFlashTask)
    DMA1_Channel3_IRQHandler                 0x08000759   Thumb Code    12  stm32f3xx_it.o(.text.DMA1_Channel3_IRQHandler)
    DMA1_Channel5_IRQHandler                 0x08000765   Thumb Code    12  stm32f3xx_it.o(.text.DMA1_Channel5_IRQHandler)
    DebugMon_Handler                         0x08000771   Thumb Code     2  stm32f3xx_it.o(.text.DebugMon_Handler)
    Error_Handler                            0x08000775   Thumb Code    10  main.o(.text.Error_Handler)
    Flash_Task                               0x08000781   Thumb Code   156  flash_task.o(.text.Flash_Task)
    HAL_DMA_Abort                            0x0800081d   Thumb Code    80  stm32f3xx_hal_dma.o(.text.HAL_DMA_Abort)
    HAL_DMA_Abort_IT                         0x0800086d   Thumb Code    72  stm32f3xx_hal_dma.o(.text.HAL_DMA_Abort_IT)
    HAL_DMA_IRQHandler                       0x080008b5   Thumb Code   162  stm32f3xx_hal_dma.o(.text.HAL_DMA_IRQHandler)
    HAL_DMA_Init                             0x08000959   Thumb Code   154  stm32f3xx_hal_dma.o(.text.HAL_DMA_Init)
    HAL_GPIO_Init                            0x080009f5   Thumb Code   414  stm32f3xx_hal_gpio.o(.text.HAL_GPIO_Init)
    HAL_GPIO_TogglePin                       0x08000b95   Thumb Code    16  stm32f3xx_hal_gpio.o(.text.HAL_GPIO_TogglePin)
    HAL_GPIO_WritePin                        0x08000ba5   Thumb Code    12  stm32f3xx_hal_gpio.o(.text.HAL_GPIO_WritePin)
    HAL_GetTick                              0x08000bb1   Thumb Code    12  stm32f3xx_hal.o(.text.HAL_GetTick)
    HAL_IncTick                              0x08000bbd   Thumb Code    26  stm32f3xx_hal.o(.text.HAL_IncTick)
    HAL_Init                                 0x08000bd9   Thumb Code    38  stm32f3xx_hal.o(.text.HAL_Init)
    HAL_InitTick                             0x08000c01   Thumb Code   176  stm32f3xx_hal_timebase_tim.o(.text.HAL_InitTick)
    HAL_MspInit                              0x08000cb1   Thumb Code    60  stm32f3xx_hal_msp.o(.text.HAL_MspInit)
    HAL_NVIC_EnableIRQ                       0x08000ced   Thumb Code    34  stm32f3xx_hal_cortex.o(.text.HAL_NVIC_EnableIRQ)
    HAL_NVIC_SetPriority                     0x08000d11   Thumb Code    86  stm32f3xx_hal_cortex.o(.text.HAL_NVIC_SetPriority)
    HAL_NVIC_SetPriorityGrouping             0x08000d69   Thumb Code    32  stm32f3xx_hal_cortex.o(.text.HAL_NVIC_SetPriorityGrouping)
    HAL_RCCEx_PeriphCLKConfig                0x08000d89   Thumb Code   522  stm32f3xx_hal_rcc_ex.o(.text.HAL_RCCEx_PeriphCLKConfig)
    HAL_RCC_ClockConfig                      0x08000f95   Thumb Code   418  stm32f3xx_hal_rcc.o(.text.HAL_RCC_ClockConfig)
    HAL_RCC_GetClockConfig                   0x08001139   Thumb Code    66  stm32f3xx_hal_rcc.o(.text.HAL_RCC_GetClockConfig)
    HAL_RCC_GetPCLK1Freq                     0x0800117d   Thumb Code    38  stm32f3xx_hal_rcc.o(.text.HAL_RCC_GetPCLK1Freq)
    HAL_RCC_GetPCLK2Freq                     0x080011a5   Thumb Code    38  stm32f3xx_hal_rcc.o(.text.HAL_RCC_GetPCLK2Freq)
    HAL_RCC_GetSysClockFreq                  0x080011cd   Thumb Code    86  stm32f3xx_hal_rcc.o(.text.HAL_RCC_GetSysClockFreq)
    HAL_RCC_OscConfig                        0x08001225   Thumb Code   936  stm32f3xx_hal_rcc.o(.text.HAL_RCC_OscConfig)
    HAL_SPI_ErrorCallback                    0x080015cd   Thumb Code     2  stm32f3xx_hal_spi.o(.text.HAL_SPI_ErrorCallback)
    HAL_SPI_IRQHandler                       0x080015d1   Thumb Code   300  stm32f3xx_hal_spi.o(.text.HAL_SPI_IRQHandler)
    HAL_SPI_Init                             0x080016fd   Thumb Code   228  stm32f3xx_hal_spi.o(.text.HAL_SPI_Init)
    HAL_SPI_MspInit                          0x080017e1   Thumb Code   172  stm32f3xx_hal_msp.o(.text.HAL_SPI_MspInit)
    HAL_SPI_Receive                          0x0800188d   Thumb Code   578  stm32f3xx_hal_spi.o(.text.HAL_SPI_Receive)
    HAL_SPI_Transmit                         0x08001ad1   Thumb Code   616  stm32f3xx_hal_spi.o(.text.HAL_SPI_Transmit)
    HAL_SPI_TransmitReceive                  0x08001d39   Thumb Code   778  stm32f3xx_hal_spi.o(.text.HAL_SPI_TransmitReceive)
    HAL_TIMEx_Break2Callback                 0x08002045   Thumb Code     2  stm32f3xx_hal_tim_ex.o(.text.HAL_TIMEx_Break2Callback)
    HAL_TIMEx_BreakCallback                  0x08002049   Thumb Code     2  stm32f3xx_hal_tim_ex.o(.text.HAL_TIMEx_BreakCallback)
    HAL_TIMEx_CommutCallback                 0x0800204d   Thumb Code     2  stm32f3xx_hal_tim_ex.o(.text.HAL_TIMEx_CommutCallback)
    HAL_TIM_Base_Init                        0x08002051   Thumb Code    98  stm32f3xx_hal_tim.o(.text.HAL_TIM_Base_Init)
    HAL_TIM_Base_MspInit                     0x080020b5   Thumb Code     2  stm32f3xx_hal_tim.o(.text.HAL_TIM_Base_MspInit)
    HAL_TIM_Base_Start_IT                    0x080020b9   Thumb Code   146  stm32f3xx_hal_tim.o(.text.HAL_TIM_Base_Start_IT)
    HAL_TIM_IC_CaptureCallback               0x0800214d   Thumb Code     2  stm32f3xx_hal_tim.o(.text.HAL_TIM_IC_CaptureCallback)
    HAL_TIM_IRQHandler                       0x08002151   Thumb Code   364  stm32f3xx_hal_tim.o(.text.HAL_TIM_IRQHandler)
    HAL_TIM_OC_DelayElapsedCallback          0x080022bd   Thumb Code     2  stm32f3xx_hal_tim.o(.text.HAL_TIM_OC_DelayElapsedCallback)
    HAL_TIM_PWM_PulseFinishedCallback        0x080022c1   Thumb Code     2  stm32f3xx_hal_tim.o(.text.HAL_TIM_PWM_PulseFinishedCallback)
    HAL_TIM_PeriodElapsedCallback            0x080022c5   Thumb Code    20  main.o(.text.HAL_TIM_PeriodElapsedCallback)
    HAL_TIM_TriggerCallback                  0x080022d9   Thumb Code     2  stm32f3xx_hal_tim.o(.text.HAL_TIM_TriggerCallback)
    HAL_UARTEx_RxEventCallback               0x080022dd   Thumb Code     2  stm32f3xx_hal_uart.o(.text.HAL_UARTEx_RxEventCallback)
    HAL_UARTEx_WakeupCallback                0x080022e1   Thumb Code     2  stm32f3xx_hal_uart_ex.o(.text.HAL_UARTEx_WakeupCallback)
    HAL_UART_ErrorCallback                   0x080022e5   Thumb Code     2  stm32f3xx_hal_uart.o(.text.HAL_UART_ErrorCallback)
    HAL_UART_IRQHandler                      0x080022e9   Thumb Code  1498  stm32f3xx_hal_uart.o(.text.HAL_UART_IRQHandler)
    HAL_UART_Init                            0x080028c5   Thumb Code    96  stm32f3xx_hal_uart.o(.text.HAL_UART_Init)
    HAL_UART_MspInit                         0x08002925   Thumb Code   420  stm32f3xx_hal_msp.o(.text.HAL_UART_MspInit)
    HAL_UART_Transmit                        0x08002ac9   Thumb Code   398  stm32f3xx_hal_uart.o(.text.HAL_UART_Transmit)
    HAL_UART_TxCpltCallback                  0x08002c59   Thumb Code     2  stm32f3xx_hal_uart.o(.text.HAL_UART_TxCpltCallback)
    HardFault_Handler                        0x08002c5d   Thumb Code     2  stm32f3xx_it.o(.text.HardFault_Handler)
    MemManage_Handler                        0x08002c61   Thumb Code     2  stm32f3xx_it.o(.text.MemManage_Handler)
    NMI_Handler                              0x08002c65   Thumb Code     2  stm32f3xx_it.o(.text.NMI_Handler)
    PendSV_Handler                           0x08002c69   Thumb Code    96  port.o(.text.PendSV_Handler)
    Read_Data                                0x08002cc9   Thumb Code   212  flash_task.o(.text.Read_Data)
    Read_JEDEC_ID                            0x08002db5   Thumb Code   196  flash_task.o(.text.Read_JEDEC_ID)
    SPI1_IRQHandler                          0x08002e95   Thumb Code    12  stm32f3xx_it.o(.text.SPI1_IRQHandler)
    SVC_Handler                              0x08003101   Thumb Code    32  port.o(.text.SVC_Handler)
    StartDefaultTask                         0x08003121   Thumb Code    60  main.o(.text.StartDefaultTask)
    SysTick_Handler                          0x0800315d   Thumb Code    46  port.o(.text.SysTick_Handler)
    SystemInit                               0x0800318d   Thumb Code    18  system_stm32f3xx.o(.text.SystemInit)
    TIM1_UP_TIM16_IRQHandler                 0x080031a1   Thumb Code    12  stm32f3xx_it.o(.text.TIM1_UP_TIM16_IRQHandler)
    TIM_Base_SetConfig                       0x080031ad   Thumb Code   290  stm32f3xx_hal_tim.o(.text.TIM_Base_SetConfig)
    UART_AdvFeatureConfig                    0x080032d1   Thumb Code   234  stm32f3xx_hal_uart.o(.text.UART_AdvFeatureConfig)
    UART_CheckIdleState                      0x080033bd   Thumb Code   360  stm32f3xx_hal_uart.o(.text.UART_CheckIdleState)
    UART_SetConfig                           0x08003535   Thumb Code   436  stm32f3xx_hal_uart.o(.text.UART_SetConfig)
    UART_WaitOnFlagUntilTimeout              0x080036f9   Thumb Code   832  stm32f3xx_hal_uart.o(.text.UART_WaitOnFlagUntilTimeout)
    USART1_IRQHandler                        0x08003a39   Thumb Code    12  stm32f3xx_it.o(.text.USART1_IRQHandler)
    USART2_IRQHandler                        0x08003a45   Thumb Code    12  stm32f3xx_it.o(.text.USART2_IRQHandler)
    USART3_IRQHandler                        0x08003a51   Thumb Code    12  stm32f3xx_it.o(.text.USART3_IRQHandler)
    UsageFault_Handler                       0x08003a5d   Thumb Code     2  stm32f3xx_it.o(.text.UsageFault_Handler)
    W25_Busy                                 0x08003a61   Thumb Code   126  w25q128.o(.text.W25_Busy)
    W25_PageProgram                          0x08003ae1   Thumb Code   354  w25q128.o(.text.W25_PageProgram)
    W25_ReadData                             0x08003c45   Thumb Code   118  w25q128.o(.text.W25_ReadData)
    W25_ReadJedecID                          0x08003cbd   Thumb Code   102  w25q128.o(.text.W25_ReadJedecID)
    W25_SectorErase                          0x08003d25   Thumb Code   158  w25q128.o(.text.W25_SectorErase)
    main                                     0x08003dc5   Thumb Code   632  main.o(.text.main)
    osDelay                                  0x08004059   Thumb Code    18  cmsis_os.o(.text.osDelay)
    osKernelStart                            0x0800406d   Thumb Code    10  cmsis_os.o(.text.osKernelStart)
    osThreadCreate                           0x08004079   Thumb Code    92  cmsis_os.o(.text.osThreadCreate)
    pvPortMalloc                             0x080043cd   Thumb Code   494  heap_4.o(.text.pvPortMalloc)
    pxPortInitialiseStack                    0x080045bd   Thumb Code    36  port.o(.text.pxPortInitialiseStack)
    uxListRemove                             0x080045e1   Thumb Code    36  list.o(.text.uxListRemove)
    vApplicationGetIdleTaskMemory            0x08004605   Thumb Code    26  freertos.o(.text.vApplicationGetIdleTaskMemory)
    vListInitialise                          0x08004621   Thumb Code    22  list.o(.text.vListInitialise)
    vListInitialiseItem                      0x08004639   Thumb Code     6  list.o(.text.vListInitialiseItem)
    vListInsert                              0x08004641   Thumb Code   102  list.o(.text.vListInsert)
    vListInsertEnd                           0x080046a9   Thumb Code    28  list.o(.text.vListInsertEnd)
    vPortEnterCritical                       0x080046d9   Thumb Code    70  port.o(.text.vPortEnterCritical)
    vPortExitCritical                        0x08004721   Thumb Code    46  port.o(.text.vPortExitCritical)
    vPortFree                                0x08004751   Thumb Code   208  heap_4.o(.text.vPortFree)
    vPortSetupTimerInterrupt                 0x08004821   Thumb Code    52  port.o(.text.vPortSetupTimerInterrupt)
    vTaskDelay                               0x08004855   Thumb Code   152  tasks.o(.text.vTaskDelay)
    vTaskStartScheduler                      0x080048ed   Thumb Code   192  tasks.o(.text.vTaskStartScheduler)
    vTaskSuspendAll                          0x080049b5   Thumb Code    16  tasks.o(.text.vTaskSuspendAll)
    vTaskSwitchContext                       0x080049c5   Thumb Code   110  tasks.o(.text.vTaskSwitchContext)
    xPortStartScheduler                      0x08004a35   Thumb Code   442  port.o(.text.xPortStartScheduler)
    xTaskCreate                              0x08004bf1   Thumb Code    96  tasks.o(.text.xTaskCreate)
    xTaskCreateStatic                        0x08004c51   Thumb Code   114  tasks.o(.text.xTaskCreateStatic)
    xTaskIncrementTick                       0x08004cc5   Thumb Code   268  tasks.o(.text.xTaskIncrementTick)
    xTaskResumeAll                           0x08004dd1   Thumb Code   234  tasks.o(.text.xTaskResumeAll)
    _is_digit                                0x08004ebb   Thumb Code    14  __printf_wp.o(i._is_digit)
    _fp_init                                 0x08004ec9   Thumb Code    26  fpinit.o(x$fpl$fpinit)
    __fplib_config_fpu_vfp                   0x08004ee1   Thumb Code     0  fpinit.o(x$fpl$fpinit)
    __fplib_config_pureend_doubles           0x08004ee1   Thumb Code     0  fpinit.o(x$fpl$fpinit)
    AHBPrescTable                            0x08004f44   Data          16  system_stm32f3xx.o(.rodata.AHBPrescTable)
    APBPrescTable                            0x08004f54   Data           8  system_stm32f3xx.o(.rodata.APBPrescTable)
    Region$$Table$$Base                      0x08004fac   Number         0  anon$$obj.o(Region$$Table)
    Region$$Table$$Limit                     0x08004fcc   Number         0  anon$$obj.o(Region$$Table)
    uwTickFreq                               0x20000000   Data           1  stm32f3xx_hal.o(.data..L_MergedGlobals)
    uwTickPrio                               0x20000004   Data           4  stm32f3xx_hal.o(.data..L_MergedGlobals)
    SystemCoreClock                          0x20000008   Data           4  system_stm32f3xx.o(.data.SystemCoreClock)
    __libspace_start                         0x20000010   Data          96  libspace.o(.bss)
    __temporary_stack_top$libspace           0x20000070   Data           0  libspace.o(.bss)
    defaultTaskHandle                        0x20000070   Data           4  main.o(.bss..L_MergedGlobals)
    hspi1                                    0x20000074   Data         100  main.o(.bss..L_MergedGlobals)
    pxCurrentTCB                             0x200000dc   Data           4  tasks.o(.bss..L_MergedGlobals)
    hdma_usart1_rx                           0x20000194   Data          68  main.o(.bss.hdma_usart1_rx)
    hdma_usart3_rx                           0x200001d8   Data          68  main.o(.bss.hdma_usart3_rx)
    htim1                                    0x2000021c   Data          76  stm32f3xx_hal_timebase_tim.o(.bss.htim1)
    huart1                                   0x20000268   Data         136  main.o(.bss.huart1)
    huart2                                   0x200002f0   Data         136  main.o(.bss.huart2)
    huart3                                   0x20000378   Data         136  main.o(.bss.huart3)
    uwTick                                   0x2000188c   Data           4  stm32f3xx_hal.o(.bss.uwTick)



==============================================================================

Memory Map of the image

  Image Entry point : 0x08000189

  Load Region LR_IROM1 (Base: 0x08000000, Size: 0x00004fe0, Max: 0x00040000, ABSOLUTE)

    Execution Region ER_IROM1 (Exec base: 0x08000000, Load base: 0x08000000, Size: 0x00004fcc, Max: 0x00040000, ABSOLUTE)

    Exec Addr    Load Addr    Size         Type   Attr      Idx    E Section Name        Object

    0x08000000   0x08000000   0x00000188   Data   RO            3    RESET               startup_stm32f303xc.o
    0x08000188   0x08000188   0x00000008   Code   RO         1869  * !!!main             c_w.l(__main.o)
    0x08000190   0x08000190   0x0000005c   Code   RO         2045    !!!scatter          c_w.l(__scatter.o)
    0x080001ec   0x080001ec   0x0000001a   Code   RO         2049    !!handler_copy      c_w.l(__scatter_copy.o)
    0x08000206   0x08000206   0x00000002   PAD
    0x08000208   0x08000208   0x00000002   Code   RO         2046    !!handler_null      c_w.l(__scatter.o)
    0x0800020a   0x0800020a   0x00000002   PAD
    0x0800020c   0x0800020c   0x0000001c   Code   RO         2051    !!handler_zi        c_w.l(__scatter_zi.o)
    0x08000228   0x08000228   0x00000000   Code   RO         1856    .ARM.Collect$$_printf_percent$$00000000  c_w.l(_printf_percent.o)
    0x08000228   0x08000228   0x00000006   Code   RO         1855    .ARM.Collect$$_printf_percent$$0000000C  c_w.l(_printf_x.o)
    0x0800022e   0x0800022e   0x00000004   Code   RO         1878    .ARM.Collect$$_printf_percent$$00000017  c_w.l(_printf_percent_end.o)
    0x08000232   0x08000232   0x00000002   Code   RO         1907    .ARM.Collect$$libinit$$00000000  c_w.l(libinit.o)
    0x08000234   0x08000234   0x00000004   Code   RO         1913    .ARM.Collect$$libinit$$00000001  c_w.l(libinit2.o)
    0x08000238   0x08000238   0x00000000   Code   RO         1916    .ARM.Collect$$libinit$$00000004  c_w.l(libinit2.o)
    0x08000238   0x08000238   0x00000000   Code   RO         1918    .ARM.Collect$$libinit$$00000006  c_w.l(libinit2.o)
    0x08000238   0x08000238   0x00000000   Code   RO         1921    .ARM.Collect$$libinit$$0000000C  c_w.l(libinit2.o)
    0x08000238   0x08000238   0x00000000   Code   RO         1923    .ARM.Collect$$libinit$$0000000E  c_w.l(libinit2.o)
    0x08000238   0x08000238   0x00000000   Code   RO         1925    .ARM.Collect$$libinit$$00000010  c_w.l(libinit2.o)
    0x08000238   0x08000238   0x00000000   Code   RO         1928    .ARM.Collect$$libinit$$00000013  c_w.l(libinit2.o)
    0x08000238   0x08000238   0x00000000   Code   RO         1930    .ARM.Collect$$libinit$$00000015  c_w.l(libinit2.o)
    0x08000238   0x08000238   0x00000000   Code   RO         1932    .ARM.Collect$$libinit$$00000017  c_w.l(libinit2.o)
    0x08000238   0x08000238   0x00000000   Code   RO         1934    .ARM.Collect$$libinit$$00000019  c_w.l(libinit2.o)
    0x08000238   0x08000238   0x00000000   Code   RO         1936    .ARM.Collect$$libinit$$0000001B  c_w.l(libinit2.o)
    0x08000238   0x08000238   0x00000000   Code   RO         1938    .ARM.Collect$$libinit$$0000001D  c_w.l(libinit2.o)
    0x08000238   0x08000238   0x00000000   Code   RO         1940    .ARM.Collect$$libinit$$0000001F  c_w.l(libinit2.o)
    0x08000238   0x08000238   0x00000000   Code   RO         1942    .ARM.Collect$$libinit$$00000021  c_w.l(libinit2.o)
    0x08000238   0x08000238   0x00000000   Code   RO         1944    .ARM.Collect$$libinit$$00000023  c_w.l(libinit2.o)
    0x08000238   0x08000238   0x00000000   Code   RO         1946    .ARM.Collect$$libinit$$00000025  c_w.l(libinit2.o)
    0x08000238   0x08000238   0x00000000   Code   RO         1948    .ARM.Collect$$libinit$$00000027  c_w.l(libinit2.o)
    0x08000238   0x08000238   0x00000000   Code   RO         1952    .ARM.Collect$$libinit$$0000002E  c_w.l(libinit2.o)
    0x08000238   0x08000238   0x00000000   Code   RO         1954    .ARM.Collect$$libinit$$00000030  c_w.l(libinit2.o)
    0x08000238   0x08000238   0x00000000   Code   RO         1956    .ARM.Collect$$libinit$$00000032  c_w.l(libinit2.o)
    0x08000238   0x08000238   0x00000000   Code   RO         1958    .ARM.Collect$$libinit$$00000034  c_w.l(libinit2.o)
    0x08000238   0x08000238   0x00000002   Code   RO         1959    .ARM.Collect$$libinit$$00000035  c_w.l(libinit2.o)
    0x0800023a   0x0800023a   0x00000002   Code   RO         1981    .ARM.Collect$$libshutdown$$00000000  c_w.l(libshutdown.o)
    0x0800023c   0x0800023c   0x00000000   Code   RO         1996    .ARM.Collect$$libshutdown$$00000002  c_w.l(libshutdown2.o)
    0x0800023c   0x0800023c   0x00000000   Code   RO         1998    .ARM.Collect$$libshutdown$$00000004  c_w.l(libshutdown2.o)
    0x0800023c   0x0800023c   0x00000000   Code   RO         2001    .ARM.Collect$$libshutdown$$00000007  c_w.l(libshutdown2.o)
    0x0800023c   0x0800023c   0x00000000   Code   RO         2004    .ARM.Collect$$libshutdown$$0000000A  c_w.l(libshutdown2.o)
    0x0800023c   0x0800023c   0x00000000   Code   RO         2006    .ARM.Collect$$libshutdown$$0000000C  c_w.l(libshutdown2.o)
    0x0800023c   0x0800023c   0x00000000   Code   RO         2009    .ARM.Collect$$libshutdown$$0000000F  c_w.l(libshutdown2.o)
    0x0800023c   0x0800023c   0x00000002   Code   RO         2010    .ARM.Collect$$libshutdown$$00000010  c_w.l(libshutdown2.o)
    0x0800023e   0x0800023e   0x00000000   Code   RO         1871    .ARM.Collect$$rtentry$$00000000  c_w.l(__rtentry.o)
    0x0800023e   0x0800023e   0x00000000   Code   RO         1882    .ARM.Collect$$rtentry$$00000002  c_w.l(__rtentry2.o)
    0x0800023e   0x0800023e   0x00000006   Code   RO         1894    .ARM.Collect$$rtentry$$00000004  c_w.l(__rtentry4.o)
    0x08000244   0x08000244   0x00000000   Code   RO         1884    .ARM.Collect$$rtentry$$00000009  c_w.l(__rtentry2.o)
    0x08000244   0x08000244   0x00000004   Code   RO         1885    .ARM.Collect$$rtentry$$0000000A  c_w.l(__rtentry2.o)
    0x08000248   0x08000248   0x00000000   Code   RO         1887    .ARM.Collect$$rtentry$$0000000C  c_w.l(__rtentry2.o)
    0x08000248   0x08000248   0x00000008   Code   RO         1888    .ARM.Collect$$rtentry$$0000000D  c_w.l(__rtentry2.o)
    0x08000250   0x08000250   0x00000002   Code   RO         1911    .ARM.Collect$$rtexit$$00000000  c_w.l(rtexit.o)
    0x08000252   0x08000252   0x00000000   Code   RO         1961    .ARM.Collect$$rtexit$$00000002  c_w.l(rtexit2.o)
    0x08000252   0x08000252   0x00000004   Code   RO         1962    .ARM.Collect$$rtexit$$00000003  c_w.l(rtexit2.o)
    0x08000256   0x08000256   0x00000006   Code   RO         1963    .ARM.Collect$$rtexit$$00000004  c_w.l(rtexit2.o)
    0x0800025c   0x0800025c   0x00000040   Code   RO            4    .text               startup_stm32f303xc.o
    0x0800029c   0x0800029c   0x0000002c   Code   RO         1806    .text               c_w.l(__2sprintf.o)
    0x080002c8   0x080002c8   0x0000004e   Code   RO         1812    .text               c_w.l(_printf_pad.o)
    0x08000316   0x08000316   0x00000002   PAD
    0x08000318   0x08000318   0x00000058   Code   RO         1817    .text               c_w.l(_printf_hex_int.o)
    0x08000370   0x08000370   0x00000138   Code   RO         1847    .text               c_w.l(__printf_flags_wp.o)
    0x080004a8   0x080004a8   0x0000004e   Code   RO         1865    .text               c_w.l(rt_memclr_w.o)
    0x080004f6   0x080004f6   0x00000006   Code   RO         1867    .text               c_w.l(heapauxi.o)
    0x080004fc   0x080004fc   0x000000b2   Code   RO         1872    .text               c_w.l(_printf_intcommon.o)
    0x080005ae   0x080005ae   0x00000002   PAD
    0x080005b0   0x080005b0   0x00000030   Code   RO         1874    .text               c_w.l(_printf_char_common.o)
    0x080005e0   0x080005e0   0x0000000a   Code   RO         1876    .text               c_w.l(_sputc.o)
    0x080005ea   0x080005ea   0x0000004a   Code   RO         1898    .text               c_w.l(sys_stackheap_outer.o)
    0x08000634   0x08000634   0x00000012   Code   RO         1900    .text               c_w.l(exit.o)
    0x08000646   0x08000646   0x00000002   PAD
    0x08000648   0x08000648   0x00000008   Code   RO         1908    .text               c_w.l(libspace.o)
    0x08000650   0x08000650   0x0000000c   Code   RO         1971    .text               c_w.l(sys_exit.o)
    0x0800065c   0x0800065c   0x00000002   Code   RO         1986    .text               c_w.l(use_no_semi.o)
    0x0800065e   0x0800065e   0x00000000   Code   RO         1988    .text               c_w.l(indicate_semi.o)
    0x0800065e   0x0800065e   0x00000002   PAD
    0x08000660   0x08000660   0x0000001c   Code   RO           13    .text.Blynk_Task    blynk_task.o
    0x0800067c   0x0800067c   0x00000002   Code   RO          182    .text.BusFault_Handler  stm32f3xx_it.o
    0x0800067e   0x0800067e   0x00000002   PAD
    0x08000680   0x08000680   0x00000044   Code   RO           11    .text.CreateBlynkTask  blynk_task.o
    0x080006c4   0x080006c4   0x00000094   Code   RO           71    .text.CreateFlashTask  flash_task.o
    0x08000758   0x08000758   0x0000000c   Code   RO          188    .text.DMA1_Channel3_IRQHandler  stm32f3xx_it.o
    0x08000764   0x08000764   0x0000000c   Code   RO          190    .text.DMA1_Channel5_IRQHandler  stm32f3xx_it.o
    0x08000770   0x08000770   0x00000002   Code   RO          186    .text.DebugMon_Handler  stm32f3xx_it.o
    0x08000772   0x08000772   0x00000002   PAD
    0x08000774   0x08000774   0x0000000a   Code   RO          144    .text.Error_Handler  main.o
    0x0800077e   0x0800077e   0x00000002   PAD
    0x08000780   0x08000780   0x0000009c   Code   RO           73    .text.Flash_Task    flash_task.o
    0x0800081c   0x0800081c   0x00000050   Code   RO          386    .text.HAL_DMA_Abort  stm32f3xx_hal_dma.o
    0x0800086c   0x0800086c   0x00000048   Code   RO          388    .text.HAL_DMA_Abort_IT  stm32f3xx_hal_dma.o
    0x080008b4   0x080008b4   0x000000a2   Code   RO          392    .text.HAL_DMA_IRQHandler  stm32f3xx_hal_dma.o
    0x08000956   0x08000956   0x00000002   PAD
    0x08000958   0x08000958   0x0000009a   Code   RO          378    .text.HAL_DMA_Init  stm32f3xx_hal_dma.o
    0x080009f2   0x080009f2   0x00000002   PAD
    0x080009f4   0x080009f4   0x0000019e   Code   RO          354    .text.HAL_GPIO_Init  stm32f3xx_hal_gpio.o
    0x08000b92   0x08000b92   0x00000002   PAD
    0x08000b94   0x08000b94   0x00000010   Code   RO          362    .text.HAL_GPIO_TogglePin  stm32f3xx_hal_gpio.o
    0x08000ba4   0x08000ba4   0x0000000c   Code   RO          360    .text.HAL_GPIO_WritePin  stm32f3xx_hal_gpio.o
    0x08000bb0   0x08000bb0   0x0000000c   Code   RO          254    .text.HAL_GetTick   stm32f3xx_hal.o
    0x08000bbc   0x08000bbc   0x0000001a   Code   RO          252    .text.HAL_IncTick   stm32f3xx_hal.o
    0x08000bd6   0x08000bd6   0x00000002   PAD
    0x08000bd8   0x08000bd8   0x00000026   Code   RO          242    .text.HAL_Init      stm32f3xx_hal.o
    0x08000bfe   0x08000bfe   0x00000002   PAD
    0x08000c00   0x08000c00   0x000000b0   Code   RO          227    .text.HAL_InitTick  stm32f3xx_hal_timebase_tim.o
    0x08000cb0   0x08000cb0   0x0000003c   Code   RO          209    .text.HAL_MspInit   stm32f3xx_hal_msp.o
    0x08000cec   0x08000cec   0x00000022   Code   RO          414    .text.HAL_NVIC_EnableIRQ  stm32f3xx_hal_cortex.o
    0x08000d0e   0x08000d0e   0x00000002   PAD
    0x08000d10   0x08000d10   0x00000056   Code   RO          412    .text.HAL_NVIC_SetPriority  stm32f3xx_hal_cortex.o
    0x08000d66   0x08000d66   0x00000002   PAD
    0x08000d68   0x08000d68   0x00000020   Code   RO          410    .text.HAL_NVIC_SetPriorityGrouping  stm32f3xx_hal_cortex.o
    0x08000d88   0x08000d88   0x0000020a   Code   RO          339    .text.HAL_RCCEx_PeriphCLKConfig  stm32f3xx_hal_rcc_ex.o
    0x08000f92   0x08000f92   0x00000002   PAD
    0x08000f94   0x08000f94   0x000001a2   Code   RO          306    .text.HAL_RCC_ClockConfig  stm32f3xx_hal_rcc.o
    0x08001136   0x08001136   0x00000002   PAD
    0x08001138   0x08001138   0x00000042   Code   RO          324    .text.HAL_RCC_GetClockConfig  stm32f3xx_hal_rcc.o
    0x0800117a   0x0800117a   0x00000002   PAD
    0x0800117c   0x0800117c   0x00000026   Code   RO          318    .text.HAL_RCC_GetPCLK1Freq  stm32f3xx_hal_rcc.o
    0x080011a2   0x080011a2   0x00000002   PAD
    0x080011a4   0x080011a4   0x00000026   Code   RO          320    .text.HAL_RCC_GetPCLK2Freq  stm32f3xx_hal_rcc.o
    0x080011ca   0x080011ca   0x00000002   PAD
    0x080011cc   0x080011cc   0x00000056   Code   RO          308    .text.HAL_RCC_GetSysClockFreq  stm32f3xx_hal_rcc.o
    0x08001222   0x08001222   0x00000002   PAD
    0x08001224   0x08001224   0x000003a8   Code   RO          304    .text.HAL_RCC_OscConfig  stm32f3xx_hal_rcc.o
    0x080015cc   0x080015cc   0x00000002   Code   RO          849    .text.HAL_SPI_ErrorCallback  stm32f3xx_hal_spi.o
    0x080015ce   0x080015ce   0x00000002   PAD
    0x080015d0   0x080015d0   0x0000012c   Code   RO          845    .text.HAL_SPI_IRQHandler  stm32f3xx_hal_spi.o
    0x080016fc   0x080016fc   0x000000e4   Code   RO          765    .text.HAL_SPI_Init  stm32f3xx_hal_spi.o
    0x080017e0   0x080017e0   0x000000ac   Code   RO          211    .text.HAL_SPI_MspInit  stm32f3xx_hal_msp.o
    0x0800188c   0x0800188c   0x00000242   Code   RO          775    .text.HAL_SPI_Receive  stm32f3xx_hal_spi.o
    0x08001ace   0x08001ace   0x00000002   PAD
    0x08001ad0   0x08001ad0   0x00000268   Code   RO          773    .text.HAL_SPI_Transmit  stm32f3xx_hal_spi.o
    0x08001d38   0x08001d38   0x0000030a   Code   RO          777    .text.HAL_SPI_TransmitReceive  stm32f3xx_hal_spi.o
    0x08002042   0x08002042   0x00000002   PAD
    0x08002044   0x08002044   0x00000002   Code   RO         1199    .text.HAL_TIMEx_Break2Callback  stm32f3xx_hal_tim_ex.o
    0x08002046   0x08002046   0x00000002   PAD
    0x08002048   0x08002048   0x00000002   Code   RO         1197    .text.HAL_TIMEx_BreakCallback  stm32f3xx_hal_tim_ex.o
    0x0800204a   0x0800204a   0x00000002   PAD
    0x0800204c   0x0800204c   0x00000002   Code   RO         1193    .text.HAL_TIMEx_CommutCallback  stm32f3xx_hal_tim_ex.o
    0x0800204e   0x0800204e   0x00000002   PAD
    0x08002050   0x08002050   0x00000062   Code   RO          890    .text.HAL_TIM_Base_Init  stm32f3xx_hal_tim.o
    0x080020b2   0x080020b2   0x00000002   PAD
    0x080020b4   0x080020b4   0x00000002   Code   RO          892    .text.HAL_TIM_Base_MspInit  stm32f3xx_hal_tim.o
    0x080020b6   0x080020b6   0x00000002   PAD
    0x080020b8   0x080020b8   0x00000092   Code   RO          904    .text.HAL_TIM_Base_Start_IT  stm32f3xx_hal_tim.o
    0x0800214a   0x0800214a   0x00000002   PAD
    0x0800214c   0x0800214c   0x00000002   Code   RO         1026    .text.HAL_TIM_IC_CaptureCallback  stm32f3xx_hal_tim.o
    0x0800214e   0x0800214e   0x00000002   PAD
    0x08002150   0x08002150   0x0000016c   Code   RO         1024    .text.HAL_TIM_IRQHandler  stm32f3xx_hal_tim.o
    0x080022bc   0x080022bc   0x00000002   Code   RO         1028    .text.HAL_TIM_OC_DelayElapsedCallback  stm32f3xx_hal_tim.o
    0x080022be   0x080022be   0x00000002   PAD
    0x080022c0   0x080022c0   0x00000002   Code   RO         1030    .text.HAL_TIM_PWM_PulseFinishedCallback  stm32f3xx_hal_tim.o
    0x080022c2   0x080022c2   0x00000002   PAD
    0x080022c4   0x080022c4   0x00000014   Code   RO          146    .text.HAL_TIM_PeriodElapsedCallback  main.o
    0x080022d8   0x080022d8   0x00000002   Code   RO         1034    .text.HAL_TIM_TriggerCallback  stm32f3xx_hal_tim.o
    0x080022da   0x080022da   0x00000002   PAD
    0x080022dc   0x080022dc   0x00000002   Code   RO         1299    .text.HAL_UARTEx_RxEventCallback  stm32f3xx_hal_uart.o
    0x080022de   0x080022de   0x00000002   PAD
    0x080022e0   0x080022e0   0x00000002   Code   RO         1350    .text.HAL_UARTEx_WakeupCallback  stm32f3xx_hal_uart_ex.o
    0x080022e2   0x080022e2   0x00000002   PAD
    0x080022e4   0x080022e4   0x00000002   Code   RO         1297    .text.HAL_UART_ErrorCallback  stm32f3xx_hal_uart.o
    0x080022e6   0x080022e6   0x00000002   PAD
    0x080022e8   0x080022e8   0x000005da   Code   RO         1293    .text.HAL_UART_IRQHandler  stm32f3xx_hal_uart.o
    0x080028c2   0x080028c2   0x00000002   PAD
    0x080028c4   0x080028c4   0x00000060   Code   RO         1213    .text.HAL_UART_Init  stm32f3xx_hal_uart.o
    0x08002924   0x08002924   0x000001a4   Code   RO          215    .text.HAL_UART_MspInit  stm32f3xx_hal_msp.o
    0x08002ac8   0x08002ac8   0x0000018e   Code   RO         1233    .text.HAL_UART_Transmit  stm32f3xx_hal_uart.o
    0x08002c56   0x08002c56   0x00000002   PAD
    0x08002c58   0x08002c58   0x00000002   Code   RO         1301    .text.HAL_UART_TxCpltCallback  stm32f3xx_hal_uart.o
    0x08002c5a   0x08002c5a   0x00000002   PAD
    0x08002c5c   0x08002c5c   0x00000002   Code   RO          178    .text.HardFault_Handler  stm32f3xx_it.o
    0x08002c5e   0x08002c5e   0x00000002   PAD
    0x08002c60   0x08002c60   0x00000002   Code   RO          180    .text.MemManage_Handler  stm32f3xx_it.o
    0x08002c62   0x08002c62   0x00000002   PAD
    0x08002c64   0x08002c64   0x00000002   Code   RO          176    .text.NMI_Handler   stm32f3xx_it.o
    0x08002c66   0x08002c66   0x00000002   PAD
    0x08002c68   0x08002c68   0x00000060   Code   RO         1789    .text.PendSV_Handler  port.o
    0x08002cc8   0x08002cc8   0x000000ec   Code   RO           81    .text.Read_Data     flash_task.o
    0x08002db4   0x08002db4   0x000000e0   Code   RO           75    .text.Read_JEDEC_ID  flash_task.o
    0x08002e94   0x08002e94   0x0000000c   Code   RO          194    .text.SPI1_IRQHandler  stm32f3xx_it.o
    0x08002ea0   0x08002ea0   0x0000000e   Code   RO          847    .text.SPI_DMAAbortOnError  stm32f3xx_hal_spi.o
    0x08002eae   0x08002eae   0x00000002   PAD
    0x08002eb0   0x08002eb0   0x0000017e   Code   RO          827    .text.SPI_WaitFifoStateUntilTimeout  stm32f3xx_hal_spi.o
    0x0800302e   0x0800302e   0x00000002   PAD
    0x08003030   0x08003030   0x000000ce   Code   RO          829    .text.SPI_WaitFlagStateUntilTimeout  stm32f3xx_hal_spi.o
    0x080030fe   0x080030fe   0x00000002   PAD
    0x08003100   0x08003100   0x00000020   Code   RO         1773    .text.SVC_Handler   port.o
    0x08003120   0x08003120   0x0000003c   Code   RO          142    .text.StartDefaultTask  main.o
    0x0800315c   0x0800315c   0x0000002e   Code   RO         1791    .text.SysTick_Handler  port.o
    0x0800318a   0x0800318a   0x00000002   PAD
    0x0800318c   0x0800318c   0x00000012   Code   RO         1376    .text.SystemInit    system_stm32f3xx.o
    0x0800319e   0x0800319e   0x00000002   PAD
    0x080031a0   0x080031a0   0x0000000c   Code   RO          192    .text.TIM1_UP_TIM16_IRQHandler  stm32f3xx_it.o
    0x080031ac   0x080031ac   0x00000122   Code   RO          894    .text.TIM_Base_SetConfig  stm32f3xx_hal_tim.o
    0x080032ce   0x080032ce   0x00000002   PAD
    0x080032d0   0x080032d0   0x000000ea   Code   RO         1217    .text.UART_AdvFeatureConfig  stm32f3xx_hal_uart.o
    0x080033ba   0x080033ba   0x00000002   PAD
    0x080033bc   0x080033bc   0x00000168   Code   RO         1221    .text.UART_CheckIdleState  stm32f3xx_hal_uart.o
    0x08003524   0x08003524   0x00000010   Code   RO         1295    .text.UART_DMAAbortOnError  stm32f3xx_hal_uart.o
    0x08003534   0x08003534   0x000001c4   Code   RO         1219    .text.UART_SetConfig  stm32f3xx_hal_uart.o
    0x080036f8   0x080036f8   0x00000340   Code   RO         1235    .text.UART_WaitOnFlagUntilTimeout  stm32f3xx_hal_uart.o
    0x08003a38   0x08003a38   0x0000000c   Code   RO          196    .text.USART1_IRQHandler  stm32f3xx_it.o
    0x08003a44   0x08003a44   0x0000000c   Code   RO          198    .text.USART2_IRQHandler  stm32f3xx_it.o
    0x08003a50   0x08003a50   0x0000000c   Code   RO          200    .text.USART3_IRQHandler  stm32f3xx_it.o
    0x08003a5c   0x08003a5c   0x00000002   Code   RO          184    .text.UsageFault_Handler  stm32f3xx_it.o
    0x08003a5e   0x08003a5e   0x00000002   PAD
    0x08003a60   0x08003a60   0x0000007e   Code   RO           61    .text.W25_Busy      w25q128.o
    0x08003ade   0x08003ade   0x00000002   PAD
    0x08003ae0   0x08003ae0   0x00000162   Code   RO           53    .text.W25_PageProgram  w25q128.o
    0x08003c42   0x08003c42   0x00000002   PAD
    0x08003c44   0x08003c44   0x00000076   Code   RO           51    .text.W25_ReadData  w25q128.o
    0x08003cba   0x08003cba   0x00000002   PAD
    0x08003cbc   0x08003cbc   0x00000066   Code   RO           41    .text.W25_ReadJedecID  w25q128.o
    0x08003d22   0x08003d22   0x00000002   PAD
    0x08003d24   0x08003d24   0x0000009e   Code   RO           57    .text.W25_SectorErase  w25q128.o
    0x08003dc2   0x08003dc2   0x00000002   PAD
    0x08003dc4   0x08003dc4   0x00000294   Code   RO          138    .text.main          main.o
    0x08004058   0x08004058   0x00000012   Code   RO         1653    .text.osDelay       cmsis_os.o
    0x0800406a   0x0800406a   0x00000002   PAD
    0x0800406c   0x0800406c   0x0000000a   Code   RO         1635    .text.osKernelStart  cmsis_os.o
    0x08004076   0x08004076   0x00000002   PAD
    0x08004078   0x08004078   0x0000005c   Code   RO         1641    .text.osThreadCreate  cmsis_os.o
    0x080040d4   0x080040d4   0x000000fc   Code   RO         1537    .text.prvAddNewTaskToReadyList  tasks.o
    0x080041d0   0x080041d0   0x00000086   Code   RO         1567    .text.prvIdleTask   tasks.o
    0x08004256   0x08004256   0x00000002   PAD
    0x08004258   0x08004258   0x0000010a   Code   RO         1535    .text.prvInitialiseNewTask  tasks.o
    0x08004362   0x08004362   0x00000002   PAD
    0x08004364   0x08004364   0x00000028   Code   RO         1781    .text.prvPortStartFirstTask  port.o
    0x0800438c   0x0800438c   0x0000003e   Code   RO         1771    .text.prvTaskExitError  port.o
    0x080043ca   0x080043ca   0x00000002   PAD
    0x080043cc   0x080043cc   0x000001ee   Code   RO         1749    .text.pvPortMalloc  heap_4.o
    0x080045ba   0x080045ba   0x00000002   PAD
    0x080045bc   0x080045bc   0x00000024   Code   RO         1769    .text.pxPortInitialiseStack  port.o
    0x080045e0   0x080045e0   0x00000024   Code   RO         1428    .text.uxListRemove  list.o
    0x08004604   0x08004604   0x0000001a   Code   RO          165    .text.vApplicationGetIdleTaskMemory  freertos.o
    0x0800461e   0x0800461e   0x00000002   PAD
    0x08004620   0x08004620   0x00000016   Code   RO         1420    .text.vListInitialise  list.o
    0x08004636   0x08004636   0x00000002   PAD
    0x08004638   0x08004638   0x00000006   Code   RO         1422    .text.vListInitialiseItem  list.o
    0x0800463e   0x0800463e   0x00000002   PAD
    0x08004640   0x08004640   0x00000066   Code   RO         1426    .text.vListInsert   list.o
    0x080046a6   0x080046a6   0x00000002   PAD
    0x080046a8   0x080046a8   0x0000001c   Code   RO         1424    .text.vListInsertEnd  list.o
    0x080046c4   0x080046c4   0x00000014   Code   RO         1779    .text.vPortEnableVFP  port.o
    0x080046d8   0x080046d8   0x00000046   Code   RO         1785    .text.vPortEnterCritical  port.o
    0x0800471e   0x0800471e   0x00000002   PAD
    0x08004720   0x08004720   0x0000002e   Code   RO         1787    .text.vPortExitCritical  port.o
    0x0800474e   0x0800474e   0x00000002   PAD
    0x08004750   0x08004750   0x000000d0   Code   RO         1751    .text.vPortFree     heap_4.o
    0x08004820   0x08004820   0x00000034   Code   RO         1777    .text.vPortSetupTimerInterrupt  port.o
    0x08004854   0x08004854   0x00000098   Code   RO         1543    .text.vTaskDelay    tasks.o
    0x080048ec   0x080048ec   0x000000c8   Code   RO         1565    .text.vTaskStartScheduler  tasks.o
    0x080049b4   0x080049b4   0x00000010   Code   RO         1545    .text.vTaskSuspendAll  tasks.o
    0x080049c4   0x080049c4   0x0000006e   Code   RO         1559    .text.vTaskSwitchContext  tasks.o
    0x08004a32   0x08004a32   0x00000002   PAD
    0x08004a34   0x08004a34   0x000001ba   Code   RO         1775    .text.xPortStartScheduler  port.o
    0x08004bee   0x08004bee   0x00000002   PAD
    0x08004bf0   0x08004bf0   0x00000060   Code   RO         1539    .text.xTaskCreate   tasks.o
    0x08004c50   0x08004c50   0x00000072   Code   RO         1533    .text.xTaskCreateStatic  tasks.o
    0x08004cc2   0x08004cc2   0x00000002   PAD
    0x08004cc4   0x08004cc4   0x0000010c   Code   RO         1571    .text.xTaskIncrementTick  tasks.o
    0x08004dd0   0x08004dd0   0x000000ea   Code   RO         1549    .text.xTaskResumeAll  tasks.o
    0x08004eba   0x08004eba   0x0000000e   Code   RO         1845    i._is_digit         c_w.l(__printf_wp.o)
    0x08004ec8   0x08004ec8   0x0000001a   Code   RO         1969    x$fpl$fpinit        fz_wm.l(fpinit.o)
    0x08004ee2   0x08004ee2   0x00000028   Data   RO         1818    .constdata          c_w.l(_printf_hex_int.o)
    0x08004f0a   0x08004f0a   0x00000011   Data   RO         1848    .constdata          c_w.l(__printf_flags_wp.o)
    0x08004f1b   0x08004f1b   0x00000001   PAD
    0x08004f1c   0x08004f1c   0x00000014   Data   RO           88    .rodata..L__unnamed_1  flash_task.o
    0x08004f30   0x08004f30   0x00000014   Data   RO           89    .rodata..L__unnamed_2  flash_task.o
    0x08004f44   0x08004f44   0x00000010   Data   RO         1381    .rodata.AHBPrescTable  system_stm32f3xx.o
    0x08004f54   0x08004f54   0x00000008   Data   RO         1382    .rodata.APBPrescTable  system_stm32f3xx.o
    0x08004f5c   0x08004f5c   0x00000020   Data   RO          330    .rodata.cst16       stm32f3xx_hal_rcc.o
    0x08004f7c   0x08004f7c   0x00000010   Data   RO         1339    .rodata.cst16       stm32f3xx_hal_uart.o
    0x08004f8c   0x08004f8c   0x00000006   Data   RO           15    .rodata.str1.1      blynk_task.o
    0x08004f92   0x08004f92   0x0000000c   Data   RO           85    .rodata.str1.1      flash_task.o
    0x08004f9e   0x08004f9e   0x0000000c   Data   RO          148    .rodata.str1.1      main.o
    0x08004faa   0x08004faa   0x00000002   PAD
    0x08004fac   0x08004fac   0x00000020   Data   RO         2044    Region$$Table       anon$$obj.o


    Execution Region RW_IRAM2 (Exec base: 0x10000000, Load base: 0x08004fe0, Size: 0x00000000, Max: 0x00002000, ABSOLUTE)

    **** No section assigned to this execution region ****


    Execution Region RW_IRAM1 (Exec base: 0x20000000, Load base: 0x08004fd0, Size: 0x000020e8, Max: 0x0000a000, ABSOLUTE)

    Exec Addr    Load Addr    Size         Type   Attr      Idx    E Section Name        Object

    0x20000000   0x08004fd0   0x00000008   Data   RW          293    .data..L_MergedGlobals  stm32f3xx_hal.o
    0x20000008   0x08004fd8   0x00000004   Data   RW         1380    .data.SystemCoreClock  system_stm32f3xx.o
    0x2000000c   0x08004fdc   0x00000004   Data   RW         1795    .data.uxCriticalNesting  port.o
    0x20000010        -       0x00000060   Zero   RW         1909    .bss                c_w.l(libspace.o)
    0x20000070        -       0x00000068   Zero   RW          156    .bss..L_MergedGlobals  main.o
    0x200000d8        -       0x00000074   Zero   RW         1624    .bss..L_MergedGlobals  tasks.o
    0x2000014c        -       0x00000018   Zero   RW         1760    .bss..L_MergedGlobals  heap_4.o
    0x20000164        -       0x00000008   Zero   RW         1796    .bss..L_MergedGlobals  port.o
    0x2000016c        -       0x00000028   Zero   RW         1625    .bss..L_MergedGlobals.2  tasks.o
    0x20000194        -       0x00000044   Zero   RW          153    .bss.hdma_usart1_rx  main.o
    0x200001d8        -       0x00000044   Zero   RW          154    .bss.hdma_usart3_rx  main.o
    0x2000021c        -       0x0000004c   Zero   RW          233    .bss.htim1          stm32f3xx_hal_timebase_tim.o
    0x20000268        -       0x00000088   Zero   RW          150    .bss.huart1         main.o
    0x200002f0        -       0x00000088   Zero   RW          151    .bss.huart2         main.o
    0x20000378        -       0x00000088   Zero   RW          152    .bss.huart3         main.o
    0x20000400        -       0x0000008c   Zero   RW         1623    .bss.pxReadyTasksLists  tasks.o
    0x2000048c        -       0x00001400   Zero   RW         1759    .bss.ucHeap         heap_4.o
    0x2000188c        -       0x00000004   Zero   RW          292    .bss.uwTick         stm32f3xx_hal.o
    0x20001890        -       0x00000200   Zero   RW          168    .bss.xIdleStack     freertos.o
    0x20001a90        -       0x00000054   Zero   RW          167    .bss.xIdleTaskTCBBuffer  freertos.o
    0x20001ae4   0x08004fe0   0x00000004   PAD
    0x20001ae8        -       0x00000200   Zero   RW            2    HEAP                startup_stm32f303xc.o
    0x20001ce8        -       0x00000400   Zero   RW            1    STACK               startup_stm32f303xc.o


==============================================================================

Image component sizes


      Code (inc. data)   RO Data    RW Data    ZI Data      Debug   Object Name

        96         28          6          0          0       2920   blynk_task.o
       120          0          0          0          0      25577   cmsis_os.o
       764        104         52          0          0       5976   flash_task.o
        26          0          0          0        596       1604   freertos.o
       702          0          0          0       5144       4579   heap_4.o
       194          0          0          0          0       2300   list.o
       750         28         12          0        648      14483   main.o
       942         16          0          4          8       4587   port.o
        64         26        392          0       1536        832   startup_stm32f303xc.o
        76          0          0          8          4       6329   stm32f3xx_hal.o
       152          0          0          0          0      10359   stm32f3xx_hal_cortex.o
       468          0          0          0          0       7772   stm32f3xx_hal_dma.o
       442          0          0          0          0       4572   stm32f3xx_hal_gpio.o
       652          0          0          0          0       8754   stm32f3xx_hal_msp.o
      1582          0         32          0          0       7508   stm32f3xx_hal_rcc.o
       522          0          0          0          0       6695   stm32f3xx_hal_rcc_ex.o
      3104          0          0          0          0      26646   stm32f3xx_hal_spi.o
       908          0          0          0          0      60760   stm32f3xx_hal_tim.o
         6          0          0          0          0      21296   stm32f3xx_hal_tim_ex.o
       176          0          0          0         76       6409   stm32f3xx_hal_timebase_tim.o
      3892         38         16          0          0      35797   stm32f3xx_hal_uart.o
         2          0          0          0          0       8402   stm32f3xx_hal_uart_ex.o
        96          0          0          0          0       7275   stm32f3xx_it.o
        18          0         24          4          0       2187   system_stm32f3xx.o
      1842          8          0          0        296      27134   tasks.o
       858          0          0          0          0       6336   w25q128.o

    ----------------------------------------------------------------------
     18586        248        568         16       8312     317089   Object Totals
         0          0         32          0          0          0   (incl. Generated)
       132          0          2          0          4          0   (incl. Padding)

    ----------------------------------------------------------------------

      Code (inc. data)   RO Data    RW Data    ZI Data      Debug   Library Member Name

        44          6          0          0          0         84   __2sprintf.o
         8          0          0          0          0         68   __main.o
       312          4         17          0          0         92   __printf_flags_wp.o
        14          0          0          0          0         68   __printf_wp.o
         0          0          0          0          0          0   __rtentry.o
        12          0          0          0          0          0   __rtentry2.o
         6          0          0          0          0          0   __rtentry4.o
        94          8          0          0          0          0   __scatter.o
        26          0          0          0          0          0   __scatter_copy.o
        28          0          0          0          0          0   __scatter_zi.o
        48          6          0          0          0         96   _printf_char_common.o
        88          4         40          0          0         88   _printf_hex_int.o
       178          0          0          0          0         88   _printf_intcommon.o
        78          0          0          0          0        108   _printf_pad.o
         0          0          0          0          0          0   _printf_percent.o
         4          0          0          0          0          0   _printf_percent_end.o
         6          0          0          0          0          0   _printf_x.o
        10          0          0          0          0         68   _sputc.o
        18          0          0          0          0         80   exit.o
         6          0          0          0          0        152   heapauxi.o
         0          0          0          0          0          0   indicate_semi.o
         2          0          0          0          0          0   libinit.o
         6          0          0          0          0          0   libinit2.o
         2          0          0          0          0          0   libshutdown.o
         2          0          0          0          0          0   libshutdown2.o
         8          4          0          0         96         68   libspace.o
        78          0          0          0          0         80   rt_memclr_w.o
         2          0          0          0          0          0   rtexit.o
        10          0          0          0          0          0   rtexit2.o
        12          4          0          0          0         68   sys_exit.o
        74          0          0          0          0         80   sys_stackheap_outer.o
         2          0          0          0          0         68   use_no_semi.o
        26          0          0          0          0        116   fpinit.o

    ----------------------------------------------------------------------
      1216         36         58          0         96       1472   Library Totals
        12          0          1          0          0          0   (incl. Padding)

    ----------------------------------------------------------------------

      Code (inc. data)   RO Data    RW Data    ZI Data      Debug   Library Name

      1178         36         57          0         96       1356   c_w.l
        26          0          0          0          0        116   fz_wm.l

    ----------------------------------------------------------------------
      1216         36         58          0         96       1472   Library Totals

    ----------------------------------------------------------------------

==============================================================================


      Code (inc. data)   RO Data    RW Data    ZI Data      Debug   

     19802        284        626         16       8408     317525   Grand Totals
     19802        284        626         16       8408     317525   ELF Image Totals
     19802        284        626         16          0          0   ROM Totals

==============================================================================

    Total RO  Size (Code + RO Data)                20428 (  19.95kB)
    Total RW  Size (RW Data + ZI Data)              8424 (   8.23kB)
    Total ROM Size (Code + RO Data + RW Data)      20444 (  19.96kB)

==============================================================================

