<html>
<body>
<pre>
<h1>µVision Build Log</h1>
<h2>Tool Versions:</h2>
IDE-Version: µVision V5.39.0.0
Copyright (C) 2023 ARM Ltd and ARM Germany GmbH. All rights reserved.
License Information: BB Quyen
UET
User-based license: Keil MDK Community (non-commercial free of charge)
Valid until: Jun 1 2033. Cached until: Apr 25 2025
 
Tool Versions:
Toolchain:       Keil MDK Community (non-commercial free of charge  Version: 5.39.0.0
Toolchain Path:  C:\Keil_v5\ARM\ARMCLANG\Bin
C Compiler:      ArmClang.exe V6.21
Assembler:       Armasm.exe V6.21
Linker/Locator:  ArmLink.exe V6.21
Library Manager: ArmAr.exe V6.21
Hex Converter:   FromElf.exe V6.21
CPU DLL:         SARMCM3.DLL V5.39.0.0
Dialog DLL:      DCM.DLL V1.17.5.0
Target DLL:      STLink\ST-LINKIII-KEIL_SWO.dll V3.2.0.0
Dialog DLL:      TCM.DLL V1.56.4.0
 
<h2>Project:</h2>
D:\Projects\STM32\STM32F303RCT6\MDK-ARM\STM32F303RCT6.uvprojx
Project File Date:  04/14/2025

<h2>Output:</h2>
*** Using Compiler 'V6.21', folder: 'C:\Keil_v5\ARM\ARMCLANG\Bin'
Rebuild target 'STM32F303RCT6'
assembling startup_stm32f303xc.s...
compiling Blynk_Task.c...
compiling GPS_GNSS.c...
compiling Flash_Task.c...
compiling ModuleEC600.c...
compiling W25Q128.c...
compiling UART_Task.c...
compiling main.c...
compiling freertos.c...
compiling stm32f3xx_it.c...
compiling stm32f3xx_hal_msp.c...
compiling stm32f3xx_hal_timebase_tim.c...
compiling stm32f3xx_hal.c...
compiling stm32f3xx_hal_rcc.c...
compiling stm32f3xx_hal_gpio.c...
compiling stm32f3xx_hal_rcc_ex.c...
compiling stm32f3xx_hal_pwr.c...
compiling stm32f3xx_hal_pwr_ex.c...
compiling stm32f3xx_hal_cortex.c...
compiling stm32f3xx_hal_dma.c...
compiling stm32f3xx_hal_flash.c...
compiling stm32f3xx_hal_flash_ex.c...
compiling stm32f3xx_hal_i2c_ex.c...
compiling stm32f3xx_hal_spi_ex.c...
compiling stm32f3xx_hal_exti.c...
compiling system_stm32f3xx.c...
compiling stm32f3xx_hal_uart_ex.c...
compiling croutine.c...
compiling stm32f3xx_hal_tim_ex.c...
compiling stm32f3xx_hal_spi.c...
compiling event_groups.c...
compiling list.c...
compiling timers.c...
compiling stm32f3xx_hal_uart.c...
compiling stream_buffer.c...
compiling queue.c...
compiling stm32f3xx_hal_i2c.c...
compiling heap_4.c...
compiling stm32f3xx_hal_tim.c...
compiling tasks.c...
compiling port.c...
compiling cmsis_os.c...
linking...
Program Size: Code=19802 RO-data=626 RW-data=16 ZI-data=8408  
FromELF: creating hex file...
"STM32F303RCT6\STM32F303RCT6.axf" - 0 Error(s), 0 Warning(s).

<h2>Software Packages used:</h2>

Package Vendor: ARM
                https://www.keil.com/pack/ARM.CMSIS.6.1.0.pack
                ARM::CMSIS@6.1.0
                CMSIS (Common Microcontroller Software Interface Standard)
   * Component: CORE Version: 6.1.0

Package Vendor: Keil
                https://www.keil.com/pack/Keil.STM32F3xx_DFP.3.0.0.pack
                Keil::STM32F3xx_DFP@3.0.0
                STMicroelectronics STM32F3 Series Device Support

<h2>Collection of Component include folders:</h2>
  ./RTE/_STM32F303RCT6
  C:/Users/admin/AppData/Local/Arm/Packs/ARM/CMSIS/6.1.0/CMSIS/Core/Include

<h2>Collection of Component Files used:</h2>

   * Component: ARM::CMSIS:CORE@6.1.0
      Include file:  CMSIS/Core/Include/tz_context.h
Build Time Elapsed:  00:00:02
</pre>
</body>
</html>
